Component: ARM Compiler 5.06 update 6 (build 750) Tool: armlink [4d35ed]

==============================================================================

Section Cross References

    startup_stm32f103xb.o(STACK) refers (Special) to heapauxi.o(.text) for __use_two_region_memory
    startup_stm32f103xb.o(HEAP) refers (Special) to heapauxi.o(.text) for __use_two_region_memory
    startup_stm32f103xb.o(RESET) refers (Special) to heapauxi.o(.text) for __use_two_region_memory
    startup_stm32f103xb.o(RESET) refers to startup_stm32f103xb.o(STACK) for __initial_sp
    startup_stm32f103xb.o(RESET) refers to startup_stm32f103xb.o(.text) for Reset_Handler
    startup_stm32f103xb.o(RESET) refers to stm32f1xx_it.o(i.NMI_Handler) for NMI_Handler
    startup_stm32f103xb.o(RESET) refers to stm32f1xx_it.o(i.HardFault_Handler) for HardFault_Handler
    startup_stm32f103xb.o(RESET) refers to stm32f1xx_it.o(i.MemManage_Handler) for MemManage_Handler
    startup_stm32f103xb.o(RESET) refers to stm32f1xx_it.o(i.BusFault_Handler) for BusFault_Handler
    startup_stm32f103xb.o(RESET) refers to stm32f1xx_it.o(i.UsageFault_Handler) for UsageFault_Handler
    startup_stm32f103xb.o(RESET) refers to stm32f1xx_it.o(i.SVC_Handler) for SVC_Handler
    startup_stm32f103xb.o(RESET) refers to stm32f1xx_it.o(i.DebugMon_Handler) for DebugMon_Handler
    startup_stm32f103xb.o(RESET) refers to stm32f1xx_it.o(i.PendSV_Handler) for PendSV_Handler
    startup_stm32f103xb.o(RESET) refers to stm32f1xx_it.o(i.SysTick_Handler) for SysTick_Handler
    startup_stm32f103xb.o(RESET) refers to stm32f1xx_it.o(i.TIM3_IRQHandler) for TIM3_IRQHandler
    startup_stm32f103xb.o(.text) refers (Special) to heapauxi.o(.text) for __use_two_region_memory
    startup_stm32f103xb.o(.text) refers to system_stm32f1xx.o(i.SystemInit) for SystemInit
    startup_stm32f103xb.o(.text) refers to __main.o(!!!main) for __main
    startup_stm32f103xb.o(.text) refers to startup_stm32f103xb.o(HEAP) for Heap_Mem
    startup_stm32f103xb.o(.text) refers to startup_stm32f103xb.o(STACK) for Stack_Mem
    main.o(i.MX_GPIO_Init) refers to stm32f1xx_hal_gpio.o(i.HAL_GPIO_WritePin) for HAL_GPIO_WritePin
    main.o(i.MX_GPIO_Init) refers to stm32f1xx_hal_gpio.o(i.HAL_GPIO_Init) for HAL_GPIO_Init
    main.o(i.MX_TIM2_Init) refers to rt_memclr_w.o(.text) for __aeabi_memclr4
    main.o(i.MX_TIM2_Init) refers to stm32f1xx_hal_tim.o(i.HAL_TIM_Base_Init) for HAL_TIM_Base_Init
    main.o(i.MX_TIM2_Init) refers to stm32f1xx_hal_tim.o(i.HAL_TIM_ConfigClockSource) for HAL_TIM_ConfigClockSource
    main.o(i.MX_TIM2_Init) refers to stm32f1xx_hal_tim.o(i.HAL_TIM_PWM_Init) for HAL_TIM_PWM_Init
    main.o(i.MX_TIM2_Init) refers to stm32f1xx_hal_tim_ex.o(i.HAL_TIMEx_MasterConfigSynchronization) for HAL_TIMEx_MasterConfigSynchronization
    main.o(i.MX_TIM2_Init) refers to stm32f1xx_hal_tim.o(i.HAL_TIM_PWM_ConfigChannel) for HAL_TIM_PWM_ConfigChannel
    main.o(i.MX_TIM2_Init) refers to stm32f1xx_hal_msp.o(i.HAL_TIM_MspPostInit) for HAL_TIM_MspPostInit
    main.o(i.MX_TIM2_Init) refers to main.o(.bss) for .bss
    main.o(i.MX_TIM3_Init) refers to stm32f1xx_hal_tim.o(i.HAL_TIM_Base_Init) for HAL_TIM_Base_Init
    main.o(i.MX_TIM3_Init) refers to stm32f1xx_hal_tim.o(i.HAL_TIM_ConfigClockSource) for HAL_TIM_ConfigClockSource
    main.o(i.MX_TIM3_Init) refers to stm32f1xx_hal_tim_ex.o(i.HAL_TIMEx_MasterConfigSynchronization) for HAL_TIMEx_MasterConfigSynchronization
    main.o(i.MX_TIM3_Init) refers to main.o(.bss) for .bss
    main.o(i.SystemClock_Config) refers to rt_memclr_w.o(.text) for __aeabi_memclr4
    main.o(i.SystemClock_Config) refers to stm32f1xx_hal_rcc.o(i.HAL_RCC_OscConfig) for HAL_RCC_OscConfig
    main.o(i.SystemClock_Config) refers to stm32f1xx_hal_rcc.o(i.HAL_RCC_ClockConfig) for HAL_RCC_ClockConfig
    main.o(i.dataGetAndFilter) refers to main.o(i.getMPU6050Data) for getMPU6050Data
    main.o(i.dataGetAndFilter) refers to faddsub_clz.o(x$fpl$fsub) for __aeabi_fsub
    main.o(i.dataGetAndFilter) refers to main.o(.data) for .data
    main.o(i.dataGetAndFilter) refers to main.o(.bss) for .bss
    main.o(i.dataGetERROR) refers to main.o(i.getMPU6050Data) for getMPU6050Data
    main.o(i.dataGetERROR) refers to faddsub_clz.o(x$fpl$fadd) for __aeabi_fadd
    main.o(i.dataGetERROR) refers to f2d.o(x$fpl$f2d) for __aeabi_f2d
    main.o(i.dataGetERROR) refers to daddsub_clz.o(x$fpl$dsub) for __aeabi_dsub
    main.o(i.dataGetERROR) refers to daddsub_clz.o(x$fpl$dadd) for __aeabi_dadd
    main.o(i.dataGetERROR) refers to d2f.o(x$fpl$d2f) for __aeabi_d2f
    main.o(i.dataGetERROR) refers to delay.o(i.Delay_ms) for Delay_ms
    main.o(i.dataGetERROR) refers to fdiv.o(x$fpl$fdiv) for __aeabi_fdiv
    main.o(i.dataGetERROR) refers to main.o(.bss) for .bss
    main.o(i.dataGetERROR) refers to main.o(.data) for .data
    main.o(i.getMPU6050Data) refers to mpu6050.o(i.MPU6050_GetData) for MPU6050_GetData
    main.o(i.getMPU6050Data) refers to fflt_clz.o(x$fpl$fflt) for __aeabi_i2f
[...]
    i.HAL_NVIC_SetPriority                   0x080005e0   Section        0  stm32f1xx_hal_cortex.o(i.HAL_NVIC_SetPriority)
    i.HAL_NVIC_SetPriorityGrouping           0x08000620   Section        0  stm32f1xx_hal_cortex.o(i.HAL_NVIC_SetPriorityGrouping)
    i.HAL_RCC_ClockConfig                    0x08000644   Section        0  stm32f1xx_hal_rcc.o(i.HAL_RCC_ClockConfig)
    i.HAL_RCC_GetSysClockFreq                0x08000770   Section        0  stm32f1xx_hal_rcc.o(i.HAL_RCC_GetSysClockFreq)
    i.HAL_RCC_OscConfig                      0x080007bc   Section        0  stm32f1xx_hal_rcc.o(i.HAL_RCC_OscConfig)
    i.HAL_SYSTICK_Config                     0x08000adc   Section        0  stm32f1xx_hal_cortex.o(i.HAL_SYSTICK_Config)
    i.HAL_TIMEx_BreakCallback                0x08000b04   Section        0  stm32f1xx_hal_tim_ex.o(i.HAL_TIMEx_BreakCallback)
    i.HAL_TIMEx_CommutCallback               0x08000b06   Section        0  stm32f1xx_hal_tim_ex.o(i.HAL_TIMEx_CommutCallback)
    i.HAL_TIMEx_MasterConfigSynchronization  0x08000b08   Section        0  stm32f1xx_hal_tim_ex.o(i.HAL_TIMEx_MasterConfigSynchronization)
    i.HAL_TIM_Base_Init                      0x08000b70   Section        0  stm32f1xx_hal_tim.o(i.HAL_TIM_Base_Init)
    i.HAL_TIM_Base_MspInit                   0x08000bcc   Section        0  stm32f1xx_hal_msp.o(i.HAL_TIM_Base_MspInit)
    i.HAL_TIM_Base_Start                     0x08000c1c   Section        0  stm32f1xx_hal_tim.o(i.HAL_TIM_Base_Start)
    i.HAL_TIM_Base_Start_IT                  0x08000c6c   Section        0  stm32f1xx_hal_tim.o(i.HAL_TIM_Base_Start_IT)
    i.HAL_TIM_ConfigClockSource              0x08000cc4   Section        0  stm32f1xx_hal_tim.o(i.HAL_TIM_ConfigClockSource)
    i.HAL_TIM_IC_CaptureCallback             0x08000da0   Section        0  stm32f1xx_hal_tim.o(i.HAL_TIM_IC_CaptureCallback)
    i.HAL_TIM_IRQHandler                     0x08000da2   Section        0  stm32f1xx_hal_tim.o(i.HAL_TIM_IRQHandler)
    i.HAL_TIM_MspPostInit                    0x08000ed4   Section        0  stm32f1xx_hal_msp.o(i.HAL_TIM_MspPostInit)
    i.HAL_TIM_OC_DelayElapsedCallback        0x08000f1c   Section        0  stm32f1xx_hal_tim.o(i.HAL_TIM_OC_DelayElapsedCallback)
    i.HAL_TIM_PWM_ConfigChannel              0x08000f1e   Section        0  stm32f1xx_hal_tim.o(i.HAL_TIM_PWM_ConfigChannel)
    i.HAL_TIM_PWM_Init                       0x08000fea   Section        0  stm32f1xx_hal_tim.o(i.HAL_TIM_PWM_Init)
    i.HAL_TIM_PWM_MspInit                    0x08001044   Section        0  stm32f1xx_hal_tim.o(i.HAL_TIM_PWM_MspInit)
    i.HAL_TIM_PWM_PulseFinishedCallback      0x08001046   Section        0  stm32f1xx_hal_tim.o(i.HAL_TIM_PWM_PulseFinishedCallback)
    i.HAL_TIM_PWM_Start                      0x08001048   Section        0  stm32f1xx_hal_tim.o(i.HAL_TIM_PWM_Start)
    i.HAL_TIM_PeriodElapsedCallback          0x080010e4   Section        0  my_interrupt.o(i.HAL_TIM_PeriodElapsedCallback)
    i.HAL_TIM_TriggerCallback                0x080011e4   Section        0  stm32f1xx_hal_tim.o(i.HAL_TIM_TriggerCallback)
    i.HardFault_Handler                      0x080011e6   Section        0  stm32f1xx_it.o(i.HardFault_Handler)
    i.MPU6050_GetData                        0x080011e8   Section        0  mpu6050.o(i.MPU6050_GetData)
    i.MPU6050_Init                           0x0800127a   Section        0  mpu6050.o(i.MPU6050_Init)
    i.MPU6050_ReadReg                        0x080012ba   Section        0  mpu6050.o(i.MPU6050_ReadReg)
    i.MPU6050_WriteReg                       0x080012f8   Section        0  mpu6050.o(i.MPU6050_WriteReg)
    i.MX_GPIO_Init                           0x08001328   Section        0  main.o(i.MX_GPIO_Init)
    MX_GPIO_Init                             0x08001329   Thumb Code   138  main.o(i.MX_GPIO_Init)
    i.MX_TIM2_Init                           0x080013c0   Section        0  main.o(i.MX_TIM2_Init)
    MX_TIM2_Init                             0x080013c1   Thumb Code   196  main.o(i.MX_TIM2_Init)
    i.MX_TIM3_Init                           0x08001488   Section        0  main.o(i.MX_TIM3_Init)
    MX_TIM3_Init                             0x08001489   Thumb Code    96  main.o(i.MX_TIM3_Init)
    i.MemManage_Handler                      0x080014f0   Section        0  stm32f1xx_it.o(i.MemManage_Handler)
    i.MyI2C_GPIO_Init                        0x080014f4   Section        0  myi2c.o(i.MyI2C_GPIO_Init)
    i.MyI2C_R_SDA                            0x08001530   Section        0  myi2c.o(i.MyI2C_R_SDA)
    i.MyI2C_ReceiveAck                       0x0800153c   Section        0  myi2c.o(i.MyI2C_ReceiveAck)
    i.MyI2C_ReceiveByte                      0x0800155a   Section        0  myi2c.o(i.MyI2C_ReceiveByte)
    i.MyI2C_SendAck                          0x0800158e   Section        0  myi2c.o(i.MyI2C_SendAck)
    i.MyI2C_SendByte                         0x080015a4   Section        0  myi2c.o(i.MyI2C_SendByte)
    i.MyI2C_Start                            0x080015cc   Section        0  myi2c.o(i.MyI2C_Start)
    i.MyI2C_Stop                             0x080015ea   Section        0  myi2c.o(i.MyI2C_Stop)
    i.MyI2C_W_SCL                            0x08001604   Section        0  myi2c.o(i.MyI2C_W_SCL)
    i.MyI2C_W_SDA                            0x08001620   Section        0  myi2c.o(i.MyI2C_W_SDA)
    i.NMI_Handler                            0x0800163c   Section        0  stm32f1xx_it.o(i.NMI_Handler)
    i.NRF24L01_FlushRx                       0x0800163e   Section        0  nrf24l01.o(i.NRF24L01_FlushRx)
    i.NRF24L01_FlushTx                       0x08001656   Section        0  nrf24l01.o(i.NRF24L01_FlushTx)
    i.NRF24L01_GPIO_Init                     0x08001670   Section        0  nrf24l01.o(i.NRF24L01_GPIO_Init)
    i.NRF24L01_Init                          0x080016d4   Section        0  nrf24l01.o(i.NRF24L01_Init)
    i.NRF24L01_R_MISO                        0x08001740   Section        0  nrf24l01.o(i.NRF24L01_R_MISO)
    i.NRF24L01_ReadReg                       0x08001758   Section        0  nrf24l01.o(i.NRF24L01_ReadReg)
    i.NRF24L01_ReadRxPayload                 0x0800177a   Section        0  nrf24l01.o(i.NRF24L01_ReadRxPayload)
    i.NRF24L01_ReadStatus                    0x080017aa   Section        0  nrf24l01.o(i.NRF24L01_ReadStatus)
    i.NRF24L01_Receive                       0x080017c4   Section        0  nrf24l01.o(i.NRF24L01_Receive)
    i.NRF24L01_Rx                            0x08001810   Section        0  nrf24l01.o(i.NRF24L01_Rx)
    i.NRF24L01_SPI_SwapByte                  0x08001838   Section        0  nrf24l01.o(i.NRF24L01_SPI_SwapByte)
    i.NRF24L01_Send                          0x08001874   Section        0  nrf24l01.o(i.NRF24L01_Send)
    i.NRF24L01_Tx                            0x080018ec   Section        0  nrf24l01.o(i.NRF24L01_Tx)
    i.NRF24L01_W_CE                          0x08001918   Section        0  nrf24l01.o(i.NRF24L01_W_CE)
    i.NRF24L01_W_CSN                         0x0800192c   Section        0  nrf24l01.o(i.NRF24L01_W_CSN)
    i.NRF24L01_W_MOSI                        0x08001940   Section        0  nrf24l01.o(i.NRF24L01_W_MOSI)
    i.NRF24L01_W_SCK                         0x08001958   Section        0  nrf24l01.o(i.NRF24L01_W_SCK)
    i.NRF24L01_WriteReg                      0x08001970   Section        0  nrf24l01.o(i.NRF24L01_WriteReg)
    i.NRF24L01_WriteRegs                     0x08001994   Section        0  nrf24l01.o(i.NRF24L01_WriteRegs)
    i.NRF24L01_WriteTxPayload                0x080019c6   Section        0  nrf24l01.o(i.NRF24L01_WriteTxPayload)
    i.OLED_Clear                             0x080019f4   Section        0  oled.o(i.OLED_Clear)
    i.OLED_ClearArea                         0x08001a1c   Section        0  oled.o(i.OLED_ClearArea)
    i.OLED_GPIO_Init                         0x08001a78   Section        0  oled.o(i.OLED_GPIO_Init)
    i.OLED_I2C_SendByte                      0x08001a9e   Section        0  oled.o(i.OLED_I2C_SendByte)
    i.OLED_I2C_Start                         0x08001ad8   Section        0  oled.o(i.OLED_I2C_Start)
    i.OLED_I2C_Stop                          0x08001af6   Section        0  oled.o(i.OLED_I2C_Stop)
    i.OLED_Init                              0x08001b0e   Section        0  oled.o(i.OLED_Init)
    i.OLED_Pow                               0x08001baa   Section        0  oled.o(i.OLED_Pow)
    i.OLED_SetCursor                         0x08001bb8   Section        0  oled.o(i.OLED_SetCursor)
    i.OLED_ShowChar                          0x08001bdc   Section        0  oled.o(i.OLED_ShowChar)
    i.OLED_ShowFloatNum                      0x08001c18   Section        0  oled.o(i.OLED_ShowFloatNum)
    i.OLED_ShowImage                         0x08001cd8   Section        0  oled.o(i.OLED_ShowImage)
    i.OLED_ShowNum                           0x08001d94   Section        0  oled.o(i.OLED_ShowNum)
    i.OLED_Update                            0x08001ddc   Section        0  oled.o(i.OLED_Update)
    i.OLED_W_SCL                             0x08001e04   Section        0  oled.o(i.OLED_W_SCL)
    i.OLED_W_SDA                             0x08001e14   Section        0  oled.o(i.OLED_W_SDA)
    i.OLED_WriteCommand                      0x08001e24   Section        0  oled.o(i.OLED_WriteCommand)
    i.OLED_WriteData                         0x08001e46   Section        0  oled.o(i.OLED_WriteData)
    i.PackNRF24L01Packet                     0x08001e78   Section        0  my_interrupt.o(i.PackNRF24L01Packet)
    i.PendSV_Handler                         0x08001f30   Section        0  stm32f1xx_it.o(i.PendSV_Handler)
    i.SVC_Handler                            0x08001f32   Section        0  stm32f1xx_it.o(i.SVC_Handler)
    i.SysTick_Handler                        0x08001f34   Section        0  stm32f1xx_it.o(i.SysTick_Handler)
    i.SystemClock_Config                     0x08001f38   Section        0  main.o(i.SystemClock_Config)
    i.SystemInit                             0x08001f96   Section        0  system_stm32f1xx.o(i.SystemInit)
    i.TIM3_IRQHandler                        0x08001f98   Section        0  stm32f1xx_it.o(i.TIM3_IRQHandler)
    i.TIM_Base_SetConfig                     0x08001fa4   Section        0  stm32f1xx_hal_tim.o(i.TIM_Base_SetConfig)
    i.TIM_CCxChannelCmd                      0x0800201c   Section        0  stm32f1xx_hal_tim.o(i.TIM_CCxChannelCmd)
    i.TIM_ETR_SetConfig                      0x08002036   Section        0  stm32f1xx_hal_tim.o(i.TIM_ETR_SetConfig)
    i.TIM_ITRx_SetConfig                     0x0800204a   Section        0  stm32f1xx_hal_tim.o(i.TIM_ITRx_SetConfig)
    TIM_ITRx_SetConfig                       0x0800204b   Thumb Code    16  stm32f1xx_hal_tim.o(i.TIM_ITRx_SetConfig)
    i.TIM_OC1_SetConfig                      0x0800205c   Section        0  stm32f1xx_hal_tim.o(i.TIM_OC1_SetConfig)
    TIM_OC1_SetConfig                        0x0800205d   Thumb Code    74  stm32f1xx_hal_tim.o(i.TIM_OC1_SetConfig)
    i.TIM_OC2_SetConfig                      0x080020ac   Section        0  stm32f1xx_hal_tim.o(i.TIM_OC2_SetConfig)
    i.TIM_OC3_SetConfig                      0x08002104   Section        0  stm32f1xx_hal_tim.o(i.TIM_OC3_SetConfig)
    TIM_OC3_SetConfig                        0x08002105   Thumb Code    82  stm32f1xx_hal_tim.o(i.TIM_OC3_SetConfig)
    i.TIM_OC4_SetConfig                      0x0800215c   Section        0  stm32f1xx_hal_tim.o(i.TIM_OC4_SetConfig)
    TIM_OC4_SetConfig                        0x0800215d   Thumb Code    64  stm32f1xx_hal_tim.o(i.TIM_OC4_SetConfig)
    i.TIM_TI1_ConfigInputStage               0x080021a0   Section        0  stm32f1xx_hal_tim.o(i.TIM_TI1_ConfigInputStage)
    TIM_TI1_ConfigInputStage                 0x080021a1   Thumb Code    34  stm32f1xx_hal_tim.o(i.TIM_TI1_ConfigInputStage)
    i.TIM_TI2_ConfigInputStage               0x080021c2   Section        0  stm32f1xx_hal_tim.o(i.TIM_TI2_ConfigInputStage)
    TIM_TI2_ConfigInputStage                 0x080021c3   Thumb Code    36  stm32f1xx_hal_tim.o(i.TIM_TI2_ConfigInputStage)
    i.UnpackNRF24L01Packet                   0x080021e8   Section        0  my_interrupt.o(i.UnpackNRF24L01Packet)
    i.UsageFault_Handler                     0x08002294   Section        0  stm32f1xx_it.o(i.UsageFault_Handler)
    i.__ARM_fpclassifyf                      0x08002296   Section        0  fpclassifyf.o(i.__ARM_fpclassifyf)
    i.__NVIC_SetPriority                     0x080022bc   Section        0  stm32f1xx_hal_cortex.o(i.__NVIC_SetPriority)
    __NVIC_SetPriority                       0x080022bd   Thumb Code    32  stm32f1xx_hal_cortex.o(i.__NVIC_SetPriority)
    i.__mathlib_flt_infnan                   0x080022dc   Section        0  funder.o(i.__mathlib_flt_infnan)
    i.__mathlib_flt_infnan2                  0x080022e2   Section        0  funder.o(i.__mathlib_flt_infnan2)
    i.__mathlib_flt_invalid                  0x080022e6   Section        0  funder.o(i.__mathlib_flt_invalid)
    i.__mathlib_flt_underflow                0x080022ee   Section        0  funder.o(i.__mathlib_flt_underflow)
    i.asinf                                  0x080022f8   Section        0  asinf.o(i.asinf)
    i.atan2f                                 0x0800241c   Section        0  atan2f.o(i.atan2f)
    i.begin                                  0x08002678   Section        0  madgwickahrs.o(i.begin)
    i.computeAngles                          0x08002690   Section        0  madgwickahrs.o(i.computeAngles)
    i.dataGetAndFilter                       0x08002754   Section        0  main.o(i.dataGetAndFilter)
    i.dataGetERROR                           0x080027a4   Section        0  main.o(i.dataGetERROR)
    i.getMPU6050Data                         0x08002858   Section        0  main.o(i.getMPU6050Data)
    i.getPitch                               0x08002a48   Section        0  madgwickahrs.o(i.getPitch)
    i.getRoll                                0x08002a68   Section        0  madgwickahrs.o(i.getRoll)
    i.getYaw                                 0x08002a88   Section        0  madgwickahrs.o(i.getYaw)
    i.invSqrt                                0x08002aa8   Section        0  madgwickahrs.o(i.invSqrt)
    invSqrt                                  0x08002aa9   Thumb Code    82  madgwickahrs.o(i.invSqrt)
    i.main                                   0x08002b00   Section        0  main.o(i.main)
    i.round                                  0x08002c64   Section        0  round.o(i.round)
    i.sqrtf                                  0x08002cf8   Section        0  sqrtf.o(i.sqrtf)
    i.updateIMU                              0x08002d24   Section        0  madgwickahrs.o(i.updateIMU)
    x$fpl$d2f                                0x080031e0   Section       98  d2f.o(x$fpl$d2f)
    x$fpl$dadd                               0x08003244   Section      336  daddsub_clz.o(x$fpl$dadd)
    _dadd1                                   0x08003255   Thumb Code     0  daddsub_clz.o(x$fpl$dadd)
    x$fpl$dcmpinf                            0x08003394   Section       24  dcmpi.o(x$fpl$dcmpinf)
    x$fpl$dfixu                              0x080033ac   Section       90  dfixu.o(x$fpl$dfixu)
    x$fpl$dfltu                              0x08003406   Section       38  dflt_clz.o(x$fpl$dfltu)
    x$fpl$dleqf                              0x0800342c   Section      120  dleqf.o(x$fpl$dleqf)
    x$fpl$dmul                               0x080034a4   Section      340  dmul.o(x$fpl$dmul)
    x$fpl$dnaninf                            0x080035f8   Section      156  dnaninf.o(x$fpl$dnaninf)
    x$fpl$dretinf                            0x08003694   Section       12  dretinf.o(x$fpl$dretinf)
    x$fpl$drleqf                             0x080036a0   Section      108  drleqf.o(x$fpl$drleqf)
    x$fpl$drnd                               0x0800370c   Section      180  drnd.o(x$fpl$drnd)
    x$fpl$drsb                               0x080037c0   Section       22  daddsub_clz.o(x$fpl$drsb)
    x$fpl$dsub                               0x080037d8   Section      468  daddsub_clz.o(x$fpl$dsub)
    _dsub1                                   0x080037e9   Thumb Code     0  daddsub_clz.o(x$fpl$dsub)
    x$fpl$f2d                                0x080039ac   Section       86  f2d.o(x$fpl$f2d)
    x$fpl$fadd                               0x08003a04   Section      196  faddsub_clz.o(x$fpl$fadd)
    _fadd1                                   0x08003a13   Thumb Code     0  faddsub_clz.o(x$fpl$fadd)
    x$fpl$fcheck1                            0x08003ac8   Section       12  fcheck1.o(x$fpl$fcheck1)
    x$fpl$fdiv                               0x08003ad4   Section      388  fdiv.o(x$fpl$fdiv)
    _fdiv1                                   0x08003ad5   Thumb Code     0  fdiv.o(x$fpl$fdiv)
    x$fpl$ffix                               0x08003c58   Section       54  ffix.o(x$fpl$ffix)
    x$fpl$fflt                               0x08003c90   Section       48  fflt_clz.o(x$fpl$fflt)
    x$fpl$ffltu                              0x08003cc0   Section       38  fflt_clz.o(x$fpl$ffltu)
    x$fpl$fmul                               0x08003ce8   Section      258  fmul.o(x$fpl$fmul)
    x$fpl$fnaninf                            0x08003dea   Section      140  fnaninf.o(x$fpl$fnaninf)
    x$fpl$fretinf                            0x08003e76   Section       10  fretinf.o(x$fpl$fretinf)
    x$fpl$frsb                               0x08003e80   Section       20  faddsub_clz.o(x$fpl$frsb)
    x$fpl$fsqrt                              0x08003e94   Section      272  fsqrt.o(x$fpl$fsqrt)
    x$fpl$fsub                               0x08003fa4   Section      234  faddsub_clz.o(x$fpl$fsub)
    _fsub1                                   0x08003fb3   Thumb Code     0  faddsub_clz.o(x$fpl$fsub)
    x$fpl$retnan                             0x0800408e   Section      100  retnan.o(x$fpl$retnan)
    x$fpl$scalbnf                            0x080040f2   Section       76  scalbnf.o(x$fpl$scalbnf)
    x$fpl$trapveneer                         0x0800413e   Section       48  trapv.o(x$fpl$trapveneer)
    .constdata                               0x0800416e   Section       18  stm32f1xx_hal_rcc.o(.constdata)
    x$fpl$usenofp                            0x0800416e   Section        0  usenofp.o(x$fpl$usenofp)
    aPredivFactorTable                       0x0800416e   Data           2  stm32f1xx_hal_rcc.o(.constdata)
    aPLLMULFactorTable                       0x08004170   Data          16  stm32f1xx_hal_rcc.o(.constdata)
    .constdata                               0x08004180   Section       16  system_stm32f1xx.o(.constdata)
    .constdata                               0x08004190   Section     1520  oled_data.o(.constdata)
    .constdata                               0x08004780   Section      570  oled_data.o(.constdata)
    .data                                    0x20000000   Section       80  main.o(.data)
    .data                                    0x20000050   Section        1  main.o(.data)
    .data                                    0x20000054   Section       12  stm32f1xx_hal.o(.data)
    .data                                    0x20000060   Section        4  system_stm32f1xx.o(.data)
    .data                                    0x20000064   Section        4  my_interrupt.o(.data)
    .data                                    0x20000068   Section       26  nrf24l01.o(.data)
    .data                                    0x20000084   Section       40  madgwickahrs.o(.data)
    .bss                                     0x200000ac   Section      168  main.o(.bss)
    .bss                                     0x20000154   Section       56  my_interrupt.o(.bss)
    .bss                                     0x2000018c   Section     1024  oled.o(.bss)
    .bss                                     0x2000058c   Section       96  libspace.o(.bss)
    HEAP                                     0x200005f0   Section      512  startup_stm32f103xb.o(HEAP)
    Heap_Mem                                 0x200005f0   Data         512  startup_stm32f103xb.o(HEAP)
    STACK                                    0x200007f0   Section     1024  startup_stm32f103xb.o(STACK)
    Stack_Mem                                0x200007f0   Data        1024  startup_stm32f103xb.o(STACK)
    __initial_sp                             0x20000bf0   Data           0  startup_stm32f103xb.o(STACK)

    Global Symbols

    Symbol Name                              Value     Ov Type        Size  Object(Section)

    BuildAttributes$$THM_ISAv4$P$D$K$B$S$PE$A:L22UL41UL21$X:L11$S22US41US21$IEEE1$IW$USESV6$~STKCKD$USESV7$~SHL$OTIME$ROPI$IEEEX$EBA8$UX$STANDARDLIB$REQ8$PRES8$EABIv2 0x00000000   Number         0  anon$$obj.o ABSOLUTE
    __ARM_use_no_argv                        0x00000000   Number         0  main.o ABSOLUTE
    _printf_flags                            0x00000000   Number         0  printf_stubs.o ABSOLUTE
    _printf_return_value                     0x00000000   Number         0  printf_stubs.o ABSOLUTE
    _printf_sizespec                         0x00000000   Number         0  printf_stubs.o ABSOLUTE
    _printf_widthprec                        0x00000000   Number         0  printf_stubs.o ABSOLUTE
    __ARM_exceptions_init                     - Undefined Weak Reference
    __alloca_initialize                       - Undefined Weak Reference
    __arm_preinit_                            - Undefined Weak Reference
    __cpp_initialize__aeabi_                  - Undefined Weak Reference
    __cxa_finalize                            - Undefined Weak Reference
    __sigvec_lookup                           - Undefined Weak Reference
    _atexit_init                              - Undefined Weak Reference
    _call_atexit_fns                          - Undefined Weak Reference
    _clock_init                               - Undefined Weak Reference
    _fp_trap_init                             - Undefined Weak Reference
    _fp_trap_shutdown                         - Undefined Weak Reference
    _get_lc_collate                           - Undefined Weak Reference
    _get_lc_monetary                          - Undefined Weak Reference
    _get_lc_time                              - Undefined Weak Reference
    _getenv_init                              - Undefined Weak Reference
    _handle_redirection                       - Undefined Weak Reference
    _init_alloc                               - Undefined Weak Reference
    _init_user_alloc                          - Undefined Weak Reference
    _initio                                   - Undefined Weak Reference
    _printf_mbtowc                            - Undefined Weak Reference
    _printf_wc                                - Undefined Weak Reference
    _rand_init                                - Undefined Weak Reference
    _signal_finish                            - Undefined Weak Reference
    _signal_init                              - Undefined Weak Reference
    _terminate_alloc                          - Undefined Weak Reference
    _terminate_user_alloc                     - Undefined Weak Reference
    _terminateio                              - Undefined Weak Reference
    __Vectors_Size                           0x000000ec   Number         0  startup_stm32f103xb.o ABSOLUTE
    __Vectors                                0x08000000   Data           4  startup_stm32f103xb.o(RESET)
    __Vectors_End                            0x080000ec   Data           0  startup_stm32f103xb.o(RESET)
    __main                                   0x080000ed   Thumb Code     8  __main.o(!!!main)
    __scatterload                            0x080000f5   Thumb Code     0  __scatter.o(!!!scatter)
    __scatterload_rt2                        0x080000f5   Thumb Code    44  __scatter.o(!!!scatter)
    __scatterload_rt2_thumb_only             0x080000f5   Thumb Code     0  __scatter.o(!!!scatter)
    __scatterload_null                       0x08000103   Thumb Code     0  __scatter.o(!!!scatter)
    __scatterload_copy                       0x08000129   Thumb Code    26  __scatter_copy.o(!!handler_copy)
    __scatterload_zeroinit                   0x08000145   Thumb Code    28  __scatter_zi.o(!!handler_zi)
    __rt_lib_init                            0x08000161   Thumb Code     0  libinit.o(.ARM.Collect$$libinit$$00000000)
    __rt_lib_init_alloca_1                   0x08000163   Thumb Code     0  libinit2.o(.ARM.Collect$$libinit$$0000002E)
    __rt_lib_init_argv_1                     0x08000163   Thumb Code     0  libinit2.o(.ARM.Collect$$libinit$$0000002C)
    __rt_lib_init_atexit_1                   0x08000163   Thumb Code     0  libinit2.o(.ARM.Collect$$libinit$$0000001B)
    __rt_lib_init_clock_1                    0x08000163   Thumb Code     0  libinit2.o(.ARM.Collect$$libinit$$00000021)
    __rt_lib_init_cpp_1                      0x08000163   Thumb Code     0  libinit2.o(.ARM.Collect$$libinit$$00000032)
    __rt_lib_init_exceptions_1               0x08000163   Thumb Code     0  libinit2.o(.ARM.Collect$$libinit$$00000030)
    __rt_lib_init_fp_1                       0x08000163   Thumb Code     0  libinit2.o(.ARM.Collect$$libinit$$00000002)
    __rt_lib_init_fp_trap_1                  0x08000163   Thumb Code     0  libinit2.o(.ARM.Collect$$libinit$$0000001F)
    __rt_lib_init_getenv_1                   0x08000163   Thumb Code     0  libinit2.o(.ARM.Collect$$libinit$$00000023)
    __rt_lib_init_heap_1                     0x08000163   Thumb Code     0  libinit2.o(.ARM.Collect$$libinit$$0000000A)
    __rt_lib_init_lc_collate_1               0x08000163   Thumb Code     0  libinit2.o(.ARM.Collect$$libinit$$00000011)
    __rt_lib_init_lc_ctype_1                 0x08000163   Thumb Code     0  libinit2.o(.ARM.Collect$$libinit$$00000013)
    __rt_lib_init_lc_monetary_1              0x08000163   Thumb Code     0  libinit2.o(.ARM.Collect$$libinit$$00000015)
    __rt_lib_init_lc_numeric_1               0x08000163   Thumb Code     0  libinit2.o(.ARM.Collect$$libinit$$00000017)
    __rt_lib_init_lc_time_1                  0x08000163   Thumb Code     0  libinit2.o(.ARM.Collect$$libinit$$00000019)
    __rt_lib_init_preinit_1                  0x08000163   Thumb Code     0  libinit2.o(.ARM.Collect$$libinit$$00000004)
    __rt_lib_init_rand_1                     0x08000163   Thumb Code     0  libinit2.o(.ARM.Collect$$libinit$$0000000E)
    __rt_lib_init_return                     0x08000163   Thumb Code     0  libinit2.o(.ARM.Collect$$libinit$$00000033)
    __rt_lib_init_signal_1                   0x08000163   Thumb Code     0  libinit2.o(.ARM.Collect$$libinit$$0000001D)
    __rt_lib_init_stdio_1                    0x08000163   Thumb Code     0  libinit2.o(.ARM.Collect$$libinit$$00000025)
    __rt_lib_init_user_alloc_1               0x08000163   Thumb Code     0  libinit2.o(.ARM.Collect$$libinit$$0000000C)
    __rt_lib_shutdown                        0x08000165   Thumb Code     0  libshutdown.o(.ARM.Collect$$libshutdown$$00000000)
    __rt_lib_shutdown_cpp_1                  0x08000167   Thumb Code     0  libshutdown2.o(.ARM.Collect$$libshutdown$$00000002)
    __rt_lib_shutdown_fp_trap_1              0x08000167   Thumb Code     0  libshutdown2.o(.ARM.Collect$$libshutdown$$00000007)
    __rt_lib_shutdown_heap_1                 0x08000167   Thumb Code     0  libshutdown2.o(.ARM.Collect$$libshutdown$$0000000F)
    __rt_lib_shutdown_return                 0x08000167   Thumb Code     0  libshutdown2.o(.ARM.Collect$$libshutdown$$00000010)
    __rt_lib_shutdown_signal_1               0x08000167   Thumb Code     0  libshutdown2.o(.ARM.Collect$$libshutdown$$0000000A)
    __rt_lib_shutdown_stdio_1                0x08000167   Thumb Code     0  libshutdown2.o(.ARM.Collect$$libshutdown$$00000004)
    __rt_lib_shutdown_user_alloc_1           0x08000167   Thumb Code     0  libshutdown2.o(.ARM.Collect$$libshutdown$$0000000C)
    __rt_entry                               0x08000169   Thumb Code     0  __rtentry.o(.ARM.Collect$$rtentry$$00000000)
    __rt_entry_presh_1                       0x08000169   Thumb Code     0  __rtentry2.o(.ARM.Collect$$rtentry$$00000002)
    __rt_entry_sh                            0x08000169   Thumb Code     0  __rtentry4.o(.ARM.Collect$$rtentry$$00000004)
    __rt_entry_li                            0x0800016f   Thumb Code     0  __rtentry2.o(.ARM.Collect$$rtentry$$0000000A)
    __rt_entry_postsh_1                      0x0800016f   Thumb Code     0  __rtentry2.o(.ARM.Collect$$rtentry$$00000009)
    __rt_entry_main                          0x08000173   Thumb Code     0  __rtentry2.o(.ARM.Collect$$rtentry$$0000000D)
    __rt_entry_postli_1                      0x08000173   Thumb Code     0  __rtentry2.o(.ARM.Collect$$rtentry$$0000000C)
    __rt_exit                                0x0800017b   Thumb Code     0  rtexit.o(.ARM.Collect$$rtexit$$00000000)
    __rt_exit_ls                             0x0800017d   Thumb Code     0  rtexit2.o(.ARM.Collect$$rtexit$$00000003)
    __rt_exit_prels_1                        0x0800017d   Thumb Code     0  rtexit2.o(.ARM.Collect$$rtexit$$00000002)
    __rt_exit_exit                           0x08000181   Thumb Code     0  rtexit2.o(.ARM.Collect$$rtexit$$00000004)
    Reset_Handler                            0x08000189   Thumb Code     8  startup_stm32f103xb.o(.text)
    ADC1_2_IRQHandler                        0x080001a3   Thumb Code     0  startup_stm32f103xb.o(.text)
    CAN1_RX1_IRQHandler                      0x080001a3   Thumb Code     0  startup_stm32f103xb.o(.text)
    CAN1_SCE_IRQHandler                      0x080001a3   Thumb Code     0  startup_stm32f103xb.o(.text)
    DMA1_Channel1_IRQHandler                 0x080001a3   Thumb Code     0  startup_stm32f103xb.o(.text)
    DMA1_Channel2_IRQHandler                 0x080001a3   Thumb Code     0  startup_stm32f103xb.o(.text)
    DMA1_Channel3_IRQHandler                 0x080001a3   Thumb Code     0  startup_stm32f103xb.o(.text)
    DMA1_Channel4_IRQHandler                 0x080001a3   Thumb Code     0  startup_stm32f103xb.o(.text)
    DMA1_Channel5_IRQHandler                 0x080001a3   Thumb Code     0  startup_stm32f103xb.o(.text)
    DMA1_Channel6_IRQHandler                 0x080001a3   Thumb Code     0  startup_stm32f103xb.o(.text)
    DMA1_Channel7_IRQHandler                 0x080001a3   Thumb Code     0  startup_stm32f103xb.o(.text)
    EXTI0_IRQHandler                         0x080001a3   Thumb Code     0  startup_stm32f103xb.o(.text)
    EXTI15_10_IRQHandler                     0x080001a3   Thumb Code     0  startup_stm32f103xb.o(.text)
    EXTI1_IRQHandler                         0x080001a3   Thumb Code     0  startup_stm32f103xb.o(.text)
    EXTI2_IRQHandler                         0x080001a3   Thumb Code     0  startup_stm32f103xb.o(.text)
    EXTI3_IRQHandler                         0x080001a3   Thumb Code     0  startup_stm32f103xb.o(.text)
    EXTI4_IRQHandler                         0x080001a3   Thumb Code     0  startup_stm32f103xb.o(.text)
    EXTI9_5_IRQHandler                       0x080001a3   Thumb Code     0  startup_stm32f103xb.o(.text)
    FLASH_IRQHandler                         0x080001a3   Thumb Code     0  startup_stm32f103xb.o(.text)
    I2C1_ER_IRQHandler                       0x080001a3   Thumb Code     0  startup_stm32f103xb.o(.text)
    I2C1_EV_IRQHandler                       0x080001a3   Thumb Code     0  startup_stm32f103xb.o(.text)
    I2C2_ER_IRQHandler                       0x080001a3   Thumb Code     0  startup_stm32f103xb.o(.text)
    I2C2_EV_IRQHandler                       0x080001a3   Thumb Code     0  startup_stm32f103xb.o(.text)
    PVD_IRQHandler                           0x080001a3   Thumb Code     0  startup_stm32f103xb.o(.text)
    RCC_IRQHandler                           0x080001a3   Thumb Code     0  startup_stm32f103xb.o(.text)
    RTC_Alarm_IRQHandler                     0x080001a3   Thumb Code     0  startup_stm32f103xb.o(.text)
    RTC_IRQHandler                           0x080001a3   Thumb Code     0  startup_stm32f103xb.o(.text)
    SPI1_IRQHandler                          0x080001a3   Thumb Code     0  startup_stm32f103xb.o(.text)
    SPI2_IRQHandler                          0x080001a3   Thumb Code     0  startup_stm32f103xb.o(.text)
    TAMPER_IRQHandler                        0x080001a3   Thumb Code     0  startup_stm32f103xb.o(.text)
    TIM1_BRK_IRQHandler                      0x080001a3   Thumb Code     0  startup_stm32f103xb.o(.text)
    TIM1_CC_IRQHandler                       0x080001a3   Thumb Code     0  startup_stm32f103xb.o(.text)
    TIM1_TRG_COM_IRQHandler                  0x080001a3   Thumb Code     0  startup_stm32f103xb.o(.text)
    TIM1_UP_IRQHandler                       0x080001a3   Thumb Code     0  startup_stm32f103xb.o(.text)
    TIM2_IRQHandler                          0x080001a3   Thumb Code     0  startup_stm32f103xb.o(.text)
    TIM4_IRQHandler                          0x080001a3   Thumb Code     0  startup_stm32f103xb.o(.text)
    USART1_IRQHandler                        0x080001a3   Thumb Code     0  startup_stm32f103xb.o(.text)
    USART2_IRQHandler                        0x080001a3   Thumb Code     0  startup_stm32f103xb.o(.text)
    USART3_IRQHandler                        0x080001a3   Thumb Code     0  startup_stm32f103xb.o(.text)
    USBWakeUp_IRQHandler                     0x080001a3   Thumb Code     0  startup_stm32f103xb.o(.text)
    USB_HP_CAN1_TX_IRQHandler                0x080001a3   Thumb Code     0  startup_stm32f103xb.o(.text)
    USB_LP_CAN1_RX0_IRQHandler               0x080001a3   Thumb Code     0  startup_stm32f103xb.o(.text)
    WWDG_IRQHandler                          0x080001a3   Thumb Code     0  startup_stm32f103xb.o(.text)
    __user_initial_stackheap                 0x080001a5   Thumb Code     0  startup_stm32f103xb.o(.text)
    __aeabi_memclr4                          0x080001c9   Thumb Code     0  rt_memclr_w.o(.text)
    __aeabi_memclr8                          0x080001c9   Thumb Code     0  rt_memclr_w.o(.text)
    __rt_memclr_w                            0x080001c9   Thumb Code    78  rt_memclr_w.o(.text)
    _memset_w                                0x080001cd   Thumb Code     0  rt_memclr_w.o(.text)
    __use_two_region_memory                  0x08000217   Thumb Code     2  heapauxi.o(.text)
    __rt_heap_escrow$2region                 0x08000219   Thumb Code     2  heapauxi.o(.text)
    __rt_heap_expand$2region                 0x0800021b   Thumb Code     2  heapauxi.o(.text)
    __read_errno                             0x0800021d   Thumb Code    10  _rserrno.o(.text)
    __set_errno                              0x08000227   Thumb Code    12  _rserrno.o(.text)
    __aeabi_errno_addr                       0x08000235   Thumb Code     8  rt_errno_addr_intlibspace.o(.text)
    __errno$intlibspace                      0x08000235   Thumb Code     0  rt_errno_addr_intlibspace.o(.text)
    __rt_errno_addr$intlibspace              0x08000235   Thumb Code     0  rt_errno_addr_intlibspace.o(.text)
    __user_libspace                          0x0800023d   Thumb Code     8  libspace.o(.text)
    __user_perproc_libspace                  0x0800023d   Thumb Code     0  libspace.o(.text)
    __user_perthread_libspace                0x0800023d   Thumb Code     0  libspace.o(.text)
    __user_setup_stackheap                   0x08000245   Thumb Code    74  sys_stackheap_outer.o(.text)
    exit                                     0x0800028f   Thumb Code    18  exit.o(.text)
    _sys_exit                                0x080002a1   Thumb Code     8  sys_exit.o(.text)
    __I$use$semihosting                      0x080002ad   Thumb Code     0  use_no_semi.o(.text)
    __use_no_semihosting_swi                 0x080002ad   Thumb Code     2  use_no_semi.o(.text)
    BusFault_Handler                         0x080002af   Thumb Code     2  stm32f1xx_it.o(i.BusFault_Handler)
    __semihosting_library_function           0x080002af   Thumb Code     0  indicate_semi.o(.text)
    DWT_Init                                 0x080002b1   Thumb Code    36  delay.o(i.DWT_Init)
    DebugMon_Handler                         0x080002dd   Thumb Code     2  stm32f1xx_it.o(i.DebugMon_Handler)
    Delay_ms                                 0x080002e1   Thumb Code    18  delay.o(i.Delay_ms)
    Delay_us                                 0x080002fd   Thumb Code    20  delay.o(i.Delay_us)
    HAL_GPIO_Init                            0x08000315   Thumb Code   446  stm32f1xx_hal_gpio.o(i.HAL_GPIO_Init)
    HAL_GPIO_ReadPin                         0x080004f5   Thumb Code    10  stm32f1xx_hal_gpio.o(i.HAL_GPIO_ReadPin)
    HAL_GPIO_WritePin                        0x080004ff   Thumb Code    10  stm32f1xx_hal_gpio.o(i.HAL_GPIO_WritePin)
    HAL_GetTick                              0x08000509   Thumb Code     6  stm32f1xx_hal.o(i.HAL_GetTick)
    HAL_IncTick                              0x08000515   Thumb Code    12  stm32f1xx_hal.o(i.HAL_IncTick)
    HAL_Init                                 0x08000525   Thumb Code    32  stm32f1xx_hal.o(i.HAL_Init)
    HAL_InitTick                             0x08000549   Thumb Code    54  stm32f1xx_hal.o(i.HAL_InitTick)
    HAL_MspInit                              0x08000589   Thumb Code    52  stm32f1xx_hal_msp.o(i.HAL_MspInit)
    HAL_NVIC_EnableIRQ                       0x080005c5   Thumb Code    26  stm32f1xx_hal_cortex.o(i.HAL_NVIC_EnableIRQ)
    HAL_NVIC_SetPriority                     0x080005e1   Thumb Code    60  stm32f1xx_hal_cortex.o(i.HAL_NVIC_SetPriority)
    HAL_NVIC_SetPriorityGrouping             0x08000621   Thumb Code    26  stm32f1xx_hal_cortex.o(i.HAL_NVIC_SetPriorityGrouping)
    HAL_RCC_ClockConfig                      0x08000645   Thumb Code   280  stm32f1xx_hal_rcc.o(i.HAL_RCC_ClockConfig)
    HAL_RCC_GetSysClockFreq                  0x08000771   Thumb Code    58  stm32f1xx_hal_rcc.o(i.HAL_RCC_GetSysClockFreq)
    HAL_RCC_OscConfig                        0x080007bd   Thumb Code   778  stm32f1xx_hal_rcc.o(i.HAL_RCC_OscConfig)
    HAL_SYSTICK_Config                       0x08000add   Thumb Code    40  stm32f1xx_hal_cortex.o(i.HAL_SYSTICK_Config)
    HAL_TIMEx_BreakCallback                  0x08000b05   Thumb Code     2  stm32f1xx_hal_tim_ex.o(i.HAL_TIMEx_BreakCallback)
    HAL_TIMEx_CommutCallback                 0x08000b07   Thumb Code     2  stm32f1xx_hal_tim_ex.o(i.HAL_TIMEx_CommutCallback)
    HAL_TIMEx_MasterConfigSynchronization    0x08000b09   Thumb Code    92  stm32f1xx_hal_tim_ex.o(i.HAL_TIMEx_MasterConfigSynchronization)
    HAL_TIM_Base_Init                        0x08000b71   Thumb Code    90  stm32f1xx_hal_tim.o(i.HAL_TIM_Base_Init)
    HAL_TIM_Base_MspInit                     0x08000bcd   Thumb Code    72  stm32f1xx_hal_msp.o(i.HAL_TIM_Base_MspInit)
    HAL_TIM_Base_Start                       0x08000c1d   Thumb Code    66  stm32f1xx_hal_tim.o(i.HAL_TIM_Base_Start)
    HAL_TIM_Base_Start_IT                    0x08000c6d   Thumb Code    76  stm32f1xx_hal_tim.o(i.HAL_TIM_Base_Start_IT)
    HAL_TIM_ConfigClockSource                0x08000cc5   Thumb Code   220  stm32f1xx_hal_tim.o(i.HAL_TIM_ConfigClockSource)
    HAL_TIM_IC_CaptureCallback               0x08000da1   Thumb Code     2  stm32f1xx_hal_tim.o(i.HAL_TIM_IC_CaptureCallback)
    HAL_TIM_IRQHandler                       0x08000da3   Thumb Code   304  stm32f1xx_hal_tim.o(i.HAL_TIM_IRQHandler)
    HAL_TIM_MspPostInit                      0x08000ed5   Thumb Code    62  stm32f1xx_hal_msp.o(i.HAL_TIM_MspPostInit)
    HAL_TIM_OC_DelayElapsedCallback          0x08000f1d   Thumb Code     2  stm32f1xx_hal_tim.o(i.HAL_TIM_OC_DelayElapsedCallback)
    HAL_TIM_PWM_ConfigChannel                0x08000f1f   Thumb Code   204  stm32f1xx_hal_tim.o(i.HAL_TIM_PWM_ConfigChannel)
    HAL_TIM_PWM_Init                         0x08000feb   Thumb Code    90  stm32f1xx_hal_tim.o(i.HAL_TIM_PWM_Init)
    HAL_TIM_PWM_MspInit                      0x08001045   Thumb Code     2  stm32f1xx_hal_tim.o(i.HAL_TIM_PWM_MspInit)
    HAL_TIM_PWM_PulseFinishedCallback        0x08001047   Thumb Code     2  stm32f1xx_hal_tim.o(i.HAL_TIM_PWM_PulseFinishedCallback)
    HAL_TIM_PWM_Start                        0x08001049   Thumb Code   144  stm32f1xx_hal_tim.o(i.HAL_TIM_PWM_Start)
    HAL_TIM_PeriodElapsedCallback            0x080010e5   Thumb Code   220  my_interrupt.o(i.HAL_TIM_PeriodElapsedCallback)
    HAL_TIM_TriggerCallback                  0x080011e5   Thumb Code     2  stm32f1xx_hal_tim.o(i.HAL_TIM_TriggerCallback)
    HardFault_Handler                        0x080011e7   Thumb Code     2  stm32f1xx_it.o(i.HardFault_Handler)
    MPU6050_GetData                          0x080011e9   Thumb Code   146  mpu6050.o(i.MPU6050_GetData)
    MPU6050_Init                             0x0800127b   Thumb Code    64  mpu6050.o(i.MPU6050_Init)
    MPU6050_ReadReg                          0x080012bb   Thumb Code    62  mpu6050.o(i.MPU6050_ReadReg)
    MPU6050_WriteReg                         0x080012f9   Thumb Code    48  mpu6050.o(i.MPU6050_WriteReg)
    MemManage_Handler                        0x080014f1   Thumb Code     2  stm32f1xx_it.o(i.MemManage_Handler)
    MyI2C_GPIO_Init                          0x080014f5   Thumb Code    54  myi2c.o(i.MyI2C_GPIO_Init)
    MyI2C_R_SDA                              0x08001531   Thumb Code     8  myi2c.o(i.MyI2C_R_SDA)
    MyI2C_ReceiveAck                         0x0800153d   Thumb Code    30  myi2c.o(i.MyI2C_ReceiveAck)
    MyI2C_ReceiveByte                        0x0800155b   Thumb Code    52  myi2c.o(i.MyI2C_ReceiveByte)
    MyI2C_SendAck                            0x0800158f   Thumb Code    22  myi2c.o(i.MyI2C_SendAck)
    MyI2C_SendByte                           0x080015a5   Thumb Code    40  myi2c.o(i.MyI2C_SendByte)
    MyI2C_Start                              0x080015cd   Thumb Code    30  myi2c.o(i.MyI2C_Start)
    MyI2C_Stop                               0x080015eb   Thumb Code    24  myi2c.o(i.MyI2C_Stop)
    MyI2C_W_SCL                              0x08001605   Thumb Code    22  myi2c.o(i.MyI2C_W_SCL)
    MyI2C_W_SDA                              0x08001621   Thumb Code    22  myi2c.o(i.MyI2C_W_SDA)
    NMI_Handler                              0x0800163d   Thumb Code     2  stm32f1xx_it.o(i.NMI_Handler)
    NRF24L01_FlushRx                         0x0800163f   Thumb Code    24  nrf24l01.o(i.NRF24L01_FlushRx)
    NRF24L01_FlushTx                         0x08001657   Thumb Code    24  nrf24l01.o(i.NRF24L01_FlushTx)
    NRF24L01_GPIO_Init                       0x08001671   Thumb Code    92  nrf24l01.o(i.NRF24L01_GPIO_Init)
    NRF24L01_Init                            0x080016d5   Thumb Code   104  nrf24l01.o(i.NRF24L01_Init)
    NRF24L01_R_MISO                          0x08001741   Thumb Code    20  nrf24l01.o(i.NRF24L01_R_MISO)
    NRF24L01_ReadReg                         0x08001759   Thumb Code    34  nrf24l01.o(i.NRF24L01_ReadReg)
    NRF24L01_ReadRxPayload                   0x0800177b   Thumb Code    48  nrf24l01.o(i.NRF24L01_ReadRxPayload)
    NRF24L01_ReadStatus                      0x080017ab   Thumb Code    26  nrf24l01.o(i.NRF24L01_ReadStatus)
    NRF24L01_Receive                         0x080017c5   Thumb Code    72  nrf24l01.o(i.NRF24L01_Receive)
    NRF24L01_Rx                              0x08001811   Thumb Code    40  nrf24l01.o(i.NRF24L01_Rx)
    NRF24L01_SPI_SwapByte                    0x08001839   Thumb Code    58  nrf24l01.o(i.NRF24L01_SPI_SwapByte)
    NRF24L01_Send                            0x08001875   Thumb Code   114  nrf24l01.o(i.NRF24L01_Send)
    NRF24L01_Tx                              0x080018ed   Thumb Code    44  nrf24l01.o(i.NRF24L01_Tx)
    NRF24L01_W_CE                            0x08001919   Thumb Code    16  nrf24l01.o(i.NRF24L01_W_CE)
    NRF24L01_W_CSN                           0x0800192d   Thumb Code    16  nrf24l01.o(i.NRF24L01_W_CSN)
    NRF24L01_W_MOSI                          0x08001941   Thumb Code    18  nrf24l01.o(i.NRF24L01_W_MOSI)
    NRF24L01_W_SCK                           0x08001959   Thumb Code    18  nrf24l01.o(i.NRF24L01_W_SCK)
    NRF24L01_WriteReg                        0x08001971   Thumb Code    36  nrf24l01.o(i.NRF24L01_WriteReg)
    NRF24L01_WriteRegs                       0x08001995   Thumb Code    50  nrf24l01.o(i.NRF24L01_WriteRegs)
    NRF24L01_WriteTxPayload                  0x080019c7   Thumb Code    46  nrf24l01.o(i.NRF24L01_WriteTxPayload)
    OLED_Clear                               0x080019f5   Thumb Code    34  oled.o(i.OLED_Clear)
    OLED_ClearArea                           0x08001a1d   Thumb Code    86  oled.o(i.OLED_ClearArea)
    OLED_GPIO_Init                           0x08001a79   Thumb Code    38  oled.o(i.OLED_GPIO_Init)
    OLED_I2C_SendByte                        0x08001a9f   Thumb Code    58  oled.o(i.OLED_I2C_SendByte)
    OLED_I2C_Start                           0x08001ad9   Thumb Code    30  oled.o(i.OLED_I2C_Start)
    OLED_I2C_Stop                            0x08001af7   Thumb Code    24  oled.o(i.OLED_I2C_Stop)
    OLED_Init                                0x08001b0f   Thumb Code   156  oled.o(i.OLED_Init)
    OLED_Pow                                 0x08001bab   Thumb Code    14  oled.o(i.OLED_Pow)
    OLED_SetCursor                           0x08001bb9   Thumb Code    34  oled.o(i.OLED_SetCursor)
    OLED_ShowChar                            0x08001bdd   Thumb Code    52  oled.o(i.OLED_ShowChar)
    OLED_ShowFloatNum                        0x08001c19   Thumb Code   190  oled.o(i.OLED_ShowFloatNum)
    OLED_ShowImage                           0x08001cd9   Thumb Code   182  oled.o(i.OLED_ShowImage)
    OLED_ShowNum                             0x08001d95   Thumb Code    70  oled.o(i.OLED_ShowNum)
    OLED_Update                              0x08001ddd   Thumb Code    34  oled.o(i.OLED_Update)
    OLED_W_SCL                               0x08001e05   Thumb Code    10  oled.o(i.OLED_W_SCL)
    OLED_W_SDA                               0x08001e15   Thumb Code    10  oled.o(i.OLED_W_SDA)
    OLED_WriteCommand                        0x08001e25   Thumb Code    34  oled.o(i.OLED_WriteCommand)
    OLED_WriteData                           0x08001e47   Thumb Code    48  oled.o(i.OLED_WriteData)
    PackNRF24L01Packet                       0x08001e79   Thumb Code   170  my_interrupt.o(i.PackNRF24L01Packet)
    PendSV_Handler                           0x08001f31   Thumb Code     2  stm32f1xx_it.o(i.PendSV_Handler)
    SVC_Handler                              0x08001f33   Thumb Code     2  stm32f1xx_it.o(i.SVC_Handler)
    SysTick_Handler                          0x08001f35   Thumb Code     4  stm32f1xx_it.o(i.SysTick_Handler)
    SystemClock_Config                       0x08001f39   Thumb Code    94  main.o(i.SystemClock_Config)
    SystemInit                               0x08001f97   Thumb Code     2  system_stm32f1xx.o(i.SystemInit)
    TIM3_IRQHandler                          0x08001f99   Thumb Code     6  stm32f1xx_it.o(i.TIM3_IRQHandler)
    TIM_Base_SetConfig                       0x08001fa5   Thumb Code   108  stm32f1xx_hal_tim.o(i.TIM_Base_SetConfig)
    TIM_CCxChannelCmd                        0x0800201d   Thumb Code    26  stm32f1xx_hal_tim.o(i.TIM_CCxChannelCmd)
    TIM_ETR_SetConfig                        0x08002037   Thumb Code    20  stm32f1xx_hal_tim.o(i.TIM_ETR_SetConfig)
    TIM_OC2_SetConfig                        0x080020ad   Thumb Code    84  stm32f1xx_hal_tim.o(i.TIM_OC2_SetConfig)
    UnpackNRF24L01Packet                     0x080021e9   Thumb Code   158  my_interrupt.o(i.UnpackNRF24L01Packet)
    UsageFault_Handler                       0x08002295   Thumb Code     2  stm32f1xx_it.o(i.UsageFault_Handler)
    __ARM_fpclassifyf                        0x08002297   Thumb Code    38  fpclassifyf.o(i.__ARM_fpclassifyf)
    __mathlib_flt_infnan                     0x080022dd   Thumb Code     6  funder.o(i.__mathlib_flt_infnan)
    __mathlib_flt_infnan2                    0x080022e3   Thumb Code     4  funder.o(i.__mathlib_flt_infnan2)
    __mathlib_flt_invalid                    0x080022e7   Thumb Code     8  funder.o(i.__mathlib_flt_invalid)
    __mathlib_flt_underflow                  0x080022ef   Thumb Code    10  funder.o(i.__mathlib_flt_underflow)
    asinf                                    0x080022f9   Thumb Code   254  asinf.o(i.asinf)
    atan2f                                   0x0800241d   Thumb Code   528  atan2f.o(i.atan2f)
    begin                                    0x08002679   Thumb Code    18  madgwickahrs.o(i.begin)
    computeAngles                            0x08002691   Thumb Code   190  madgwickahrs.o(i.computeAngles)
    dataGetAndFilter                         0x08002755   Thumb Code    72  main.o(i.dataGetAndFilter)
    dataGetERROR                             0x080027a5   Thumb Code   158  main.o(i.dataGetERROR)
    getMPU6050Data                           0x08002859   Thumb Code   442  main.o(i.getMPU6050Data)
    getPitch                                 0x08002a49   Thumb Code    24  madgwickahrs.o(i.getPitch)
    getRoll                                  0x08002a69   Thumb Code    24  madgwickahrs.o(i.getRoll)
    getYaw                                   0x08002a89   Thumb Code    24  madgwickahrs.o(i.getYaw)
    main                                     0x08002b01   Thumb Code   340  main.o(i.main)
    round                                    0x08002c65   Thumb Code   136  round.o(i.round)
    sqrtf                                    0x08002cf9   Thumb Code    44  sqrtf.o(i.sqrtf)
    updateIMU                                0x08002d25   Thumb Code  1210  madgwickahrs.o(i.updateIMU)
    __aeabi_d2f                              0x080031e1   Thumb Code     0  d2f.o(x$fpl$d2f)
    _d2f                                     0x080031e1   Thumb Code    98  d2f.o(x$fpl$d2f)
    __aeabi_dadd                             0x08003245   Thumb Code     0  daddsub_clz.o(x$fpl$dadd)
    _dadd                                    0x08003245   Thumb Code   332  daddsub_clz.o(x$fpl$dadd)
    __fpl_dcmp_Inf                           0x08003395   Thumb Code    24  dcmpi.o(x$fpl$dcmpinf)
    __aeabi_d2uiz                            0x080033ad   Thumb Code     0  dfixu.o(x$fpl$dfixu)
    _dfixu                                   0x080033ad   Thumb Code    90  dfixu.o(x$fpl$dfixu)
    __aeabi_ui2d                             0x08003407   Thumb Code     0  dflt_clz.o(x$fpl$dfltu)
    _dfltu                                   0x08003407   Thumb Code    38  dflt_clz.o(x$fpl$dfltu)
    __aeabi_cdcmple                          0x0800342d   Thumb Code     0  dleqf.o(x$fpl$dleqf)
    _dcmple                                  0x0800342d   Thumb Code   120  dleqf.o(x$fpl$dleqf)
    __fpl_dcmple_InfNaN                      0x0800348f   Thumb Code     0  dleqf.o(x$fpl$dleqf)
    __aeabi_dmul                             0x080034a5   Thumb Code     0  dmul.o(x$fpl$dmul)
    _dmul                                    0x080034a5   Thumb Code   332  dmul.o(x$fpl$dmul)
    __fpl_dnaninf                            0x080035f9   Thumb Code   156  dnaninf.o(x$fpl$dnaninf)
    __fpl_dretinf                            0x08003695   Thumb Code    12  dretinf.o(x$fpl$dretinf)
    __aeabi_cdrcmple                         0x080036a1   Thumb Code     0  drleqf.o(x$fpl$drleqf)
    _drcmple                                 0x080036a1   Thumb Code   108  drleqf.o(x$fpl$drleqf)
    _drnd                                    0x0800370d   Thumb Code   180  drnd.o(x$fpl$drnd)
    __aeabi_drsub                            0x080037c1   Thumb Code     0  daddsub_clz.o(x$fpl$drsb)
    _drsb                                    0x080037c1   Thumb Code    22  daddsub_clz.o(x$fpl$drsb)
    __aeabi_dsub                             0x080037d9   Thumb Code     0  daddsub_clz.o(x$fpl$dsub)
    _dsub                                    0x080037d9   Thumb Code   464  daddsub_clz.o(x$fpl$dsub)
    __aeabi_f2d                              0x080039ad   Thumb Code     0  f2d.o(x$fpl$f2d)
    _f2d                                     0x080039ad   Thumb Code    86  f2d.o(x$fpl$f2d)
    __aeabi_fadd                             0x08003a05   Thumb Code     0  faddsub_clz.o(x$fpl$fadd)
    _fadd                                    0x08003a05   Thumb Code   196  faddsub_clz.o(x$fpl$fadd)
    __fpl_fcheck_NaN1                        0x08003ac9   Thumb Code     6  fcheck1.o(x$fpl$fcheck1)
    __aeabi_fdiv                             0x08003ad5   Thumb Code     0  fdiv.o(x$fpl$fdiv)
    _fdiv                                    0x08003ad5   Thumb Code   384  fdiv.o(x$fpl$fdiv)
    __aeabi_f2iz                             0x08003c59   Thumb Code     0  ffix.o(x$fpl$ffix)
    _ffix                                    0x08003c59   Thumb Code    54  ffix.o(x$fpl$ffix)
    __aeabi_i2f                              0x08003c91   Thumb Code     0  fflt_clz.o(x$fpl$fflt)
    _fflt                                    0x08003c91   Thumb Code    48  fflt_clz.o(x$fpl$fflt)
    __aeabi_ui2f                             0x08003cc1   Thumb Code     0  fflt_clz.o(x$fpl$ffltu)
    _ffltu                                   0x08003cc1   Thumb Code    38  fflt_clz.o(x$fpl$ffltu)
    __aeabi_fmul                             0x08003ce9   Thumb Code     0  fmul.o(x$fpl$fmul)
    _fmul                                    0x08003ce9   Thumb Code   258  fmul.o(x$fpl$fmul)
    __fpl_fnaninf                            0x08003deb   Thumb Code   140  fnaninf.o(x$fpl$fnaninf)
    __fpl_fretinf                            0x08003e77   Thumb Code    10  fretinf.o(x$fpl$fretinf)
    __aeabi_frsub                            0x08003e81   Thumb Code     0  faddsub_clz.o(x$fpl$frsb)
    _frsb                                    0x08003e81   Thumb Code    20  faddsub_clz.o(x$fpl$frsb)
    _fsqrt                                   0x08003e95   Thumb Code   272  fsqrt.o(x$fpl$fsqrt)
    __aeabi_fsub                             0x08003fa5   Thumb Code     0  faddsub_clz.o(x$fpl$fsub)
    _fsub                                    0x08003fa5   Thumb Code   234  faddsub_clz.o(x$fpl$fsub)
    __fpl_return_NaN                         0x0800408f   Thumb Code   100  retnan.o(x$fpl$retnan)
    __ARM_scalbnf                            0x080040f3   Thumb Code    76  scalbnf.o(x$fpl$scalbnf)
    __fpl_cmpreturn                          0x0800413f   Thumb Code    48  trapv.o(x$fpl$trapveneer)
    __I$use$fp                               0x0800416e   Number         0  usenofp.o(x$fpl$usenofp)
    AHBPrescTable                            0x08004180   Data          16  system_stm32f1xx.o(.constdata)
    OLED_F8x16                               0x08004190   Data        1520  oled_data.o(.constdata)
    OLED_F6x8                                0x08004780   Data         570  oled_data.o(.constdata)
    Region$$Table$$Base                      0x080049bc   Number         0  anon$$obj.o(Region$$Table)
    Region$$Table$$Limit                     0x080049dc   Number         0  anon$$obj.o(Region$$Table)
    AX                                       0x20000000   Data           2  main.o(.data)
    AY                                       0x20000002   Data           2  main.o(.data)
    AZ                                       0x20000004   Data           2  main.o(.data)
    GX                                       0x20000006   Data           2  main.o(.data)
    GY                                       0x20000008   Data           2  main.o(.data)
    GZ                                       0x2000000a   Data           2  main.o(.data)
    Yaw                                      0x2000000c   Data           4  main.o(.data)
    Pitch                                    0x20000010   Data           4  main.o(.data)
    Roll                                     0x20000014   Data           4  main.o(.data)
    Yaw_copy                                 0x20000018   Data           4  main.o(.data)
    Pitch_copy                               0x2000001c   Data           4  main.o(.data)
    Roll_copy                                0x20000020   Data           4  main.o(.data)
    mpu6050                                  0x20000028   Data          40  main.o(.data)
    Send_Flag                                0x20000050   Data           1  main.o(.data)
    uwTickFreq                               0x20000054   Data           1  stm32f1xx_hal.o(.data)
    uwTickPrio                               0x20000058   Data           4  stm32f1xx_hal.o(.data)
    uwTick                                   0x2000005c   Data           4  stm32f1xx_hal.o(.data)
    SystemCoreClock                          0x20000060   Data           4  system_stm32f1xx.o(.data)
    my_Tick                                  0x20000064   Data           4  my_interrupt.o(.data)
    NRF24L01_TxAddress                       0x20000068   Data           5  nrf24l01.o(.data)
    NRF24L01_RxAddress                       0x2000006d   Data           5  nrf24l01.o(.data)
    NRF24L01_TxPacket                        0x20000072   Data           8  nrf24l01.o(.data)
    NRF24L01_RxPacket                        0x2000007a   Data           8  nrf24l01.o(.data)
    anglesComputed                           0x20000084   Data           1  madgwickahrs.o(.data)
    beta                                     0x20000088   Data           4  madgwickahrs.o(.data)
    q0                                       0x2000008c   Data           4  madgwickahrs.o(.data)
    q1                                       0x20000090   Data           4  madgwickahrs.o(.data)
    q2                                       0x20000094   Data           4  madgwickahrs.o(.data)
    q3                                       0x20000098   Data           4  madgwickahrs.o(.data)
    invSampleFreq                            0x2000009c   Data           4  madgwickahrs.o(.data)
    roll                                     0x200000a0   Data           4  madgwickahrs.o(.data)
    pitch                                    0x200000a4   Data           4  madgwickahrs.o(.data)
    yaw                                      0x200000a8   Data           4  madgwickahrs.o(.data)
    msg                                      0x200000ac   Data          24  main.o(.bss)
    htim2                                    0x200000c4   Data          72  main.o(.bss)
    htim3                                    0x2000010c   Data          72  main.o(.bss)
    Remote_Control                           0x20000154   Data          28  my_interrupt.o(.bss)
    drone_state                              0x20000170   Data          28  my_interrupt.o(.bss)
    OLED_DisplayBuf                          0x2000018c   Data        1024  oled.o(.bss)
    __libspace_start                         0x2000058c   Data          96  libspace.o(.bss)
    __temporary_stack_top$libspace           0x200005ec   Data           0  libspace.o(.bss)



==============================================================================

Memory Map of the image

  Image Entry point : 0x080000ed

  Load Region LR_IROM1 (Base: 0x08000000, Size: 0x00004a88, Max: 0x00010000, ABSOLUTE)

    Execution Region ER_IROM1 (Exec base: 0x08000000, Load base: 0x08000000, Size: 0x000049dc, Max: 0x00010000, ABSOLUTE)

    Exec Addr    Load Addr    Size         Type   Attr      Idx    E Section Name        Object

    0x08000000   0x08000000   0x000000ec   Data   RO            3    RESET               startup_stm32f103xb.o
    0x080000ec   0x080000ec   0x00000008   Code   RO         3192  * !!!main             c_w.l(__main.o)
    0x080000f4   0x080000f4   0x00000034   Code   RO         3685    !!!scatter          c_w.l(__scatter.o)
    0x08000128   0x08000128   0x0000001a   Code   RO         3687    !!handler_copy      c_w.l(__scatter_copy.o)
    0x08000142   0x08000142   0x00000002   PAD
    0x08000144   0x08000144   0x0000001c   Code   RO         3689    !!handler_zi        c_w.l(__scatter_zi.o)
    0x08000160   0x08000160   0x00000002   Code   RO         3549    .ARM.Collect$$libinit$$00000000  c_w.l(libinit.o)
    0x08000162   0x08000162   0x00000000   Code   RO         3562    .ARM.Collect$$libinit$$00000002  c_w.l(libinit2.o)
    0x08000162   0x08000162   0x00000000   Code   RO         3564    .ARM.Collect$$libinit$$00000004  c_w.l(libinit2.o)
    0x08000162   0x08000162   0x00000000   Code   RO         3567    .ARM.Collect$$libinit$$0000000A  c_w.l(libinit2.o)
    0x08000162   0x08000162   0x00000000   Code   RO         3569    .ARM.Collect$$libinit$$0000000C  c_w.l(libinit2.o)
    0x08000162   0x08000162   0x00000000   Code   RO         3571    .ARM.Collect$$libinit$$0000000E  c_w.l(libinit2.o)
    0x08000162   0x08000162   0x00000000   Code   RO         3574    .ARM.Collect$$libinit$$00000011  c_w.l(libinit2.o)
    0x08000162   0x08000162   0x00000000   Code   RO         3576    .ARM.Collect$$libinit$$00000013  c_w.l(libinit2.o)
    0x08000162   0x08000162   0x00000000   Code   RO         3578    .ARM.Collect$$libinit$$00000015  c_w.l(libinit2.o)
    0x08000162   0x08000162   0x00000000   Code   RO         3580    .ARM.Collect$$libinit$$00000017  c_w.l(libinit2.o)
    0x08000162   0x08000162   0x00000000   Code   RO         3582    .ARM.Collect$$libinit$$00000019  c_w.l(libinit2.o)
    0x08000162   0x08000162   0x00000000   Code   RO         3584    .ARM.Collect$$libinit$$0000001B  c_w.l(libinit2.o)
    0x08000162   0x08000162   0x00000000   Code   RO         3586    .ARM.Collect$$libinit$$0000001D  c_w.l(libinit2.o)
    0x08000162   0x08000162   0x00000000   Code   RO         3588    .ARM.Collect$$libinit$$0000001F  c_w.l(libinit2.o)
    0x08000162   0x08000162   0x00000000   Code   RO         3590    .ARM.Collect$$libinit$$00000021  c_w.l(libinit2.o)
    0x08000162   0x08000162   0x00000000   Code   RO         3592    .ARM.Collect$$libinit$$00000023  c_w.l(libinit2.o)
    0x08000162   0x08000162   0x00000000   Code   RO         3594    .ARM.Collect$$libinit$$00000025  c_w.l(libinit2.o)
    0x08000162   0x08000162   0x00000000   Code   RO         3598    .ARM.Collect$$libinit$$0000002C  c_w.l(libinit2.o)
    0x08000162   0x08000162   0x00000000   Code   RO         3600    .ARM.Collect$$libinit$$0000002E  c_w.l(libinit2.o)
    0x08000162   0x08000162   0x00000000   Code   RO         3602    .ARM.Collect$$libinit$$00000030  c_w.l(libinit2.o)
    0x08000162   0x08000162   0x00000000   Code   RO         3604    .ARM.Collect$$libinit$$00000032  c_w.l(libinit2.o)
    0x08000162   0x08000162   0x00000002   Code   RO         3605    .ARM.Collect$$libinit$$00000033  c_w.l(libinit2.o)
    0x08000164   0x08000164   0x00000002   Code   RO         3625    .ARM.Collect$$libshutdown$$00000000  c_w.l(libshutdown.o)
    0x08000166   0x08000166   0x00000000   Code   RO         3638    .ARM.Collect$$libshutdown$$00000002  c_w.l(libshutdown2.o)
    0x08000166   0x08000166   0x00000000   Code   RO         3640    .ARM.Collect$$libshutdown$$00000004  c_w.l(libshutdown2.o)
    0x08000166   0x08000166   0x00000000   Code   RO         3643    .ARM.Collect$$libshutdown$$00000007  c_w.l(libshutdown2.o)
    0x08000166   0x08000166   0x00000000   Code   RO         3646    .ARM.Collect$$libshutdown$$0000000A  c_w.l(libshutdown2.o)
    0x08000166   0x08000166   0x00000000   Code   RO         3648    .ARM.Collect$$libshutdown$$0000000C  c_w.l(libshutdown2.o)
    0x08000166   0x08000166   0x00000000   Code   RO         3651    .ARM.Collect$$libshutdown$$0000000F  c_w.l(libshutdown2.o)
    0x08000166   0x08000166   0x00000002   Code   RO         3652    .ARM.Collect$$libshutdown$$00000010  c_w.l(libshutdown2.o)
    0x08000168   0x08000168   0x00000000   Code   RO         3292    .ARM.Collect$$rtentry$$00000000  c_w.l(__rtentry.o)
    0x08000168   0x08000168   0x00000000   Code   RO         3455    .ARM.Collect$$rtentry$$00000002  c_w.l(__rtentry2.o)
    0x08000168   0x08000168   0x00000006   Code   RO         3467    .ARM.Collect$$rtentry$$00000004  c_w.l(__rtentry4.o)
    0x0800016e   0x0800016e   0x00000000   Code   RO         3457    .ARM.Collect$$rtentry$$00000009  c_w.l(__rtentry2.o)
    0x0800016e   0x0800016e   0x00000004   Code   RO         3458    .ARM.Collect$$rtentry$$0000000A  c_w.l(__rtentry2.o)
    0x08000172   0x08000172   0x00000000   Code   RO         3460    .ARM.Collect$$rtentry$$0000000C  c_w.l(__rtentry2.o)
    0x08000172   0x08000172   0x00000008   Code   RO         3461    .ARM.Collect$$rtentry$$0000000D  c_w.l(__rtentry2.o)
    0x0800017a   0x0800017a   0x00000002   Code   RO         3556    .ARM.Collect$$rtexit$$00000000  c_w.l(rtexit.o)
    0x0800017c   0x0800017c   0x00000000   Code   RO         3607    .ARM.Collect$$rtexit$$00000002  c_w.l(rtexit2.o)
    0x0800017c   0x0800017c   0x00000004   Code   RO         3608    .ARM.Collect$$rtexit$$00000003  c_w.l(rtexit2.o)
    0x08000180   0x08000180   0x00000006   Code   RO         3609    .ARM.Collect$$rtexit$$00000004  c_w.l(rtexit2.o)
    0x08000186   0x08000186   0x00000002   PAD
    0x08000188   0x08000188   0x00000040   Code   RO            4    .text               startup_stm32f103xb.o
    0x080001c8   0x080001c8   0x0000004e   Code   RO         3186    .text               c_w.l(rt_memclr_w.o)
    0x08000216   0x08000216   0x00000006   Code   RO         3190    .text               c_w.l(heapauxi.o)
    0x0800021c   0x0800021c   0x00000016   Code   RO         3293    .text               c_w.l(_rserrno.o)
    0x08000232   0x08000232   0x00000002   PAD
    0x08000234   0x08000234   0x00000008   Code   RO         3472    .text               c_w.l(rt_errno_addr_intlibspace.o)
    0x0800023c   0x0800023c   0x00000008   Code   RO         3500    .text               c_w.l(libspace.o)
    0x08000244   0x08000244   0x0000004a   Code   RO         3503    .text               c_w.l(sys_stackheap_outer.o)
    0x0800028e   0x0800028e   0x00000012   Code   RO         3542    .text               c_w.l(exit.o)
    0x080002a0   0x080002a0   0x0000000c   Code   RO         3617    .text               c_w.l(sys_exit.o)
    0x080002ac   0x080002ac   0x00000002   Code   RO         3628    .text               c_w.l(use_no_semi.o)
    0x080002ae   0x080002ae   0x00000000   Code   RO         3630    .text               c_w.l(indicate_semi.o)
    0x080002ae   0x080002ae   0x00000002   Code   RO          198    i.BusFault_Handler  stm32f1xx_it.o
    0x080002b0   0x080002b0   0x0000002c   Code   RO         2346    i.DWT_Init          delay.o
    0x080002dc   0x080002dc   0x00000002   Code   RO          199    i.DebugMon_Handler  stm32f1xx_it.o
    0x080002de   0x080002de   0x00000002   PAD
    0x080002e0   0x080002e0   0x0000001c   Code   RO         2347    i.Delay_ms          delay.o
    0x080002fc   0x080002fc   0x00000018   Code   RO         2350    i.Delay_us          delay.o
    0x08000314   0x08000314   0x000001e0   Code   RO         1648    i.HAL_GPIO_Init     stm32f1xx_hal_gpio.o
    0x080004f4   0x080004f4   0x0000000a   Code   RO         1650    i.HAL_GPIO_ReadPin  stm32f1xx_hal_gpio.o
    0x080004fe   0x080004fe   0x0000000a   Code   RO         1652    i.HAL_GPIO_WritePin  stm32f1xx_hal_gpio.o
    0x08000508   0x08000508   0x0000000c   Code   RO         1342    i.HAL_GetTick       stm32f1xx_hal.o
    0x08000514   0x08000514   0x00000010   Code   RO         1348    i.HAL_IncTick       stm32f1xx_hal.o
    0x08000524   0x08000524   0x00000024   Code   RO         1349    i.HAL_Init          stm32f1xx_hal.o
    0x08000548   0x08000548   0x00000040   Code   RO         1350    i.HAL_InitTick      stm32f1xx_hal.o
    0x08000588   0x08000588   0x0000003c   Code   RO          280    i.HAL_MspInit       stm32f1xx_hal_msp.o
    0x080005c4   0x080005c4   0x0000001a   Code   RO         1808    i.HAL_NVIC_EnableIRQ  stm32f1xx_hal_cortex.o
    0x080005de   0x080005de   0x00000002   PAD
    0x080005e0   0x080005e0   0x00000040   Code   RO         1814    i.HAL_NVIC_SetPriority  stm32f1xx_hal_cortex.o
    0x08000620   0x08000620   0x00000024   Code   RO         1815    i.HAL_NVIC_SetPriorityGrouping  stm32f1xx_hal_cortex.o
    0x08000644   0x08000644   0x0000012c   Code   RO         1506    i.HAL_RCC_ClockConfig  stm32f1xx_hal_rcc.o
    0x08000770   0x08000770   0x0000004c   Code   RO         1515    i.HAL_RCC_GetSysClockFreq  stm32f1xx_hal_rcc.o
    0x080007bc   0x080007bc   0x00000320   Code   RO         1518    i.HAL_RCC_OscConfig  stm32f1xx_hal_rcc.o
    0x08000adc   0x08000adc   0x00000028   Code   RO         1819    i.HAL_SYSTICK_Config  stm32f1xx_hal_cortex.o
    0x08000b04   0x08000b04   0x00000002   Code   RO         1064    i.HAL_TIMEx_BreakCallback  stm32f1xx_hal_tim_ex.o
    0x08000b06   0x08000b06   0x00000002   Code   RO         1065    i.HAL_TIMEx_CommutCallback  stm32f1xx_hal_tim_ex.o
    0x08000b08   0x08000b08   0x00000068   Code   RO         1083    i.HAL_TIMEx_MasterConfigSynchronization  stm32f1xx_hal_tim_ex.o
    0x08000b70   0x08000b70   0x0000005a   Code   RO          360    i.HAL_TIM_Base_Init  stm32f1xx_hal_tim.o
    0x08000bca   0x08000bca   0x00000002   PAD
    0x08000bcc   0x08000bcc   0x00000050   Code   RO          282    i.HAL_TIM_Base_MspInit  stm32f1xx_hal_msp.o
    0x08000c1c   0x08000c1c   0x00000050   Code   RO          363    i.HAL_TIM_Base_Start  stm32f1xx_hal_tim.o
    0x08000c6c   0x08000c6c   0x00000058   Code   RO          365    i.HAL_TIM_Base_Start_IT  stm32f1xx_hal_tim.o
    0x08000cc4   0x08000cc4   0x000000dc   Code   RO          369    i.HAL_TIM_ConfigClockSource  stm32f1xx_hal_tim.o
    0x08000da0   0x08000da0   0x00000002   Code   RO          394    i.HAL_TIM_IC_CaptureCallback  stm32f1xx_hal_tim.o
    0x08000da2   0x08000da2   0x00000130   Code   RO          408    i.HAL_TIM_IRQHandler  stm32f1xx_hal_tim.o
    0x08000ed2   0x08000ed2   0x00000002   PAD
    0x08000ed4   0x08000ed4   0x00000048   Code   RO          283    i.HAL_TIM_MspPostInit  stm32f1xx_hal_msp.o
    0x08000f1c   0x08000f1c   0x00000002   Code   RO          411    i.HAL_TIM_OC_DelayElapsedCallback  stm32f1xx_hal_tim.o
    0x08000f1e   0x08000f1e   0x000000cc   Code   RO          432    i.HAL_TIM_PWM_ConfigChannel  stm32f1xx_hal_tim.o
    0x08000fea   0x08000fea   0x0000005a   Code   RO          435    i.HAL_TIM_PWM_Init  stm32f1xx_hal_tim.o
    0x08001044   0x08001044   0x00000002   Code   RO          437    i.HAL_TIM_PWM_MspInit  stm32f1xx_hal_tim.o
    0x08001046   0x08001046   0x00000002   Code   RO          438    i.HAL_TIM_PWM_PulseFinishedCallback  stm32f1xx_hal_tim.o
    0x08001048   0x08001048   0x0000009c   Code   RO          440    i.HAL_TIM_PWM_Start  stm32f1xx_hal_tim.o
    0x080010e4   0x080010e4   0x00000100   Code   RO         2397    i.HAL_TIM_PeriodElapsedCallback  my_interrupt.o
    0x080011e4   0x080011e4   0x00000002   Code   RO          451    i.HAL_TIM_TriggerCallback  stm32f1xx_hal_tim.o
    0x080011e6   0x080011e6   0x00000002   Code   RO          200    i.HardFault_Handler  stm32f1xx_it.o
    0x080011e8   0x080011e8   0x00000092   Code   RO         2965    i.MPU6050_GetData   mpu6050.o
    0x0800127a   0x0800127a   0x00000040   Code   RO         2967    i.MPU6050_Init      mpu6050.o
    0x080012ba   0x080012ba   0x0000003e   Code   RO         2968    i.MPU6050_ReadReg   mpu6050.o
    0x080012f8   0x080012f8   0x00000030   Code   RO         2969    i.MPU6050_WriteReg  mpu6050.o
    0x08001328   0x08001328   0x00000098   Code   RO           14    i.MX_GPIO_Init      main.o
    0x080013c0   0x080013c0   0x000000c8   Code   RO           15    i.MX_TIM2_Init      main.o
    0x08001488   0x08001488   0x00000068   Code   RO           16    i.MX_TIM3_Init      main.o
    0x080014f0   0x080014f0   0x00000002   Code   RO          201    i.MemManage_Handler  stm32f1xx_it.o
    0x080014f2   0x080014f2   0x00000002   PAD
    0x080014f4   0x080014f4   0x0000003c   Code   RO         3022    i.MyI2C_GPIO_Init   myi2c.o
    0x08001530   0x08001530   0x0000000c   Code   RO         3023    i.MyI2C_R_SDA       myi2c.o
    0x0800153c   0x0800153c   0x0000001e   Code   RO         3024    i.MyI2C_ReceiveAck  myi2c.o
    0x0800155a   0x0800155a   0x00000034   Code   RO         3025    i.MyI2C_ReceiveByte  myi2c.o
    0x0800158e   0x0800158e   0x00000016   Code   RO         3026    i.MyI2C_SendAck     myi2c.o
    0x080015a4   0x080015a4   0x00000028   Code   RO         3027    i.MyI2C_SendByte    myi2c.o
    0x080015cc   0x080015cc   0x0000001e   Code   RO         3028    i.MyI2C_Start       myi2c.o
    0x080015ea   0x080015ea   0x00000018   Code   RO         3029    i.MyI2C_Stop        myi2c.o
    0x08001602   0x08001602   0x00000002   PAD
    0x08001604   0x08001604   0x0000001c   Code   RO         3030    i.MyI2C_W_SCL       myi2c.o
    0x08001620   0x08001620   0x0000001c   Code   RO         3031    i.MyI2C_W_SDA       myi2c.o
    0x0800163c   0x0800163c   0x00000002   Code   RO          202    i.NMI_Handler       stm32f1xx_it.o
    0x0800163e   0x0800163e   0x00000018   Code   RO         2716    i.NRF24L01_FlushRx  nrf24l01.o
    0x08001656   0x08001656   0x00000018   Code   RO         2717    i.NRF24L01_FlushTx  nrf24l01.o
    0x0800166e   0x0800166e   0x00000002   PAD
    0x08001670   0x08001670   0x00000064   Code   RO         2718    i.NRF24L01_GPIO_Init  nrf24l01.o
    0x080016d4   0x080016d4   0x0000006c   Code   RO         2719    i.NRF24L01_Init     nrf24l01.o
    0x08001740   0x08001740   0x00000018   Code   RO         2721    i.NRF24L01_R_MISO   nrf24l01.o
    0x08001758   0x08001758   0x00000022   Code   RO         2722    i.NRF24L01_ReadReg  nrf24l01.o
    0x0800177a   0x0800177a   0x00000030   Code   RO         2724    i.NRF24L01_ReadRxPayload  nrf24l01.o
    0x080017aa   0x080017aa   0x0000001a   Code   RO         2725    i.NRF24L01_ReadStatus  nrf24l01.o
    0x080017c4   0x080017c4   0x0000004c   Code   RO         2726    i.NRF24L01_Receive  nrf24l01.o
    0x08001810   0x08001810   0x00000028   Code   RO         2727    i.NRF24L01_Rx       nrf24l01.o
    0x08001838   0x08001838   0x0000003a   Code   RO         2728    i.NRF24L01_SPI_SwapByte  nrf24l01.o
    0x08001872   0x08001872   0x00000002   PAD
    0x08001874   0x08001874   0x00000078   Code   RO         2729    i.NRF24L01_Send     nrf24l01.o
    0x080018ec   0x080018ec   0x0000002c   Code   RO         2731    i.NRF24L01_Tx       nrf24l01.o
    0x08001918   0x08001918   0x00000014   Code   RO         2733    i.NRF24L01_W_CE     nrf24l01.o
    0x0800192c   0x0800192c   0x00000014   Code   RO         2734    i.NRF24L01_W_CSN    nrf24l01.o
    0x08001940   0x08001940   0x00000018   Code   RO         2735    i.NRF24L01_W_MOSI   nrf24l01.o
    0x08001958   0x08001958   0x00000018   Code   RO         2736    i.NRF24L01_W_SCK    nrf24l01.o
    0x08001970   0x08001970   0x00000024   Code   RO         2737    i.NRF24L01_WriteReg  nrf24l01.o
    0x08001994   0x08001994   0x00000032   Code   RO         2738    i.NRF24L01_WriteRegs  nrf24l01.o
    0x080019c6   0x080019c6   0x0000002e   Code   RO         2739    i.NRF24L01_WriteTxPayload  nrf24l01.o
    0x080019f4   0x080019f4   0x00000028   Code   RO         2451    i.OLED_Clear        oled.o
    0x08001a1c   0x08001a1c   0x0000005c   Code   RO         2452    i.OLED_ClearArea    oled.o
    0x08001a78   0x08001a78   0x00000026   Code   RO         2460    i.OLED_GPIO_Init    oled.o
    0x08001a9e   0x08001a9e   0x0000003a   Code   RO         2462    i.OLED_I2C_SendByte  oled.o
    0x08001ad8   0x08001ad8   0x0000001e   Code   RO         2463    i.OLED_I2C_Start    oled.o
    0x08001af6   0x08001af6   0x00000018   Code   RO         2464    i.OLED_I2C_Stop     oled.o
    0x08001b0e   0x08001b0e   0x0000009c   Code   RO         2465    i.OLED_Init         oled.o
    0x08001baa   0x08001baa   0x0000000e   Code   RO         2467    i.OLED_Pow          oled.o
    0x08001bb8   0x08001bb8   0x00000022   Code   RO         2471    i.OLED_SetCursor    oled.o
    0x08001bda   0x08001bda   0x00000002   PAD
    0x08001bdc   0x08001bdc   0x0000003c   Code   RO         2473    i.OLED_ShowChar     oled.o
    0x08001c18   0x08001c18   0x000000be   Code   RO         2475    i.OLED_ShowFloatNum  oled.o
    0x08001cd6   0x08001cd6   0x00000002   PAD
    0x08001cd8   0x08001cd8   0x000000bc   Code   RO         2477    i.OLED_ShowImage    oled.o
    0x08001d94   0x08001d94   0x00000046   Code   RO         2478    i.OLED_ShowNum      oled.o
    0x08001dda   0x08001dda   0x00000002   PAD
    0x08001ddc   0x08001ddc   0x00000028   Code   RO         2481    i.OLED_Update       oled.o
    0x08001e04   0x08001e04   0x00000010   Code   RO         2483    i.OLED_W_SCL        oled.o
    0x08001e14   0x08001e14   0x00000010   Code   RO         2484    i.OLED_W_SDA        oled.o
    0x08001e24   0x08001e24   0x00000022   Code   RO         2485    i.OLED_WriteCommand  oled.o
    0x08001e46   0x08001e46   0x00000030   Code   RO         2486    i.OLED_WriteData    oled.o
    0x08001e76   0x08001e76   0x00000002   PAD
    0x08001e78   0x08001e78   0x000000b8   Code   RO         2398    i.PackNRF24L01Packet  my_interrupt.o
    0x08001f30   0x08001f30   0x00000002   Code   RO          203    i.PendSV_Handler    stm32f1xx_it.o
    0x08001f32   0x08001f32   0x00000002   Code   RO          204    i.SVC_Handler       stm32f1xx_it.o
    0x08001f34   0x08001f34   0x00000004   Code   RO          205    i.SysTick_Handler   stm32f1xx_it.o
    0x08001f38   0x08001f38   0x0000005e   Code   RO           17    i.SystemClock_Config  main.o
    0x08001f96   0x08001f96   0x00000002   Code   RO         2309    i.SystemInit        system_stm32f1xx.o
    0x08001f98   0x08001f98   0x0000000c   Code   RO          206    i.TIM3_IRQHandler   stm32f1xx_it.o
    0x08001fa4   0x08001fa4   0x00000078   Code   RO          453    i.TIM_Base_SetConfig  stm32f1xx_hal_tim.o
    0x0800201c   0x0800201c   0x0000001a   Code   RO          454    i.TIM_CCxChannelCmd  stm32f1xx_hal_tim.o
    0x08002036   0x08002036   0x00000014   Code   RO          464    i.TIM_ETR_SetConfig  stm32f1xx_hal_tim.o
    0x0800204a   0x0800204a   0x00000010   Code   RO          465    i.TIM_ITRx_SetConfig  stm32f1xx_hal_tim.o
    0x0800205a   0x0800205a   0x00000002   PAD
    0x0800205c   0x0800205c   0x00000050   Code   RO          466    i.TIM_OC1_SetConfig  stm32f1xx_hal_tim.o
    0x080020ac   0x080020ac   0x00000058   Code   RO          467    i.TIM_OC2_SetConfig  stm32f1xx_hal_tim.o
    0x08002104   0x08002104   0x00000058   Code   RO          468    i.TIM_OC3_SetConfig  stm32f1xx_hal_tim.o
    0x0800215c   0x0800215c   0x00000044   Code   RO          469    i.TIM_OC4_SetConfig  stm32f1xx_hal_tim.o
    0x080021a0   0x080021a0   0x00000022   Code   RO          471    i.TIM_TI1_ConfigInputStage  stm32f1xx_hal_tim.o
    0x080021c2   0x080021c2   0x00000024   Code   RO          473    i.TIM_TI2_ConfigInputStage  stm32f1xx_hal_tim.o
    0x080021e6   0x080021e6   0x00000002   PAD
    0x080021e8   0x080021e8   0x000000ac   Code   RO         2399    i.UnpackNRF24L01Packet  my_interrupt.o
    0x08002294   0x08002294   0x00000002   Code   RO          207    i.UsageFault_Handler  stm32f1xx_it.o
    0x08002296   0x08002296   0x00000026   Code   RO         3437    i.__ARM_fpclassifyf  m_ws.l(fpclassifyf.o)
    0x080022bc   0x080022bc   0x00000020   Code   RO         1821    i.__NVIC_SetPriority  stm32f1xx_hal_cortex.o
    0x080022dc   0x080022dc   0x00000006   Code   RO         3440    i.__mathlib_flt_infnan  m_ws.l(funder.o)
    0x080022e2   0x080022e2   0x00000004   Code   RO         3441    i.__mathlib_flt_infnan2  m_ws.l(funder.o)
    0x080022e6   0x080022e6   0x00000008   Code   RO         3442    i.__mathlib_flt_invalid  m_ws.l(funder.o)
    0x080022ee   0x080022ee   0x0000000a   Code   RO         3445    i.__mathlib_flt_underflow  m_ws.l(funder.o)
    0x080022f8   0x080022f8   0x00000124   Code   RO         3259    i.asinf             m_ws.l(asinf.o)
    0x0800241c   0x0800241c   0x0000025c   Code   RO         3275    i.atan2f            m_ws.l(atan2f.o)
    0x08002678   0x08002678   0x00000018   Code   RO         2876    i.begin             madgwickahrs.o
    0x08002690   0x08002690   0x000000c4   Code   RO         2877    i.computeAngles     madgwickahrs.o
    0x08002754   0x08002754   0x00000050   Code   RO           18    i.dataGetAndFilter  main.o
    0x080027a4   0x080027a4   0x000000b4   Code   RO           19    i.dataGetERROR      main.o
    0x08002858   0x08002858   0x000001f0   Code   RO           20    i.getMPU6050Data    main.o
    0x08002a48   0x08002a48   0x00000020   Code   RO         2878    i.getPitch          madgwickahrs.o
    0x08002a68   0x08002a68   0x00000020   Code   RO         2880    i.getRoll           madgwickahrs.o
    0x08002a88   0x08002a88   0x00000020   Code   RO         2882    i.getYaw            madgwickahrs.o
    0x08002aa8   0x08002aa8   0x00000058   Code   RO         2884    i.invSqrt           madgwickahrs.o
    0x08002b00   0x08002b00   0x00000164   Code   RO           21    i.main              main.o
    0x08002c64   0x08002c64   0x00000094   Code   RO         3282    i.round             m_ws.l(round.o)
    0x08002cf8   0x08002cf8   0x0000002c   Code   RO         3285    i.sqrtf             m_ws.l(sqrtf.o)
    0x08002d24   0x08002d24   0x000004ba   Code   RO         2886    i.updateIMU         madgwickahrs.o
    0x080031de   0x080031de   0x00000002   PAD
    0x080031e0   0x080031e0   0x00000062   Code   RO         3194    x$fpl$d2f           fz_ws.l(d2f.o)
    0x08003242   0x08003242   0x00000002   PAD
    0x08003244   0x08003244   0x00000150   Code   RO         3196    x$fpl$dadd          fz_ws.l(daddsub_clz.o)
    0x08003394   0x08003394   0x00000018   Code   RO         3386    x$fpl$dcmpinf       fz_ws.l(dcmpi.o)
    0x080033ac   0x080033ac   0x0000005a   Code   RO         3210    x$fpl$dfixu         fz_ws.l(dfixu.o)
    0x08003406   0x08003406   0x00000026   Code   RO         3214    x$fpl$dfltu         fz_ws.l(dflt_clz.o)
    0x0800342c   0x0800342c   0x00000078   Code   RO         3220    x$fpl$dleqf         fz_ws.l(dleqf.o)
    0x080034a4   0x080034a4   0x00000154   Code   RO         3222    x$fpl$dmul          fz_ws.l(dmul.o)
    0x080035f8   0x080035f8   0x0000009c   Code   RO         3388    x$fpl$dnaninf       fz_ws.l(dnaninf.o)
    0x08003694   0x08003694   0x0000000c   Code   RO         3390    x$fpl$dretinf       fz_ws.l(dretinf.o)
    0x080036a0   0x080036a0   0x0000006c   Code   RO         3224    x$fpl$drleqf        fz_ws.l(drleqf.o)
    0x0800370c   0x0800370c   0x000000b4   Code   RO         3392    x$fpl$drnd          fz_ws.l(drnd.o)
    0x080037c0   0x080037c0   0x00000016   Code   RO         3197    x$fpl$drsb          fz_ws.l(daddsub_clz.o)
    0x080037d6   0x080037d6   0x00000002   PAD
    0x080037d8   0x080037d8   0x000001d4   Code   RO         3198    x$fpl$dsub          fz_ws.l(daddsub_clz.o)
    0x080039ac   0x080039ac   0x00000056   Code   RO         3226    x$fpl$f2d           fz_ws.l(f2d.o)
    0x08003a02   0x08003a02   0x00000002   PAD
    0x08003a04   0x08003a04   0x000000c4   Code   RO         3228    x$fpl$fadd          fz_ws.l(faddsub_clz.o)
    0x08003ac8   0x08003ac8   0x0000000c   Code   RO         3394    x$fpl$fcheck1       fz_ws.l(fcheck1.o)
    0x08003ad4   0x08003ad4   0x00000184   Code   RO         3235    x$fpl$fdiv          fz_ws.l(fdiv.o)
    0x08003c58   0x08003c58   0x00000036   Code   RO         3240    x$fpl$ffix          fz_ws.l(ffix.o)
    0x08003c8e   0x08003c8e   0x00000002   PAD
    0x08003c90   0x08003c90   0x00000030   Code   RO         3245    x$fpl$fflt          fz_ws.l(fflt_clz.o)
    0x08003cc0   0x08003cc0   0x00000026   Code   RO         3244    x$fpl$ffltu         fz_ws.l(fflt_clz.o)
    0x08003ce6   0x08003ce6   0x00000002   PAD
    0x08003ce8   0x08003ce8   0x00000102   Code   RO         3252    x$fpl$fmul          fz_ws.l(fmul.o)
    0x08003dea   0x08003dea   0x0000008c   Code   RO         3398    x$fpl$fnaninf       fz_ws.l(fnaninf.o)
    0x08003e76   0x08003e76   0x0000000a   Code   RO         3400    x$fpl$fretinf       fz_ws.l(fretinf.o)
    0x08003e80   0x08003e80   0x00000014   Code   RO         3229    x$fpl$frsb          fz_ws.l(faddsub_clz.o)
    0x08003e94   0x08003e94   0x00000110   Code   RO         3402    x$fpl$fsqrt         fz_ws.l(fsqrt.o)
    0x08003fa4   0x08003fa4   0x000000ea   Code   RO         3230    x$fpl$fsub          fz_ws.l(faddsub_clz.o)
    0x0800408e   0x0800408e   0x00000064   Code   RO         3492    x$fpl$retnan        fz_ws.l(retnan.o)
    0x080040f2   0x080040f2   0x0000004c   Code   RO         3256    x$fpl$scalbnf       fz_ws.l(scalbnf.o)
    0x0800413e   0x0800413e   0x00000030   Code   RO         3554    x$fpl$trapveneer    fz_ws.l(trapv.o)
    0x0800416e   0x0800416e   0x00000000   Code   RO         3412    x$fpl$usenofp       fz_ws.l(usenofp.o)
    0x0800416e   0x0800416e   0x00000012   Data   RO         1519    .constdata          stm32f1xx_hal_rcc.o
    0x08004180   0x08004180   0x00000010   Data   RO         2310    .constdata          system_stm32f1xx.o
    0x08004190   0x08004190   0x000005f0   Data   RO         2698    .constdata          oled_data.o
    0x08004780   0x08004780   0x0000023a   Data   RO         2699    .constdata          oled_data.o
    0x080049ba   0x080049ba   0x00000002   PAD
    0x080049bc   0x080049bc   0x00000020   Data   RO         3683    Region$$Table       anon$$obj.o


    Execution Region RW_IRAM1 (Exec base: 0x20000000, Load base: 0x080049dc, Size: 0x00000bf0, Max: 0x00005000, ABSOLUTE)

    Exec Addr    Load Addr    Size         Type   Attr      Idx    E Section Name        Object

    0x20000000   0x080049dc   0x00000050   Data   RW           23    .data               main.o
    0x20000050   0x08004a2c   0x00000001   Data   RW           24    .data               main.o
    0x20000051   0x08004a2d   0x00000003   PAD
    0x20000054   0x08004a30   0x0000000c   Data   RW         1356    .data               stm32f1xx_hal.o
    0x20000060   0x08004a3c   0x00000004   Data   RW         2312    .data               system_stm32f1xx.o
    0x20000064   0x08004a40   0x00000004   Data   RW         2401    .data               my_interrupt.o
    0x20000068   0x08004a44   0x0000001a   Data   RW         2740    .data               nrf24l01.o
    0x20000082   0x08004a5e   0x00000002   PAD
    0x20000084   0x08004a60   0x00000028   Data   RW         2887    .data               madgwickahrs.o
    0x200000ac        -       0x000000a8   Zero   RW           22    .bss                main.o
    0x20000154        -       0x00000038   Zero   RW         2400    .bss                my_interrupt.o
    0x2000018c        -       0x00000400   Zero   RW         2488    .bss                oled.o
    0x2000058c        -       0x00000060   Zero   RW         3501    .bss                c_w.l(libspace.o)
    0x200005ec   0x08004a88   0x00000004   PAD
    0x200005f0        -       0x00000200   Zero   RW            2    HEAP                startup_stm32f103xb.o
    0x200007f0        -       0x00000400   Zero   RW            1    STACK               startup_stm32f103xb.o


==============================================================================

Image component sizes


      Code (inc. data)   RO Data    RW Data    ZI Data      Debug   Object Name

        96         22          0          0          0       1637   delay.o
      1614         52          0         40          0       4373   madgwickahrs.o
      1662        126          0         81        168     423056   main.o
       320          0          0          0          0       2622   mpu6050.o
       612         64          0          4         56       3685   my_interrupt.o
       326         22          0          0          0       4859   myi2c.o
       946         46          0         26          0      11211   nrf24l01.o
      1148         44          0          0       1024      10681   oled.o
         0          0       2090          0          0       1030   oled_data.o
        64         26        236          0       1536        784   startup_stm32f103xb.o
       128         24          0         12          0       5117   stm32f1xx_hal.o
       198         14          0          0          0      28779   stm32f1xx_hal_cortex.o
       500         34          0          0          0       3407   stm32f1xx_hal_gpio.o
       212         26          0          0          0       2075   stm32f1xx_hal_msp.o
      1176         60         18          0          0       3886   stm32f1xx_hal_rcc.o
      1818         70          0          0          0      16163   stm32f1xx_hal_tim.o
       108         12          0          0          0       2297   stm32f1xx_hal_tim_ex.o
        32          6          0          0          0       4044   stm32f1xx_it.o
         2          0         16          4          0       1035   system_stm32f1xx.o

    ----------------------------------------------------------------------
     10992        648       2394        172       2784     530741   Object Totals
         0          0         32          0          0          0   (incl. Generated)
        30          0          2          5          0          0   (incl. Padding)

    ----------------------------------------------------------------------

      Code (inc. data)   RO Data    RW Data    ZI Data      Debug   Library Member Name

         8          0          0          0          0         68   __main.o
         0          0          0          0          0          0   __rtentry.o
        12          0          0          0          0          0   __rtentry2.o
         6          0          0          0          0          0   __rtentry4.o
        52          8          0          0          0          0   __scatter.o
        26          0          0          0          0          0   __scatter_copy.o
        28          0          0          0          0          0   __scatter_zi.o
        22          0          0          0          0        100   _rserrno.o
        18          0          0          0          0         80   exit.o
         6          0          0          0          0        152   heapauxi.o
         0          0          0          0          0          0   indicate_semi.o
         2          0          0          0          0          0   libinit.o
         2          0          0          0          0          0   libinit2.o
         2          0          0          0          0          0   libshutdown.o
         2          0          0          0          0          0   libshutdown2.o
         8          4          0          0         96         68   libspace.o
         8          4          0          0          0         68   rt_errno_addr_intlibspace.o
        78          0          0          0          0         80   rt_memclr_w.o
         2          0          0          0          0          0   rtexit.o
        10          0          0          0          0          0   rtexit2.o
        12          4          0          0          0         68   sys_exit.o
        74          0          0          0          0         80   sys_stackheap_outer.o
         2          0          0          0          0         68   use_no_semi.o
        98          4          0          0          0         92   d2f.o
       826         16          0          0          0        348   daddsub_clz.o
        24          0          0          0          0         68   dcmpi.o
        90          4          0          0          0         92   dfixu.o
        38          0          0          0          0         68   dflt_clz.o
       120          4          0          0          0         92   dleqf.o
       340         12          0          0          0        104   dmul.o
       156          4          0          0          0         92   dnaninf.o
        12          0          0          0          0         68   dretinf.o
       108          0          0          0          0         80   drleqf.o
       180          4          0          0          0         80   drnd.o
        86          4          0          0          0         84   f2d.o
       450          8          0          0          0        236   faddsub_clz.o
        12          4          0          0          0         68   fcheck1.o
       388         76          0          0          0         96   fdiv.o
        54          4          0          0          0         84   ffix.o
        86          0          0          0          0        136   fflt_clz.o
       258          4          0          0          0         84   fmul.o
       140          4          0          0          0         84   fnaninf.o
        10          0          0          0          0         68   fretinf.o
       272        100          0          0          0         88   fsqrt.o
       100          0          0          0          0         68   retnan.o
        76          0          0          0          0         68   scalbnf.o
        48          0          0          0          0         68   trapv.o
         0          0          0          0          0          0   usenofp.o
       292         38          0          0          0        120   asinf.o
       604         76          0          0          0        116   atan2f.o
        38          0          0          0          0         68   fpclassifyf.o
        28          0          0          0          0        272   funder.o
       148         12          0          0          0         88   round.o
        44          0          0          0          0         80   sqrtf.o

    ----------------------------------------------------------------------
      5522        398          0          0        100       3992   Library Totals
        16          0          0          0          4          0   (incl. Padding)

    ----------------------------------------------------------------------

      Code (inc. data)   RO Data    RW Data    ZI Data      Debug   Library Name

       380         20          0          0         96        832   c_w.l
      3972        252          0          0          0       2416   fz_ws.l
      1154        126          0          0          0        744   m_ws.l

    ----------------------------------------------------------------------
      5522        398          0          0        100       3992   Library Totals

    ----------------------------------------------------------------------

==============================================================================


      Code (inc. data)   RO Data    RW Data    ZI Data      Debug   

     16514       1046       2394        172       2884     526045   Grand Totals
     16514       1046       2394        172       2884     526045   ELF Image Totals
     16514       1046       2394        172          0          0   ROM Totals

==============================================================================

    Total RO  Size (Code + RO Data)                18908 (  18.46kB)
    Total RW  Size (RW Data + ZI Data)              3056 (   2.98kB)
    Total ROM Size (Code + RO Data + RW Data)      19080 (  18.63kB)

==============================================================================

