Component: ARM Compiler 5.06 update 6 (build 750) Tool: armlink [4d35ed]

==============================================================================

Section Cross References

    startup_stm32f103xb.o(STACK) refers (Special) to heapauxi.o(.text) for __use_two_region_memory
    startup_stm32f103xb.o(HEAP) refers (Special) to heapauxi.o(.text) for __use_two_region_memory
    startup_stm32f103xb.o(RESET) refers (Special) to heapauxi.o(.text) for __use_two_region_memory
    startup_stm32f103xb.o(RESET) refers to startup_stm32f103xb.o(STACK) for __initial_sp
    startup_stm32f103xb.o(RESET) refers to startup_stm32f103xb.o(.text) for Reset_Handler
    startup_stm32f103xb.o(RESET) refers to stm32f1xx_it.o(i.NMI_Handler) for NMI_Handler
    startup_stm32f103xb.o(RESET) refers to stm32f1xx_it.o(i.HardFault_Handler) for HardFault_Handler
    startup_stm32f103xb.o(RESET) refers to stm32f1xx_it.o(i.MemManage_Handler) for MemManage_Handler
    startup_stm32f103xb.o(RESET) refers to stm32f1xx_it.o(i.BusFault_Handler) for BusFault_Handler
    startup_stm32f103xb.o(RESET) refers to stm32f1xx_it.o(i.UsageFault_Handler) for UsageFault_Handler
    startup_stm32f103xb.o(RESET) refers to stm32f1xx_it.o(i.SVC_Handler) for SVC_Handler
    startup_stm32f103xb.o(RESET) refers to stm32f1xx_it.o(i.DebugMon_Handler) for DebugMon_Handler
    startup_stm32f103xb.o(RESET) refers to stm32f1xx_it.o(i.PendSV_Handler) for PendSV_Handler
    startup_stm32f103xb.o(RESET) refers to stm32f1xx_it.o(i.SysTick_Handler) for SysTick_Handler
    startup_stm32f103xb.o(RESET) refers to stm32f1xx_it.o(i.TIM2_IRQHandler) for TIM2_IRQHandler
    startup_stm32f103xb.o(RESET) refers to stm32f1xx_it.o(i.TIM3_IRQHandler) for TIM3_IRQHandler
    startup_stm32f103xb.o(.text) refers (Special) to heapauxi.o(.text) for __use_two_region_memory
    startup_stm32f103xb.o(.text) refers to system_stm32f1xx.o(i.SystemInit) for SystemInit
    startup_stm32f103xb.o(.text) refers to __main.o(!!!main) for __main
    startup_stm32f103xb.o(.text) refers to startup_stm32f103xb.o(HEAP) for Heap_Mem
    startup_stm32f103xb.o(.text) refers to startup_stm32f103xb.o(STACK) for Stack_Mem
    main.o(.rev16_text) refers (Special) to use_no_semi_2.o(.text) for __use_no_semihosting
    main.o(.revsh_text) refers (Special) to use_no_semi_2.o(.text) for __use_no_semihosting
    main.o(.rrx_text) refers (Special) to use_no_semi_2.o(.text) for __use_no_semihosting
    main.o(i.Error_Handler) refers (Special) to use_no_semi_2.o(.text) for __use_no_semihosting
    main.o(i.MX_GPIO_Init) refers (Special) to use_no_semi_2.o(.text) for __use_no_semihosting
    main.o(i.MX_GPIO_Init) refers to stm32f1xx_hal_gpio.o(i.HAL_GPIO_WritePin) for HAL_GPIO_WritePin
    main.o(i.MX_GPIO_Init) refers to stm32f1xx_hal_gpio.o(i.HAL_GPIO_Init) for HAL_GPIO_Init
    main.o(i.MX_TIM2_Init) refers (Special) to use_no_semi_2.o(.text) for __use_no_semihosting
    main.o(i.MX_TIM2_Init) refers to stm32f1xx_hal_tim.o(i.HAL_TIM_Base_Init) for HAL_TIM_Base_Init
    main.o(i.MX_TIM2_Init) refers to stm32f1xx_hal_tim.o(i.HAL_TIM_ConfigClockSource) for HAL_TIM_ConfigClockSource
    main.o(i.MX_TIM2_Init) refers to stm32f1xx_hal_tim_ex.o(i.HAL_TIMEx_MasterConfigSynchronization) for HAL_TIMEx_MasterConfigSynchronization
    main.o(i.MX_TIM2_Init) refers to main.o(.bss) for .bss
    main.o(i.MX_TIM3_Init) refers (Special) to use_no_semi_2.o(.text) for __use_no_semihosting
    main.o(i.MX_TIM3_Init) refers to stm32f1xx_hal_tim.o(i.HAL_TIM_Base_Init) for HAL_TIM_Base_Init
    main.o(i.MX_TIM3_Init) refers to stm32f1xx_hal_tim.o(i.HAL_TIM_ConfigClockSource) for HAL_TIM_ConfigClockSource
    main.o(i.MX_TIM3_Init) refers to stm32f1xx_hal_tim.o(i.HAL_TIM_IC_Init) for HAL_TIM_IC_Init
    main.o(i.MX_TIM3_Init) refers to stm32f1xx_hal_tim_ex.o(i.HAL_TIMEx_MasterConfigSynchronization) for HAL_TIMEx_MasterConfigSynchronization
    main.o(i.MX_TIM3_Init) refers to stm32f1xx_hal_tim.o(i.HAL_TIM_IC_ConfigChannel) for HAL_TIM_IC_ConfigChannel
    main.o(i.MX_TIM3_Init) refers to main.o(.bss) for .bss
    main.o(i.SystemClock_Config) refers (Special) to use_no_semi_2.o(.text) for __use_no_semihosting
    main.o(i.SystemClock_Config) refers to rt_memclr_w.o(.text) for __aeabi_memclr4
    main.o(i.SystemClock_Config) refers to stm32f1xx_hal_rcc.o(i.HAL_RCC_OscConfig) for HAL_RCC_OscConfig
    main.o(i.SystemClock_Config) refers to stm32f1xx_hal_rcc.o(i.HAL_RCC_ClockConfig) for HAL_RCC_ClockConfig
    main.o(i._sys_command_string) refers (Special) to use_no_semi_2.o(.text) for __use_no_semihosting
    main.o(i._sys_exit) refers (Special) to use_no_semi_2.o(.text) for __use_no_semihosting
    main.o(i._ttywrch) refers (Special) to use_no_semi_2.o(.text) for __use_no_semihosting
    main.o(i.dataGetAndFilter) refers (Special) to use_no_semi_2.o(.text) for __use_no_semihosting
    main.o(i.dataGetAndFilter) refers to main.o(i.getMPU6050Data) for getMPU6050Data
[...]
    i.quat_rotate_vector_arry                0x08003abe   Section        0  draw_3d.o(i.quat_rotate_vector_arry)
    i.read_to_fly                            0x08003b44   Section        0  menu.o(i.read_to_fly)
    i.round                                  0x08003c20   Section        0  round.o(i.round)
    i.scan_keys                              0x08003cb4   Section        0  menu.o(i.scan_keys)
    i.sinf                                   0x08003d44   Section        0  sinf.o(i.sinf)
    i.sqrtf                                  0x08003ecc   Section        0  sqrtf.o(i.sqrtf)
    i.updateIMU                              0x08003ef8   Section        0  madgwickahrs.o(i.updateIMU)
    x$fpl$d2f                                0x080043b4   Section       98  d2f.o(x$fpl$d2f)
    x$fpl$dadd                               0x08004418   Section      336  daddsub_clz.o(x$fpl$dadd)
    _dadd1                                   0x08004429   Thumb Code     0  daddsub_clz.o(x$fpl$dadd)
    x$fpl$dcmpinf                            0x08004568   Section       24  dcmpi.o(x$fpl$dcmpinf)
    x$fpl$dfixu                              0x08004580   Section       90  dfixu.o(x$fpl$dfixu)
    x$fpl$dfltu                              0x080045da   Section       38  dflt_clz.o(x$fpl$dfltu)
    x$fpl$dleqf                              0x08004600   Section      120  dleqf.o(x$fpl$dleqf)
    x$fpl$dmul                               0x08004678   Section      340  dmul.o(x$fpl$dmul)
    x$fpl$dnaninf                            0x080047cc   Section      156  dnaninf.o(x$fpl$dnaninf)
    x$fpl$dretinf                            0x08004868   Section       12  dretinf.o(x$fpl$dretinf)
    x$fpl$drleqf                             0x08004874   Section      108  drleqf.o(x$fpl$drleqf)
    x$fpl$drnd                               0x080048e0   Section      180  drnd.o(x$fpl$drnd)
    x$fpl$drsb                               0x08004994   Section       22  daddsub_clz.o(x$fpl$drsb)
    x$fpl$dsub                               0x080049ac   Section      468  daddsub_clz.o(x$fpl$dsub)
    _dsub1                                   0x080049bd   Thumb Code     0  daddsub_clz.o(x$fpl$dsub)
    x$fpl$f2d                                0x08004b80   Section       86  f2d.o(x$fpl$f2d)
    x$fpl$fadd                               0x08004bd8   Section      196  faddsub_clz.o(x$fpl$fadd)
    _fadd1                                   0x08004be7   Thumb Code     0  faddsub_clz.o(x$fpl$fadd)
    x$fpl$fcheck1                            0x08004c9c   Section       12  fcheck1.o(x$fpl$fcheck1)
    x$fpl$fdiv                               0x08004ca8   Section      388  fdiv.o(x$fpl$fdiv)
    _fdiv1                                   0x08004ca9   Thumb Code     0  fdiv.o(x$fpl$fdiv)
    x$fpl$ffix                               0x08004e2c   Section       54  ffix.o(x$fpl$ffix)
    x$fpl$fflt                               0x08004e64   Section       48  fflt_clz.o(x$fpl$fflt)
    x$fpl$ffltu                              0x08004e94   Section       38  fflt_clz.o(x$fpl$ffltu)
    x$fpl$fmul                               0x08004ebc   Section      258  fmul.o(x$fpl$fmul)
    x$fpl$fnaninf                            0x08004fbe   Section      140  fnaninf.o(x$fpl$fnaninf)
    x$fpl$fretinf                            0x0800504a   Section       10  fretinf.o(x$fpl$fretinf)
    x$fpl$frnd                               0x08005054   Section       96  frnd.o(x$fpl$frnd)
    x$fpl$frsb                               0x080050b4   Section       20  faddsub_clz.o(x$fpl$frsb)
    x$fpl$fsqrt                              0x080050c8   Section      272  fsqrt.o(x$fpl$fsqrt)
    x$fpl$fsub                               0x080051d8   Section      234  faddsub_clz.o(x$fpl$fsub)
    _fsub1                                   0x080051e7   Thumb Code     0  faddsub_clz.o(x$fpl$fsub)
    x$fpl$retnan                             0x080052c2   Section      100  retnan.o(x$fpl$retnan)
    x$fpl$scalbnf                            0x08005326   Section       76  scalbnf.o(x$fpl$scalbnf)
    x$fpl$trapveneer                         0x08005372   Section       48  trapv.o(x$fpl$trapveneer)
    .constdata                               0x080053a2   Section       18  stm32f1xx_hal_rcc.o(.constdata)
    x$fpl$usenofp                            0x080053a2   Section        0  usenofp.o(x$fpl$usenofp)
    aPredivFactorTable                       0x080053a2   Data           2  stm32f1xx_hal_rcc.o(.constdata)
    aPLLMULFactorTable                       0x080053a4   Data          16  stm32f1xx_hal_rcc.o(.constdata)
    .constdata                               0x080053b4   Section       16  system_stm32f1xx.o(.constdata)
    .constdata                               0x080053c4   Section        8  system_stm32f1xx.o(.constdata)
    .constdata                               0x080053cc   Section     1520  oled_data.o(.constdata)
    .constdata                               0x080059bc   Section      570  oled_data.o(.constdata)
    .constdata                               0x08005bf8   Section       24  draw_3d.o(.constdata)
    .constdata                               0x08005c10   Section       12  menu.o(.constdata)
    key_mapping                              0x08005c10   Data           4  menu.o(.constdata)
    .constdata                               0x08005c1c   Section       32  rredf.o(.constdata)
    twooverpi                                0x08005c1c   Data          32  rredf.o(.constdata)
    .conststring                             0x08005c3c   Section       96  menu.o(.conststring)
    .data                                    0x20000000   Section       80  main.o(.data)
    .data                                    0x20000050   Section        1  main.o(.data)
    .data                                    0x20000054   Section       12  stm32f1xx_hal.o(.data)
    .data                                    0x20000060   Section        4  system_stm32f1xx.o(.data)
    .data                                    0x20000064   Section       26  nrf24l01.o(.data)
    .data                                    0x20000080   Section       40  madgwickahrs.o(.data)
    .data                                    0x200000a8   Section       24  draw_3d.o(.data)
    .data                                    0x200000c0   Section      520  menu.o(.data)
    .data                                    0x200002c8   Section        2  my_interrupt.o(.data)
    .data                                    0x200002ca   Section        1  my_interrupt.o(.data)
    .data                                    0x200002cc   Section        2  my_interrupt.o(.data)
    .bss                                     0x200002d0   Section      240  main.o(.bss)
    .bss                                     0x200003c0   Section     1024  oled.o(.bss)
    .bss                                     0x200007c0   Section      104  menu.o(.bss)
    .bss                                     0x20000828   Section       56  my_interrupt.o(.bss)
    .bss                                     0x20000860   Section       96  libspace.o(.bss)
    HEAP                                     0x200008c0   Section      512  startup_stm32f103xb.o(HEAP)
    Heap_Mem                                 0x200008c0   Data         512  startup_stm32f103xb.o(HEAP)
    STACK                                    0x20000ac0   Section     1024  startup_stm32f103xb.o(STACK)
    Stack_Mem                                0x20000ac0   Data        1024  startup_stm32f103xb.o(STACK)
    __initial_sp                             0x20000ec0   Data           0  startup_stm32f103xb.o(STACK)

    Global Symbols

    Symbol Name                              Value     Ov Type        Size  Object(Section)

    BuildAttributes$$THM_ISAv4$P$D$K$B$S$PE$A:L22UL41UL21$X:L11$S22US41US21$IEEE1$IW$USESV6$~STKCKD$USESV7$~SHL$OTIME$ROPI$IEEEX$EBA8$UX$STANDARDLIB$REQ8$PRES8$EABIv2 0x00000000   Number         0  anon$$obj.o ABSOLUTE
    __ARM_use_no_argv                        0x00000000   Number         0  main.o ABSOLUTE
    _printf_flags                            0x00000000   Number         0  printf_stubs.o ABSOLUTE
    _printf_return_value                     0x00000000   Number         0  printf_stubs.o ABSOLUTE
    _printf_sizespec                         0x00000000   Number         0  printf_stubs.o ABSOLUTE
    _printf_widthprec                        0x00000000   Number         0  printf_stubs.o ABSOLUTE
    __ARM_exceptions_init                     - Undefined Weak Reference
    __alloca_initialize                       - Undefined Weak Reference
    __arm_preinit_                            - Undefined Weak Reference
    __cpp_initialize__aeabi_                  - Undefined Weak Reference
    __cxa_finalize                            - Undefined Weak Reference
    __sigvec_lookup                           - Undefined Weak Reference
    _atexit_init                              - Undefined Weak Reference
    _call_atexit_fns                          - Undefined Weak Reference
    _clock_init                               - Undefined Weak Reference
    _fp_trap_init                             - Undefined Weak Reference
    _fp_trap_shutdown                         - Undefined Weak Reference
    _get_lc_collate                           - Undefined Weak Reference
    _get_lc_monetary                          - Undefined Weak Reference
    _get_lc_time                              - Undefined Weak Reference
    _getenv_init                              - Undefined Weak Reference
    _handle_redirection                       - Undefined Weak Reference
    _init_alloc                               - Undefined Weak Reference
    _init_user_alloc                          - Undefined Weak Reference
    _initio                                   - Undefined Weak Reference
    _printf_mbtowc                            - Undefined Weak Reference
    _printf_wc                                - Undefined Weak Reference
    _rand_init                                - Undefined Weak Reference
    _signal_finish                            - Undefined Weak Reference
    _signal_init                              - Undefined Weak Reference
    _terminate_alloc                          - Undefined Weak Reference
    _terminate_user_alloc                     - Undefined Weak Reference
    _terminateio                              - Undefined Weak Reference
    __Vectors_Size                           0x000000ec   Number         0  startup_stm32f103xb.o ABSOLUTE
    __Vectors                                0x08000000   Data           4  startup_stm32f103xb.o(RESET)
    __Vectors_End                            0x080000ec   Data           0  startup_stm32f103xb.o(RESET)
    __main                                   0x080000ed   Thumb Code     8  __main.o(!!!main)
    __scatterload                            0x080000f5   Thumb Code     0  __scatter.o(!!!scatter)
    __scatterload_rt2                        0x080000f5   Thumb Code    44  __scatter.o(!!!scatter)
    __scatterload_rt2_thumb_only             0x080000f5   Thumb Code     0  __scatter.o(!!!scatter)
    __scatterload_null                       0x08000103   Thumb Code     0  __scatter.o(!!!scatter)
    __decompress                             0x08000129   Thumb Code    90  __dczerorl2.o(!!dczerorl2)
    __decompress1                            0x08000129   Thumb Code     0  __dczerorl2.o(!!dczerorl2)
    __scatterload_zeroinit                   0x08000185   Thumb Code    28  __scatter_zi.o(!!handler_zi)
    __rt_lib_init                            0x080001a1   Thumb Code     0  libinit.o(.ARM.Collect$$libinit$$00000000)
    __rt_lib_init_alloca_1                   0x080001a3   Thumb Code     0  libinit2.o(.ARM.Collect$$libinit$$0000002E)
    __rt_lib_init_argv_1                     0x080001a3   Thumb Code     0  libinit2.o(.ARM.Collect$$libinit$$0000002C)
    __rt_lib_init_atexit_1                   0x080001a3   Thumb Code     0  libinit2.o(.ARM.Collect$$libinit$$0000001B)
    __rt_lib_init_clock_1                    0x080001a3   Thumb Code     0  libinit2.o(.ARM.Collect$$libinit$$00000021)
    __rt_lib_init_cpp_1                      0x080001a3   Thumb Code     0  libinit2.o(.ARM.Collect$$libinit$$00000032)
    __rt_lib_init_exceptions_1               0x080001a3   Thumb Code     0  libinit2.o(.ARM.Collect$$libinit$$00000030)
    __rt_lib_init_fp_1                       0x080001a3   Thumb Code     0  libinit2.o(.ARM.Collect$$libinit$$00000002)
    __rt_lib_init_fp_trap_1                  0x080001a3   Thumb Code     0  libinit2.o(.ARM.Collect$$libinit$$0000001F)
    __rt_lib_init_getenv_1                   0x080001a3   Thumb Code     0  libinit2.o(.ARM.Collect$$libinit$$00000023)
    __rt_lib_init_heap_1                     0x080001a3   Thumb Code     0  libinit2.o(.ARM.Collect$$libinit$$0000000A)
    __rt_lib_init_lc_collate_1               0x080001a3   Thumb Code     0  libinit2.o(.ARM.Collect$$libinit$$00000011)
    __rt_lib_init_lc_ctype_1                 0x080001a3   Thumb Code     0  libinit2.o(.ARM.Collect$$libinit$$00000013)
    __rt_lib_init_lc_monetary_1              0x080001a3   Thumb Code     0  libinit2.o(.ARM.Collect$$libinit$$00000015)
    __rt_lib_init_lc_numeric_1               0x080001a3   Thumb Code     0  libinit2.o(.ARM.Collect$$libinit$$00000017)
    __rt_lib_init_lc_time_1                  0x080001a3   Thumb Code     0  libinit2.o(.ARM.Collect$$libinit$$00000019)
    __rt_lib_init_preinit_1                  0x080001a3   Thumb Code     0  libinit2.o(.ARM.Collect$$libinit$$00000004)
    __rt_lib_init_rand_1                     0x080001a3   Thumb Code     0  libinit2.o(.ARM.Collect$$libinit$$0000000E)
    __rt_lib_init_return                     0x080001a3   Thumb Code     0  libinit2.o(.ARM.Collect$$libinit$$00000033)
    __rt_lib_init_signal_1                   0x080001a3   Thumb Code     0  libinit2.o(.ARM.Collect$$libinit$$0000001D)
    __rt_lib_init_stdio_1                    0x080001a3   Thumb Code     0  libinit2.o(.ARM.Collect$$libinit$$00000025)
    __rt_lib_init_user_alloc_1               0x080001a3   Thumb Code     0  libinit2.o(.ARM.Collect$$libinit$$0000000C)
    __rt_lib_shutdown                        0x080001a5   Thumb Code     0  libshutdown.o(.ARM.Collect$$libshutdown$$00000000)
    __rt_lib_shutdown_cpp_1                  0x080001a7   Thumb Code     0  libshutdown2.o(.ARM.Collect$$libshutdown$$00000002)
    __rt_lib_shutdown_fp_trap_1              0x080001a7   Thumb Code     0  libshutdown2.o(.ARM.Collect$$libshutdown$$00000007)
    __rt_lib_shutdown_heap_1                 0x080001a7   Thumb Code     0  libshutdown2.o(.ARM.Collect$$libshutdown$$0000000F)
    __rt_lib_shutdown_return                 0x080001a7   Thumb Code     0  libshutdown2.o(.ARM.Collect$$libshutdown$$00000010)
    __rt_lib_shutdown_signal_1               0x080001a7   Thumb Code     0  libshutdown2.o(.ARM.Collect$$libshutdown$$0000000A)
    __rt_lib_shutdown_stdio_1                0x080001a7   Thumb Code     0  libshutdown2.o(.ARM.Collect$$libshutdown$$00000004)
    __rt_lib_shutdown_user_alloc_1           0x080001a7   Thumb Code     0  libshutdown2.o(.ARM.Collect$$libshutdown$$0000000C)
    __rt_entry                               0x080001a9   Thumb Code     0  __rtentry.o(.ARM.Collect$$rtentry$$00000000)
    __rt_entry_presh_1                       0x080001a9   Thumb Code     0  __rtentry2.o(.ARM.Collect$$rtentry$$00000002)
    __rt_entry_sh                            0x080001a9   Thumb Code     0  __rtentry4.o(.ARM.Collect$$rtentry$$00000004)
    __rt_entry_li                            0x080001af   Thumb Code     0  __rtentry2.o(.ARM.Collect$$rtentry$$0000000A)
    __rt_entry_postsh_1                      0x080001af   Thumb Code     0  __rtentry2.o(.ARM.Collect$$rtentry$$00000009)
    __rt_entry_main                          0x080001b3   Thumb Code     0  __rtentry2.o(.ARM.Collect$$rtentry$$0000000D)
    __rt_entry_postli_1                      0x080001b3   Thumb Code     0  __rtentry2.o(.ARM.Collect$$rtentry$$0000000C)
    __rt_exit                                0x080001bb   Thumb Code     0  rtexit.o(.ARM.Collect$$rtexit$$00000000)
    __rt_exit_ls                             0x080001bd   Thumb Code     0  rtexit2.o(.ARM.Collect$$rtexit$$00000003)
    __rt_exit_prels_1                        0x080001bd   Thumb Code     0  rtexit2.o(.ARM.Collect$$rtexit$$00000002)
    __rt_exit_exit                           0x080001c1   Thumb Code     0  rtexit2.o(.ARM.Collect$$rtexit$$00000004)
    Reset_Handler                            0x080001c9   Thumb Code     8  startup_stm32f103xb.o(.text)
    ADC1_2_IRQHandler                        0x080001e3   Thumb Code     0  startup_stm32f103xb.o(.text)
    CAN1_RX1_IRQHandler                      0x080001e3   Thumb Code     0  startup_stm32f103xb.o(.text)
    CAN1_SCE_IRQHandler                      0x080001e3   Thumb Code     0  startup_stm32f103xb.o(.text)
    DMA1_Channel1_IRQHandler                 0x080001e3   Thumb Code     0  startup_stm32f103xb.o(.text)
    DMA1_Channel2_IRQHandler                 0x080001e3   Thumb Code     0  startup_stm32f103xb.o(.text)
    DMA1_Channel3_IRQHandler                 0x080001e3   Thumb Code     0  startup_stm32f103xb.o(.text)
    DMA1_Channel4_IRQHandler                 0x080001e3   Thumb Code     0  startup_stm32f103xb.o(.text)
    DMA1_Channel5_IRQHandler                 0x080001e3   Thumb Code     0  startup_stm32f103xb.o(.text)
    DMA1_Channel6_IRQHandler                 0x080001e3   Thumb Code     0  startup_stm32f103xb.o(.text)
    DMA1_Channel7_IRQHandler                 0x080001e3   Thumb Code     0  startup_stm32f103xb.o(.text)
    EXTI0_IRQHandler                         0x080001e3   Thumb Code     0  startup_stm32f103xb.o(.text)
    EXTI15_10_IRQHandler                     0x080001e3   Thumb Code     0  startup_stm32f103xb.o(.text)
    EXTI1_IRQHandler                         0x080001e3   Thumb Code     0  startup_stm32f103xb.o(.text)
    EXTI2_IRQHandler                         0x080001e3   Thumb Code     0  startup_stm32f103xb.o(.text)
    EXTI3_IRQHandler                         0x080001e3   Thumb Code     0  startup_stm32f103xb.o(.text)
    EXTI4_IRQHandler                         0x080001e3   Thumb Code     0  startup_stm32f103xb.o(.text)
    EXTI9_5_IRQHandler                       0x080001e3   Thumb Code     0  startup_stm32f103xb.o(.text)
    FLASH_IRQHandler                         0x080001e3   Thumb Code     0  startup_stm32f103xb.o(.text)
    I2C1_ER_IRQHandler                       0x080001e3   Thumb Code     0  startup_stm32f103xb.o(.text)
    I2C1_EV_IRQHandler                       0x080001e3   Thumb Code     0  startup_stm32f103xb.o(.text)
    I2C2_ER_IRQHandler                       0x080001e3   Thumb Code     0  startup_stm32f103xb.o(.text)
    I2C2_EV_IRQHandler                       0x080001e3   Thumb Code     0  startup_stm32f103xb.o(.text)
    PVD_IRQHandler                           0x080001e3   Thumb Code     0  startup_stm32f103xb.o(.text)
    RCC_IRQHandler                           0x080001e3   Thumb Code     0  startup_stm32f103xb.o(.text)
    RTC_Alarm_IRQHandler                     0x080001e3   Thumb Code     0  startup_stm32f103xb.o(.text)
    RTC_IRQHandler                           0x080001e3   Thumb Code     0  startup_stm32f103xb.o(.text)
    SPI1_IRQHandler                          0x080001e3   Thumb Code     0  startup_stm32f103xb.o(.text)
    SPI2_IRQHandler                          0x080001e3   Thumb Code     0  startup_stm32f103xb.o(.text)
    TAMPER_IRQHandler                        0x080001e3   Thumb Code     0  startup_stm32f103xb.o(.text)
    TIM1_BRK_IRQHandler                      0x080001e3   Thumb Code     0  startup_stm32f103xb.o(.text)
    TIM1_CC_IRQHandler                       0x080001e3   Thumb Code     0  startup_stm32f103xb.o(.text)
    TIM1_TRG_COM_IRQHandler                  0x080001e3   Thumb Code     0  startup_stm32f103xb.o(.text)
    TIM1_UP_IRQHandler                       0x080001e3   Thumb Code     0  startup_stm32f103xb.o(.text)
    TIM4_IRQHandler                          0x080001e3   Thumb Code     0  startup_stm32f103xb.o(.text)
    USART1_IRQHandler                        0x080001e3   Thumb Code     0  startup_stm32f103xb.o(.text)
    USART2_IRQHandler                        0x080001e3   Thumb Code     0  startup_stm32f103xb.o(.text)
    USART3_IRQHandler                        0x080001e3   Thumb Code     0  startup_stm32f103xb.o(.text)
    USBWakeUp_IRQHandler                     0x080001e3   Thumb Code     0  startup_stm32f103xb.o(.text)
    USB_HP_CAN1_TX_IRQHandler                0x080001e3   Thumb Code     0  startup_stm32f103xb.o(.text)
    USB_LP_CAN1_RX0_IRQHandler               0x080001e3   Thumb Code     0  startup_stm32f103xb.o(.text)
    WWDG_IRQHandler                          0x080001e3   Thumb Code     0  startup_stm32f103xb.o(.text)
    __user_initial_stackheap                 0x080001e5   Thumb Code     0  startup_stm32f103xb.o(.text)
    __use_no_semihosting                     0x08000209   Thumb Code     2  use_no_semi_2.o(.text)
    __aeabi_memcpy4                          0x0800020b   Thumb Code     0  rt_memcpy_w.o(.text)
    __aeabi_memcpy8                          0x0800020b   Thumb Code     0  rt_memcpy_w.o(.text)
    __rt_memcpy_w                            0x0800020b   Thumb Code   100  rt_memcpy_w.o(.text)
    _memcpy_lastbytes_aligned                0x08000253   Thumb Code     0  rt_memcpy_w.o(.text)
    __aeabi_memclr4                          0x0800026f   Thumb Code     0  rt_memclr_w.o(.text)
    __aeabi_memclr8                          0x0800026f   Thumb Code     0  rt_memclr_w.o(.text)
    __rt_memclr_w                            0x0800026f   Thumb Code    78  rt_memclr_w.o(.text)
    _memset_w                                0x08000273   Thumb Code     0  rt_memclr_w.o(.text)
    __use_two_region_memory                  0x080002bd   Thumb Code     2  heapauxi.o(.text)
    __rt_heap_escrow$2region                 0x080002bf   Thumb Code     2  heapauxi.o(.text)
    __rt_heap_expand$2region                 0x080002c1   Thumb Code     2  heapauxi.o(.text)
    __semihosting$guard                      0x080002c3   Thumb Code     0  use_no_semi.o(.text)
    __use_no_semihosting_swi                 0x080002c3   Thumb Code     2  use_no_semi.o(.text)
    __read_errno                             0x080002c5   Thumb Code    10  _rserrno.o(.text)
    __set_errno                              0x080002cf   Thumb Code    12  _rserrno.o(.text)
    __aeabi_errno_addr                       0x080002dd   Thumb Code     8  rt_errno_addr_intlibspace.o(.text)
    __errno$intlibspace                      0x080002dd   Thumb Code     0  rt_errno_addr_intlibspace.o(.text)
    __rt_errno_addr$intlibspace              0x080002dd   Thumb Code     0  rt_errno_addr_intlibspace.o(.text)
    __user_libspace                          0x080002e5   Thumb Code     8  libspace.o(.text)
    __user_perproc_libspace                  0x080002e5   Thumb Code     0  libspace.o(.text)
    __user_perthread_libspace                0x080002e5   Thumb Code     0  libspace.o(.text)
    __user_setup_stackheap                   0x080002ed   Thumb Code    74  sys_stackheap_outer.o(.text)
    exit                                     0x08000337   Thumb Code    18  exit.o(.text)
    BusFault_Handler                         0x08000349   Thumb Code     2  stm32f1xx_it.o(i.BusFault_Handler)
    Clamp_Encoder_Count                      0x0800034d   Thumb Code    30  encoder.o(i.Clamp_Encoder_Count)
    DWT_Init                                 0x08000371   Thumb Code    36  delay.o(i.DWT_Init)
    DebugMon_Handler                         0x0800039d   Thumb Code     2  stm32f1xx_it.o(i.DebugMon_Handler)
    Delay_ms                                 0x080003a1   Thumb Code    18  delay.o(i.Delay_ms)
    Delay_us                                 0x080003bd   Thumb Code    20  delay.o(i.Delay_us)
    Draw_Cube_By_Graph                       0x080003d5   Thumb Code   300  draw_3d.o(i.Draw_Cube_By_Graph)
    Encoder_Init                             0x08000501   Thumb Code   134  encoder.o(i.Encoder_Init)
    Error_Handler                            0x08000599   Thumb Code     4  main.o(i.Error_Handler)
    Get_Encoder_Count                        0x0800059d   Thumb Code    16  encoder.o(i.Get_Encoder_Count)
    HAL_GPIO_Init                            0x080005b1   Thumb Code   446  stm32f1xx_hal_gpio.o(i.HAL_GPIO_Init)
    HAL_GPIO_ReadPin                         0x08000791   Thumb Code    10  stm32f1xx_hal_gpio.o(i.HAL_GPIO_ReadPin)
    HAL_GPIO_WritePin                        0x0800079b   Thumb Code    10  stm32f1xx_hal_gpio.o(i.HAL_GPIO_WritePin)
    HAL_GetTick                              0x080007a5   Thumb Code     6  stm32f1xx_hal.o(i.HAL_GetTick)
    HAL_IncTick                              0x080007b1   Thumb Code    12  stm32f1xx_hal.o(i.HAL_IncTick)
    HAL_Init                                 0x080007c1   Thumb Code    32  stm32f1xx_hal.o(i.HAL_Init)
    HAL_InitTick                             0x080007e5   Thumb Code    54  stm32f1xx_hal.o(i.HAL_InitTick)
    HAL_MspInit                              0x08000825   Thumb Code    52  stm32f1xx_hal_msp.o(i.HAL_MspInit)
    HAL_MultiProcessor_Init                  0x08000861   Thumb Code   144  stm32f1xx_hal_uart.o(i.HAL_MultiProcessor_Init)
    HAL_NVIC_EnableIRQ                       0x080008f1   Thumb Code    26  stm32f1xx_hal_cortex.o(i.HAL_NVIC_EnableIRQ)
    HAL_NVIC_SetPriority                     0x0800090d   Thumb Code    60  stm32f1xx_hal_cortex.o(i.HAL_NVIC_SetPriority)
    HAL_NVIC_SetPriorityGrouping             0x0800094d   Thumb Code    26  stm32f1xx_hal_cortex.o(i.HAL_NVIC_SetPriorityGrouping)
    HAL_RCC_ClockConfig                      0x08000971   Thumb Code   280  stm32f1xx_hal_rcc.o(i.HAL_RCC_ClockConfig)
    HAL_RCC_GetPCLK1Freq                     0x08000a9d   Thumb Code    20  stm32f1xx_hal_rcc.o(i.HAL_RCC_GetPCLK1Freq)
    HAL_RCC_GetPCLK2Freq                     0x08000abd   Thumb Code    20  stm32f1xx_hal_rcc.o(i.HAL_RCC_GetPCLK2Freq)
    HAL_RCC_GetSysClockFreq                  0x08000add   Thumb Code    58  stm32f1xx_hal_rcc.o(i.HAL_RCC_GetSysClockFreq)
    HAL_RCC_OscConfig                        0x08000b29   Thumb Code   778  stm32f1xx_hal_rcc.o(i.HAL_RCC_OscConfig)
    HAL_SYSTICK_Config                       0x08000e49   Thumb Code    40  stm32f1xx_hal_cortex.o(i.HAL_SYSTICK_Config)
    HAL_TIMEx_BreakCallback                  0x08000e71   Thumb Code     2  stm32f1xx_hal_tim_ex.o(i.HAL_TIMEx_BreakCallback)
    HAL_TIMEx_CommutCallback                 0x08000e73   Thumb Code     2  stm32f1xx_hal_tim_ex.o(i.HAL_TIMEx_CommutCallback)
    HAL_TIMEx_MasterConfigSynchronization    0x08000e75   Thumb Code    92  stm32f1xx_hal_tim_ex.o(i.HAL_TIMEx_MasterConfigSynchronization)
    HAL_TIM_Base_Init                        0x08000edd   Thumb Code    90  stm32f1xx_hal_tim.o(i.HAL_TIM_Base_Init)
    HAL_TIM_Base_MspInit                     0x08000f39   Thumb Code   126  stm32f1xx_hal_msp.o(i.HAL_TIM_Base_MspInit)
    HAL_TIM_Base_Start_IT                    0x08000fc5   Thumb Code    76  stm32f1xx_hal_tim.o(i.HAL_TIM_Base_Start_IT)
    HAL_TIM_ConfigClockSource                0x0800101d   Thumb Code   220  stm32f1xx_hal_tim.o(i.HAL_TIM_ConfigClockSource)
    HAL_TIM_Encoder_Init                     0x080010f9   Thumb Code   164  stm32f1xx_hal_tim.o(i.HAL_TIM_Encoder_Init)
    HAL_TIM_Encoder_MspInit                  0x0800119d   Thumb Code     2  stm32f1xx_hal_tim.o(i.HAL_TIM_Encoder_MspInit)
    HAL_TIM_Encoder_Start                    0x0800119f   Thumb Code   142  stm32f1xx_hal_tim.o(i.HAL_TIM_Encoder_Start)
    HAL_TIM_IC_CaptureCallback               0x0800122d   Thumb Code     2  stm32f1xx_hal_tim.o(i.HAL_TIM_IC_CaptureCallback)
    HAL_TIM_IC_ConfigChannel                 0x0800122f   Thumb Code   292  stm32f1xx_hal_tim.o(i.HAL_TIM_IC_ConfigChannel)
    HAL_TIM_IC_Init                          0x08001353   Thumb Code    90  stm32f1xx_hal_tim.o(i.HAL_TIM_IC_Init)
    HAL_TIM_IC_MspInit                       0x080013ad   Thumb Code     2  stm32f1xx_hal_tim.o(i.HAL_TIM_IC_MspInit)
    HAL_TIM_IRQHandler                       0x080013af   Thumb Code   304  stm32f1xx_hal_tim.o(i.HAL_TIM_IRQHandler)
    HAL_TIM_OC_DelayElapsedCallback          0x080014df   Thumb Code     2  stm32f1xx_hal_tim.o(i.HAL_TIM_OC_DelayElapsedCallback)
    HAL_TIM_PWM_PulseFinishedCallback        0x080014e1   Thumb Code     2  stm32f1xx_hal_tim.o(i.HAL_TIM_PWM_PulseFinishedCallback)
    HAL_TIM_PeriodElapsedCallback            0x080014e5   Thumb Code   190  my_interrupt.o(i.HAL_TIM_PeriodElapsedCallback)
    HAL_TIM_TriggerCallback                  0x080015c5   Thumb Code     2  stm32f1xx_hal_tim.o(i.HAL_TIM_TriggerCallback)
    HAL_UART_MspInit                         0x080015c9   Thumb Code   100  stm32f1xx_hal_msp.o(i.HAL_UART_MspInit)
    HardFault_Handler                        0x08001639   Thumb Code     2  stm32f1xx_it.o(i.HardFault_Handler)
    MPU6050_GetData                          0x0800163b   Thumb Code   146  mpu6050.o(i.MPU6050_GetData)
    MPU6050_Init                             0x080016cd   Thumb Code    64  mpu6050.o(i.MPU6050_Init)
    MPU6050_ReadReg                          0x0800170d   Thumb Code    62  mpu6050.o(i.MPU6050_ReadReg)
    MPU6050_WriteReg                         0x0800174b   Thumb Code    48  mpu6050.o(i.MPU6050_WriteReg)
    MemManage_Handler                        0x0800190d   Thumb Code     2  stm32f1xx_it.o(i.MemManage_Handler)
    MyI2C_GPIO_Init                          0x08001911   Thumb Code    56  myi2c.o(i.MyI2C_GPIO_Init)
    MyI2C_R_SDA                              0x0800194d   Thumb Code    10  myi2c.o(i.MyI2C_R_SDA)
    MyI2C_ReceiveAck                         0x0800195d   Thumb Code    30  myi2c.o(i.MyI2C_ReceiveAck)
    MyI2C_ReceiveByte                        0x0800197b   Thumb Code    52  myi2c.o(i.MyI2C_ReceiveByte)
    MyI2C_SendAck                            0x080019af   Thumb Code    22  myi2c.o(i.MyI2C_SendAck)
    MyI2C_SendByte                           0x080019c5   Thumb Code    40  myi2c.o(i.MyI2C_SendByte)
    MyI2C_Start                              0x080019ed   Thumb Code    30  myi2c.o(i.MyI2C_Start)
    MyI2C_Stop                               0x08001a0b   Thumb Code    24  myi2c.o(i.MyI2C_Stop)
    MyI2C_W_SCL                              0x08001a25   Thumb Code    24  myi2c.o(i.MyI2C_W_SCL)
    MyI2C_W_SDA                              0x08001a41   Thumb Code    24  myi2c.o(i.MyI2C_W_SDA)
    NMI_Handler                              0x08001a5d   Thumb Code     2  stm32f1xx_it.o(i.NMI_Handler)
    NRF24L01_FlushRx                         0x08001a5f   Thumb Code    24  nrf24l01.o(i.NRF24L01_FlushRx)
    NRF24L01_FlushTx                         0x08001a77   Thumb Code    24  nrf24l01.o(i.NRF24L01_FlushTx)
    NRF24L01_GPIO_Init                       0x08001a91   Thumb Code    90  nrf24l01.o(i.NRF24L01_GPIO_Init)
    NRF24L01_Init                            0x08001af5   Thumb Code   104  nrf24l01.o(i.NRF24L01_Init)
    NRF24L01_R_MISO                          0x08001b61   Thumb Code    18  nrf24l01.o(i.NRF24L01_R_MISO)
    NRF24L01_ReadReg                         0x08001b79   Thumb Code    34  nrf24l01.o(i.NRF24L01_ReadReg)
    NRF24L01_ReadRxPayload                   0x08001b9b   Thumb Code    48  nrf24l01.o(i.NRF24L01_ReadRxPayload)
    NRF24L01_ReadStatus                      0x08001bcb   Thumb Code    26  nrf24l01.o(i.NRF24L01_ReadStatus)
    NRF24L01_Receive                         0x08001be5   Thumb Code    72  nrf24l01.o(i.NRF24L01_Receive)
    NRF24L01_Rx                              0x08001c31   Thumb Code    40  nrf24l01.o(i.NRF24L01_Rx)
    NRF24L01_SPI_SwapByte                    0x08001c59   Thumb Code    58  nrf24l01.o(i.NRF24L01_SPI_SwapByte)
    NRF24L01_Send                            0x08001c95   Thumb Code   114  nrf24l01.o(i.NRF24L01_Send)
    NRF24L01_Tx                              0x08001d0d   Thumb Code    44  nrf24l01.o(i.NRF24L01_Tx)
    NRF24L01_W_CE                            0x08001d39   Thumb Code    16  nrf24l01.o(i.NRF24L01_W_CE)
    NRF24L01_W_CSN                           0x08001d4d   Thumb Code    16  nrf24l01.o(i.NRF24L01_W_CSN)
    NRF24L01_W_MOSI                          0x08001d61   Thumb Code    16  nrf24l01.o(i.NRF24L01_W_MOSI)
    NRF24L01_W_SCK                           0x08001d75   Thumb Code    16  nrf24l01.o(i.NRF24L01_W_SCK)
    NRF24L01_WriteReg                        0x08001d89   Thumb Code    36  nrf24l01.o(i.NRF24L01_WriteReg)
    NRF24L01_WriteRegs                       0x08001dad   Thumb Code    50  nrf24l01.o(i.NRF24L01_WriteRegs)
    NRF24L01_WriteTxPayload                  0x08001ddf   Thumb Code    46  nrf24l01.o(i.NRF24L01_WriteTxPayload)
    OLED_Clear                               0x08001e0d   Thumb Code    34  oled.o(i.OLED_Clear)
    OLED_ClearArea                           0x08001e35   Thumb Code    86  oled.o(i.OLED_ClearArea)
    OLED_DrawLine                            0x08001e91   Thumb Code   234  oled.o(i.OLED_DrawLine)
    OLED_DrawMenu                            0x08001f7d   Thumb Code   144  menu.o(i.OLED_DrawMenu)
    OLED_DrawPoint                           0x0800200d   Thumb Code    48  oled.o(i.OLED_DrawPoint)
    OLED_DrawProgressBar                     0x08002041   Thumb Code   124  draw_3d.o(i.OLED_DrawProgressBar)
    OLED_DrawRectangle                       0x080020c1   Thumb Code   116  oled.o(i.OLED_DrawRectangle)
    OLED_GPIO_Init                           0x08002135   Thumb Code    38  oled.o(i.OLED_GPIO_Init)
    OLED_I2C_SendByte                        0x0800215b   Thumb Code    58  oled.o(i.OLED_I2C_SendByte)
    OLED_I2C_Start                           0x08002195   Thumb Code    30  oled.o(i.OLED_I2C_Start)
    OLED_I2C_Stop                            0x080021b3   Thumb Code    24  oled.o(i.OLED_I2C_Stop)
    OLED_Init                                0x080021cb   Thumb Code   156  oled.o(i.OLED_Init)
    OLED_Pow                                 0x08002267   Thumb Code    14  oled.o(i.OLED_Pow)
    OLED_SetCursor                           0x08002275   Thumb Code    34  oled.o(i.OLED_SetCursor)
    OLED_ShowChar                            0x08002299   Thumb Code    52  oled.o(i.OLED_ShowChar)
    OLED_ShowFloatNum                        0x080022d5   Thumb Code   190  oled.o(i.OLED_ShowFloatNum)
    OLED_ShowImage                           0x08002395   Thumb Code   182  oled.o(i.OLED_ShowImage)
    OLED_ShowNum                             0x08002451   Thumb Code    70  oled.o(i.OLED_ShowNum)
    OLED_ShowString                          0x08002497   Thumb Code    44  oled.o(i.OLED_ShowString)
    OLED_Update                              0x080024c5   Thumb Code    34  oled.o(i.OLED_Update)
    OLED_W_SCL                               0x080024ed   Thumb Code    12  oled.o(i.OLED_W_SCL)
    OLED_W_SDA                               0x080024fd   Thumb Code    12  oled.o(i.OLED_W_SDA)
    OLED_WriteCommand                        0x0800250d   Thumb Code    34  oled.o(i.OLED_WriteCommand)
    OLED_WriteData                           0x0800252f   Thumb Code    48  oled.o(i.OLED_WriteData)
    PackNRF24L01Packet                       0x08002561   Thumb Code   170  my_interrupt.o(i.PackNRF24L01Packet)
    PendSV_Handler                           0x08002619   Thumb Code     2  stm32f1xx_it.o(i.PendSV_Handler)
    SVC_Handler                              0x0800261b   Thumb Code     2  stm32f1xx_it.o(i.SVC_Handler)
    SysTick_Handler                          0x0800261d   Thumb Code     4  stm32f1xx_it.o(i.SysTick_Handler)
    SystemClock_Config                       0x08002621   Thumb Code    94  main.o(i.SystemClock_Config)
    SystemInit                               0x0800267f   Thumb Code     2  system_stm32f1xx.o(i.SystemInit)
    TIM2_IRQHandler                          0x08002681   Thumb Code     6  stm32f1xx_it.o(i.TIM2_IRQHandler)
    TIM3_IRQHandler                          0x0800268d   Thumb Code     6  stm32f1xx_it.o(i.TIM3_IRQHandler)
    TIM_Base_SetConfig                       0x08002699   Thumb Code   108  stm32f1xx_hal_tim.o(i.TIM_Base_SetConfig)
    TIM_CCxChannelCmd                        0x08002711   Thumb Code    26  stm32f1xx_hal_tim.o(i.TIM_CCxChannelCmd)
    TIM_ETR_SetConfig                        0x0800272b   Thumb Code    20  stm32f1xx_hal_tim.o(i.TIM_ETR_SetConfig)
    TIM_TI1_SetConfig                        0x08002771   Thumb Code    76  stm32f1xx_hal_tim.o(i.TIM_TI1_SetConfig)
    UnpackNRF24L01Packet                     0x080028dd   Thumb Code   158  my_interrupt.o(i.UnpackNRF24L01Packet)
    UsageFault_Handler                       0x08002989   Thumb Code     2  stm32f1xx_it.o(i.UsageFault_Handler)
    __ARM_fpclassifyf                        0x0800298b   Thumb Code    38  fpclassifyf.o(i.__ARM_fpclassifyf)
    __mathlib_flt_infnan                     0x080029d1   Thumb Code     6  funder.o(i.__mathlib_flt_infnan)
    __mathlib_flt_infnan2                    0x080029d7   Thumb Code     4  funder.o(i.__mathlib_flt_infnan2)
    __mathlib_flt_invalid                    0x080029db   Thumb Code     8  funder.o(i.__mathlib_flt_invalid)
    __mathlib_flt_underflow                  0x080029e3   Thumb Code    10  funder.o(i.__mathlib_flt_underflow)
    __mathlib_rredf2                         0x080029ed   Thumb Code   344  rredf.o(i.__mathlib_rredf2)
    _sys_exit                                0x08002b55   Thumb Code     2  main.o(i._sys_exit)
    asinf                                    0x08002b59   Thumb Code   254  asinf.o(i.asinf)
    atan2f                                   0x08002c7d   Thumb Code   528  atan2f.o(i.atan2f)
    begin                                    0x08002ed9   Thumb Code    18  madgwickahrs.o(i.begin)
    computeAngles                            0x08002ef1   Thumb Code   190  madgwickahrs.o(i.computeAngles)
    cosf                                     0x08002fb5   Thumb Code   328  cosf.o(i.cosf)
    dataGetAndFilter                         0x08003131   Thumb Code    72  main.o(i.dataGetAndFilter)
    dataGetERROR                             0x08003181   Thumb Code   158  main.o(i.dataGetERROR)
    euler_to_quaternion_1                    0x08003235   Thumb Code   302  draw_3d.o(i.euler_to_quaternion_1)
    generate_cube_graph                      0x08003371   Thumb Code   200  draw_3d.o(i.generate_cube_graph)
    getMPU6050Data                           0x0800343d   Thumb Code   442  main.o(i.getMPU6050Data)
    getPitch                                 0x0800362d   Thumb Code    24  madgwickahrs.o(i.getPitch)
    getRoll                                  0x0800364d   Thumb Code    24  madgwickahrs.o(i.getRoll)
    getYaw                                   0x0800366d   Thumb Code    24  madgwickahrs.o(i.getYaw)
    get_menu_action                          0x0800368d   Thumb Code    46  menu.o(i.get_menu_action)
    init_menu_parents                        0x080036c5   Thumb Code   102  menu.o(i.init_menu_parents)
    main                                     0x0800378d   Thumb Code   322  main.o(i.main)
    main_menu_func                           0x080038f9   Thumb Code    12  menu.o(i.main_menu_func)
    menu_get_prev_sibling                    0x0800390d   Thumb Code    32  menu.o(i.menu_get_prev_sibling)
    menu_navigate                            0x0800392d   Thumb Code    60  menu.o(i.menu_navigate)
    mode_func                                0x08003969   Thumb Code    12  menu.o(i.mode_func)
    option_func                              0x0800397d   Thumb Code    12  menu.o(i.option_func)
    quat_conjugate                           0x08003991   Thumb Code    22  draw_3d.o(i.quat_conjugate)
    quat_mult                                0x080039a7   Thumb Code   280  draw_3d.o(i.quat_mult)
    quat_rotate_vector_arry                  0x08003abf   Thumb Code   132  draw_3d.o(i.quat_rotate_vector_arry)
    read_to_fly                              0x08003b45   Thumb Code   184  menu.o(i.read_to_fly)
    round                                    0x08003c21   Thumb Code   136  round.o(i.round)
    scan_keys                                0x08003cb5   Thumb Code   132  menu.o(i.scan_keys)
    sinf                                     0x08003d45   Thumb Code   338  sinf.o(i.sinf)
    sqrtf                                    0x08003ecd   Thumb Code    44  sqrtf.o(i.sqrtf)
    updateIMU                                0x08003ef9   Thumb Code  1210  madgwickahrs.o(i.updateIMU)
    __aeabi_d2f                              0x080043b5   Thumb Code     0  d2f.o(x$fpl$d2f)
    _d2f                                     0x080043b5   Thumb Code    98  d2f.o(x$fpl$d2f)
    __aeabi_dadd                             0x08004419   Thumb Code     0  daddsub_clz.o(x$fpl$dadd)
    _dadd                                    0x08004419   Thumb Code   332  daddsub_clz.o(x$fpl$dadd)
    __fpl_dcmp_Inf                           0x08004569   Thumb Code    24  dcmpi.o(x$fpl$dcmpinf)
    __aeabi_d2uiz                            0x08004581   Thumb Code     0  dfixu.o(x$fpl$dfixu)
    _dfixu                                   0x08004581   Thumb Code    90  dfixu.o(x$fpl$dfixu)
    __aeabi_ui2d                             0x080045db   Thumb Code     0  dflt_clz.o(x$fpl$dfltu)
    _dfltu                                   0x080045db   Thumb Code    38  dflt_clz.o(x$fpl$dfltu)
    __aeabi_cdcmple                          0x08004601   Thumb Code     0  dleqf.o(x$fpl$dleqf)
    _dcmple                                  0x08004601   Thumb Code   120  dleqf.o(x$fpl$dleqf)
    __fpl_dcmple_InfNaN                      0x08004663   Thumb Code     0  dleqf.o(x$fpl$dleqf)
    __aeabi_dmul                             0x08004679   Thumb Code     0  dmul.o(x$fpl$dmul)
    _dmul                                    0x08004679   Thumb Code   332  dmul.o(x$fpl$dmul)
    __fpl_dnaninf                            0x080047cd   Thumb Code   156  dnaninf.o(x$fpl$dnaninf)
    __fpl_dretinf                            0x08004869   Thumb Code    12  dretinf.o(x$fpl$dretinf)
    __aeabi_cdrcmple                         0x08004875   Thumb Code     0  drleqf.o(x$fpl$drleqf)
    _drcmple                                 0x08004875   Thumb Code   108  drleqf.o(x$fpl$drleqf)
    _drnd                                    0x080048e1   Thumb Code   180  drnd.o(x$fpl$drnd)
    __aeabi_drsub                            0x08004995   Thumb Code     0  daddsub_clz.o(x$fpl$drsb)
    _drsb                                    0x08004995   Thumb Code    22  daddsub_clz.o(x$fpl$drsb)
    __aeabi_dsub                             0x080049ad   Thumb Code     0  daddsub_clz.o(x$fpl$dsub)
    _dsub                                    0x080049ad   Thumb Code   464  daddsub_clz.o(x$fpl$dsub)
    __aeabi_f2d                              0x08004b81   Thumb Code     0  f2d.o(x$fpl$f2d)
    _f2d                                     0x08004b81   Thumb Code    86  f2d.o(x$fpl$f2d)
    __aeabi_fadd                             0x08004bd9   Thumb Code     0  faddsub_clz.o(x$fpl$fadd)
    _fadd                                    0x08004bd9   Thumb Code   196  faddsub_clz.o(x$fpl$fadd)
    __fpl_fcheck_NaN1                        0x08004c9d   Thumb Code     6  fcheck1.o(x$fpl$fcheck1)
    __aeabi_fdiv                             0x08004ca9   Thumb Code     0  fdiv.o(x$fpl$fdiv)
    _fdiv                                    0x08004ca9   Thumb Code   384  fdiv.o(x$fpl$fdiv)
    __aeabi_f2iz                             0x08004e2d   Thumb Code     0  ffix.o(x$fpl$ffix)
    _ffix                                    0x08004e2d   Thumb Code    54  ffix.o(x$fpl$ffix)
    __aeabi_i2f                              0x08004e65   Thumb Code     0  fflt_clz.o(x$fpl$fflt)
    _fflt                                    0x08004e65   Thumb Code    48  fflt_clz.o(x$fpl$fflt)
    __aeabi_ui2f                             0x08004e95   Thumb Code     0  fflt_clz.o(x$fpl$ffltu)
    _ffltu                                   0x08004e95   Thumb Code    38  fflt_clz.o(x$fpl$ffltu)
    __aeabi_fmul                             0x08004ebd   Thumb Code     0  fmul.o(x$fpl$fmul)
    _fmul                                    0x08004ebd   Thumb Code   258  fmul.o(x$fpl$fmul)
    __fpl_fnaninf                            0x08004fbf   Thumb Code   140  fnaninf.o(x$fpl$fnaninf)
    __fpl_fretinf                            0x0800504b   Thumb Code    10  fretinf.o(x$fpl$fretinf)
    _frnd                                    0x08005055   Thumb Code    96  frnd.o(x$fpl$frnd)
    __aeabi_frsub                            0x080050b5   Thumb Code     0  faddsub_clz.o(x$fpl$frsb)
    _frsb                                    0x080050b5   Thumb Code    20  faddsub_clz.o(x$fpl$frsb)
    _fsqrt                                   0x080050c9   Thumb Code   272  fsqrt.o(x$fpl$fsqrt)
    __aeabi_fsub                             0x080051d9   Thumb Code     0  faddsub_clz.o(x$fpl$fsub)
    _fsub                                    0x080051d9   Thumb Code   234  faddsub_clz.o(x$fpl$fsub)
    __fpl_return_NaN                         0x080052c3   Thumb Code   100  retnan.o(x$fpl$retnan)
    __ARM_scalbnf                            0x08005327   Thumb Code    76  scalbnf.o(x$fpl$scalbnf)
    __fpl_cmpreturn                          0x08005373   Thumb Code    48  trapv.o(x$fpl$trapveneer)
    __I$use$fp                               0x080053a2   Number         0  usenofp.o(x$fpl$usenofp)
    AHBPrescTable                            0x080053b4   Data          16  system_stm32f1xx.o(.constdata)
    APBPrescTable                            0x080053c4   Data           8  system_stm32f1xx.o(.constdata)
    OLED_F8x16                               0x080053cc   Data        1520  oled_data.o(.constdata)
    OLED_F6x8                                0x080059bc   Data         570  oled_data.o(.constdata)
    KEY_PIN                                  0x08005c14   Data           8  menu.o(.constdata)
    Region$$Table$$Base                      0x08005c9c   Number         0  anon$$obj.o(Region$$Table)
    Region$$Table$$Limit                     0x08005cbc   Number         0  anon$$obj.o(Region$$Table)
    AX                                       0x20000000   Data           2  main.o(.data)
    AY                                       0x20000002   Data           2  main.o(.data)
    AZ                                       0x20000004   Data           2  main.o(.data)
    GX                                       0x20000006   Data           2  main.o(.data)
    GY                                       0x20000008   Data           2  main.o(.data)
    GZ                                       0x2000000a   Data           2  main.o(.data)
    menu_p                                   0x2000000c   Data           4  main.o(.data)
    Yaw                                      0x20000010   Data           4  main.o(.data)
    Pitch                                    0x20000014   Data           4  main.o(.data)
    Roll                                     0x20000018   Data           4  main.o(.data)
    Yaw_copy                                 0x2000001c   Data           4  main.o(.data)
    Pitch_copy                               0x20000020   Data           4  main.o(.data)
    Roll_copy                                0x20000024   Data           4  main.o(.data)
    mpu6050                                  0x20000028   Data          40  main.o(.data)
    Send_Flag                                0x20000050   Data           1  main.o(.data)
    uwTickFreq                               0x20000054   Data           1  stm32f1xx_hal.o(.data)
    uwTickPrio                               0x20000058   Data           4  stm32f1xx_hal.o(.data)
    uwTick                                   0x2000005c   Data           4  stm32f1xx_hal.o(.data)
    SystemCoreClock                          0x20000060   Data           4  system_stm32f1xx.o(.data)
    NRF24L01_TxAddress                       0x20000064   Data           5  nrf24l01.o(.data)
    NRF24L01_RxAddress                       0x20000069   Data           5  nrf24l01.o(.data)
    NRF24L01_TxPacket                        0x2000006e   Data           8  nrf24l01.o(.data)
    NRF24L01_RxPacket                        0x20000076   Data           8  nrf24l01.o(.data)
    anglesComputed                           0x20000080   Data           1  madgwickahrs.o(.data)
    beta                                     0x20000084   Data           4  madgwickahrs.o(.data)
    q0                                       0x20000088   Data           4  madgwickahrs.o(.data)
    q1                                       0x2000008c   Data           4  madgwickahrs.o(.data)
    q2                                       0x20000090   Data           4  madgwickahrs.o(.data)
    q3                                       0x20000094   Data           4  madgwickahrs.o(.data)
    invSampleFreq                            0x20000098   Data           4  madgwickahrs.o(.data)
    roll                                     0x2000009c   Data           4  madgwickahrs.o(.data)
    pitch                                    0x200000a0   Data           4  madgwickahrs.o(.data)
    yaw                                      0x200000a4   Data           4  madgwickahrs.o(.data)
    cy                                       0x200000a8   Data           4  draw_3d.o(.data)
    sy                                       0x200000ac   Data           4  draw_3d.o(.data)
    cp                                       0x200000b0   Data           4  draw_3d.o(.data)
    sp                                       0x200000b4   Data           4  draw_3d.o(.data)
    cr                                       0x200000b8   Data           4  draw_3d.o(.data)
    sr                                       0x200000bc   Data           4  draw_3d.o(.data)
    KEY_PORT                                 0x200000c0   Data          16  menu.o(.data)
    option_4_4                               0x200000d0   Data          24  menu.o(.data)
    option_4_3                               0x200000e8   Data          24  menu.o(.data)
    option_4_2                               0x20000100   Data          24  menu.o(.data)
    option_4_1                               0x20000118   Data          24  menu.o(.data)
    option_3_4                               0x20000130   Data          24  menu.o(.data)
    option_3_3                               0x20000148   Data          24  menu.o(.data)
    option_3_2                               0x20000160   Data          24  menu.o(.data)
    option_3_1                               0x20000178   Data          24  menu.o(.data)
    option_2_4                               0x20000190   Data          24  menu.o(.data)
    option_2_3                               0x200001a8   Data          24  menu.o(.data)
    option_2_2                               0x200001c0   Data          24  menu.o(.data)
    option_2_1                               0x200001d8   Data          24  menu.o(.data)
    option_1_4                               0x200001f0   Data          24  menu.o(.data)
    option_1_3                               0x20000208   Data          24  menu.o(.data)
    option_1_2                               0x20000220   Data          24  menu.o(.data)
    option_1_1                               0x20000238   Data          24  menu.o(.data)
    mode4                                    0x20000250   Data          24  menu.o(.data)
    mode3                                    0x20000268   Data          24  menu.o(.data)
    mode2                                    0x20000280   Data          24  menu.o(.data)
    mode1                                    0x20000298   Data          24  menu.o(.data)
    main_menu                                0x200002b0   Data          24  menu.o(.data)
    Encoder_Value                            0x200002c8   Data           2  my_interrupt.o(.data)
    page                                     0x200002ca   Data           1  my_interrupt.o(.data)
    temp                                     0x200002cc   Data           2  my_interrupt.o(.data)
    msg                                      0x200002d0   Data          24  main.o(.bss)
    htim2                                    0x200002e8   Data          72  main.o(.bss)
    htim3                                    0x20000330   Data          72  main.o(.bss)
    huart1                                   0x20000378   Data          72  main.o(.bss)
    OLED_DisplayBuf                          0x200003c0   Data        1024  oled.o(.bss)
    keys                                     0x200007c0   Data          24  menu.o(.bss)
    cube_vertices                            0x200007d8   Data          80  menu.o(.bss)
    drone_state                              0x20000828   Data          28  my_interrupt.o(.bss)
    Remote_Control                           0x20000844   Data          28  my_interrupt.o(.bss)
    __libspace_start                         0x20000860   Data          96  libspace.o(.bss)
    __temporary_stack_top$libspace           0x200008c0   Data           0  libspace.o(.bss)



==============================================================================

Memory Map of the image

  Image Entry point : 0x080000ed

  Load Region LR_IROM1 (Base: 0x08000000, Size: 0x00005f8c, Max: 0x00010000, ABSOLUTE, COMPRESSED[0x00005da0])

    Execution Region ER_IROM1 (Exec base: 0x08000000, Load base: 0x08000000, Size: 0x00005cbc, Max: 0x00010000, ABSOLUTE)

    Exec Addr    Load Addr    Size         Type   Attr      Idx    E Section Name        Object

    0x08000000   0x08000000   0x000000ec   Data   RO            3    RESET               startup_stm32f103xb.o
    0x080000ec   0x080000ec   0x00000008   Code   RO         3829  * !!!main             c_w.l(__main.o)
    0x080000f4   0x080000f4   0x00000034   Code   RO         4330    !!!scatter          c_w.l(__scatter.o)
    0x08000128   0x08000128   0x0000005a   Code   RO         4328    !!dczerorl2         c_w.l(__dczerorl2.o)
    0x08000182   0x08000182   0x00000002   PAD
    0x08000184   0x08000184   0x0000001c   Code   RO         4332    !!handler_zi        c_w.l(__scatter_zi.o)
    0x080001a0   0x080001a0   0x00000002   Code   RO         4201    .ARM.Collect$$libinit$$00000000  c_w.l(libinit.o)
    0x080001a2   0x080001a2   0x00000000   Code   RO         4214    .ARM.Collect$$libinit$$00000002  c_w.l(libinit2.o)
    0x080001a2   0x080001a2   0x00000000   Code   RO         4216    .ARM.Collect$$libinit$$00000004  c_w.l(libinit2.o)
    0x080001a2   0x080001a2   0x00000000   Code   RO         4219    .ARM.Collect$$libinit$$0000000A  c_w.l(libinit2.o)
    0x080001a2   0x080001a2   0x00000000   Code   RO         4221    .ARM.Collect$$libinit$$0000000C  c_w.l(libinit2.o)
    0x080001a2   0x080001a2   0x00000000   Code   RO         4223    .ARM.Collect$$libinit$$0000000E  c_w.l(libinit2.o)
    0x080001a2   0x080001a2   0x00000000   Code   RO         4226    .ARM.Collect$$libinit$$00000011  c_w.l(libinit2.o)
    0x080001a2   0x080001a2   0x00000000   Code   RO         4228    .ARM.Collect$$libinit$$00000013  c_w.l(libinit2.o)
    0x080001a2   0x080001a2   0x00000000   Code   RO         4230    .ARM.Collect$$libinit$$00000015  c_w.l(libinit2.o)
    0x080001a2   0x080001a2   0x00000000   Code   RO         4232    .ARM.Collect$$libinit$$00000017  c_w.l(libinit2.o)
    0x080001a2   0x080001a2   0x00000000   Code   RO         4234    .ARM.Collect$$libinit$$00000019  c_w.l(libinit2.o)
    0x080001a2   0x080001a2   0x00000000   Code   RO         4236    .ARM.Collect$$libinit$$0000001B  c_w.l(libinit2.o)
    0x080001a2   0x080001a2   0x00000000   Code   RO         4238    .ARM.Collect$$libinit$$0000001D  c_w.l(libinit2.o)
    0x080001a2   0x080001a2   0x00000000   Code   RO         4240    .ARM.Collect$$libinit$$0000001F  c_w.l(libinit2.o)
    0x080001a2   0x080001a2   0x00000000   Code   RO         4242    .ARM.Collect$$libinit$$00000021  c_w.l(libinit2.o)
    0x080001a2   0x080001a2   0x00000000   Code   RO         4244    .ARM.Collect$$libinit$$00000023  c_w.l(libinit2.o)
    0x080001a2   0x080001a2   0x00000000   Code   RO         4246    .ARM.Collect$$libinit$$00000025  c_w.l(libinit2.o)
    0x080001a2   0x080001a2   0x00000000   Code   RO         4250    .ARM.Collect$$libinit$$0000002C  c_w.l(libinit2.o)
    0x080001a2   0x080001a2   0x00000000   Code   RO         4252    .ARM.Collect$$libinit$$0000002E  c_w.l(libinit2.o)
    0x080001a2   0x080001a2   0x00000000   Code   RO         4254    .ARM.Collect$$libinit$$00000030  c_w.l(libinit2.o)
    0x080001a2   0x080001a2   0x00000000   Code   RO         4256    .ARM.Collect$$libinit$$00000032  c_w.l(libinit2.o)
    0x080001a2   0x080001a2   0x00000002   Code   RO         4257    .ARM.Collect$$libinit$$00000033  c_w.l(libinit2.o)
    0x080001a4   0x080001a4   0x00000002   Code   RO         4275    .ARM.Collect$$libshutdown$$00000000  c_w.l(libshutdown.o)
    0x080001a6   0x080001a6   0x00000000   Code   RO         4283    .ARM.Collect$$libshutdown$$00000002  c_w.l(libshutdown2.o)
    0x080001a6   0x080001a6   0x00000000   Code   RO         4285    .ARM.Collect$$libshutdown$$00000004  c_w.l(libshutdown2.o)
    0x080001a6   0x080001a6   0x00000000   Code   RO         4288    .ARM.Collect$$libshutdown$$00000007  c_w.l(libshutdown2.o)
    0x080001a6   0x080001a6   0x00000000   Code   RO         4291    .ARM.Collect$$libshutdown$$0000000A  c_w.l(libshutdown2.o)
    0x080001a6   0x080001a6   0x00000000   Code   RO         4293    .ARM.Collect$$libshutdown$$0000000C  c_w.l(libshutdown2.o)
    0x080001a6   0x080001a6   0x00000000   Code   RO         4296    .ARM.Collect$$libshutdown$$0000000F  c_w.l(libshutdown2.o)
    0x080001a6   0x080001a6   0x00000002   Code   RO         4297    .ARM.Collect$$libshutdown$$00000010  c_w.l(libshutdown2.o)
    0x080001a8   0x080001a8   0x00000000   Code   RO         3941    .ARM.Collect$$rtentry$$00000000  c_w.l(__rtentry.o)
    0x080001a8   0x080001a8   0x00000000   Code   RO         4107    .ARM.Collect$$rtentry$$00000002  c_w.l(__rtentry2.o)
    0x080001a8   0x080001a8   0x00000006   Code   RO         4119    .ARM.Collect$$rtentry$$00000004  c_w.l(__rtentry4.o)
    0x080001ae   0x080001ae   0x00000000   Code   RO         4109    .ARM.Collect$$rtentry$$00000009  c_w.l(__rtentry2.o)
    0x080001ae   0x080001ae   0x00000004   Code   RO         4110    .ARM.Collect$$rtentry$$0000000A  c_w.l(__rtentry2.o)
    0x080001b2   0x080001b2   0x00000000   Code   RO         4112    .ARM.Collect$$rtentry$$0000000C  c_w.l(__rtentry2.o)
    0x080001b2   0x080001b2   0x00000008   Code   RO         4113    .ARM.Collect$$rtentry$$0000000D  c_w.l(__rtentry2.o)
    0x080001ba   0x080001ba   0x00000002   Code   RO         4208    .ARM.Collect$$rtexit$$00000000  c_w.l(rtexit.o)
    0x080001bc   0x080001bc   0x00000000   Code   RO         4259    .ARM.Collect$$rtexit$$00000002  c_w.l(rtexit2.o)
    0x080001bc   0x080001bc   0x00000004   Code   RO         4260    .ARM.Collect$$rtexit$$00000003  c_w.l(rtexit2.o)
    0x080001c0   0x080001c0   0x00000006   Code   RO         4261    .ARM.Collect$$rtexit$$00000004  c_w.l(rtexit2.o)
    0x080001c6   0x080001c6   0x00000002   PAD
    0x080001c8   0x080001c8   0x00000040   Code   RO            4    .text               startup_stm32f103xb.o
    0x08000208   0x08000208   0x00000002   Code   RO         3815    .text               c_w.l(use_no_semi_2.o)
    0x0800020a   0x0800020a   0x00000064   Code   RO         3821    .text               c_w.l(rt_memcpy_w.o)
    0x0800026e   0x0800026e   0x0000004e   Code   RO         3823    .text               c_w.l(rt_memclr_w.o)
    0x080002bc   0x080002bc   0x00000006   Code   RO         3827    .text               c_w.l(heapauxi.o)
    0x080002c2   0x080002c2   0x00000002   Code   RO         3939    .text               c_w.l(use_no_semi.o)
    0x080002c4   0x080002c4   0x00000016   Code   RO         3942    .text               c_w.l(_rserrno.o)
    0x080002da   0x080002da   0x00000002   PAD
    0x080002dc   0x080002dc   0x00000008   Code   RO         4124    .text               c_w.l(rt_errno_addr_intlibspace.o)
    0x080002e4   0x080002e4   0x00000008   Code   RO         4152    .text               c_w.l(libspace.o)
    0x080002ec   0x080002ec   0x0000004a   Code   RO         4155    .text               c_w.l(sys_stackheap_outer.o)
    0x08000336   0x08000336   0x00000012   Code   RO         4194    .text               c_w.l(exit.o)
    0x08000348   0x08000348   0x00000002   Code   RO          254    i.BusFault_Handler  stm32f1xx_it.o
    0x0800034a   0x0800034a   0x00000002   PAD
    0x0800034c   0x0800034c   0x00000024   Code   RO         3365    i.Clamp_Encoder_Count  encoder.o
    0x08000370   0x08000370   0x0000002c   Code   RO         3715    i.DWT_Init          delay.o
    0x0800039c   0x0800039c   0x00000002   Code   RO          255    i.DebugMon_Handler  stm32f1xx_it.o
    0x0800039e   0x0800039e   0x00000002   PAD
    0x080003a0   0x080003a0   0x0000001c   Code   RO         3716    i.Delay_ms          delay.o
    0x080003bc   0x080003bc   0x00000018   Code   RO         3719    i.Delay_us          delay.o
    0x080003d4   0x080003d4   0x0000012c   Code   RO         3493    i.Draw_Cube_By_Graph  draw_3d.o
    0x08000500   0x08000500   0x00000098   Code   RO         3366    i.Encoder_Init      encoder.o
    0x08000598   0x08000598   0x00000004   Code   RO           13    i.Error_Handler     main.o
    0x0800059c   0x0800059c   0x00000014   Code   RO         3367    i.Get_Encoder_Count  encoder.o
    0x080005b0   0x080005b0   0x000001e0   Code   RO         1716    i.HAL_GPIO_Init     stm32f1xx_hal_gpio.o
    0x08000790   0x08000790   0x0000000a   Code   RO         1718    i.HAL_GPIO_ReadPin  stm32f1xx_hal_gpio.o
    0x0800079a   0x0800079a   0x0000000a   Code   RO         1720    i.HAL_GPIO_WritePin  stm32f1xx_hal_gpio.o
    0x080007a4   0x080007a4   0x0000000c   Code   RO         1410    i.HAL_GetTick       stm32f1xx_hal.o
    0x080007b0   0x080007b0   0x00000010   Code   RO         1416    i.HAL_IncTick       stm32f1xx_hal.o
    0x080007c0   0x080007c0   0x00000024   Code   RO         1417    i.HAL_Init          stm32f1xx_hal.o
    0x080007e4   0x080007e4   0x00000040   Code   RO         1418    i.HAL_InitTick      stm32f1xx_hal.o
    0x08000824   0x08000824   0x0000003c   Code   RO          342    i.HAL_MspInit       stm32f1xx_hal_msp.o
    0x08000860   0x08000860   0x00000090   Code   RO         2383    i.HAL_MultiProcessor_Init  stm32f1xx_hal_uart.o
    0x080008f0   0x080008f0   0x0000001a   Code   RO         1876    i.HAL_NVIC_EnableIRQ  stm32f1xx_hal_cortex.o
    0x0800090a   0x0800090a   0x00000002   PAD
    0x0800090c   0x0800090c   0x00000040   Code   RO         1882    i.HAL_NVIC_SetPriority  stm32f1xx_hal_cortex.o
    0x0800094c   0x0800094c   0x00000024   Code   RO         1883    i.HAL_NVIC_SetPriorityGrouping  stm32f1xx_hal_cortex.o
    0x08000970   0x08000970   0x0000012c   Code   RO         1574    i.HAL_RCC_ClockConfig  stm32f1xx_hal_rcc.o
    0x08000a9c   0x08000a9c   0x00000020   Code   RO         1581    i.HAL_RCC_GetPCLK1Freq  stm32f1xx_hal_rcc.o
    0x08000abc   0x08000abc   0x00000020   Code   RO         1582    i.HAL_RCC_GetPCLK2Freq  stm32f1xx_hal_rcc.o
    0x08000adc   0x08000adc   0x0000004c   Code   RO         1583    i.HAL_RCC_GetSysClockFreq  stm32f1xx_hal_rcc.o
    0x08000b28   0x08000b28   0x00000320   Code   RO         1586    i.HAL_RCC_OscConfig  stm32f1xx_hal_rcc.o
    0x08000e48   0x08000e48   0x00000028   Code   RO         1887    i.HAL_SYSTICK_Config  stm32f1xx_hal_cortex.o
    0x08000e70   0x08000e70   0x00000002   Code   RO         1132    i.HAL_TIMEx_BreakCallback  stm32f1xx_hal_tim_ex.o
    0x08000e72   0x08000e72   0x00000002   Code   RO         1133    i.HAL_TIMEx_CommutCallback  stm32f1xx_hal_tim_ex.o
    0x08000e74   0x08000e74   0x00000068   Code   RO         1151    i.HAL_TIMEx_MasterConfigSynchronization  stm32f1xx_hal_tim_ex.o
    0x08000edc   0x08000edc   0x0000005a   Code   RO          428    i.HAL_TIM_Base_Init  stm32f1xx_hal_tim.o
    0x08000f36   0x08000f36   0x00000002   PAD
    0x08000f38   0x08000f38   0x0000008c   Code   RO          344    i.HAL_TIM_Base_MspInit  stm32f1xx_hal_msp.o
    0x08000fc4   0x08000fc4   0x00000058   Code   RO          433    i.HAL_TIM_Base_Start_IT  stm32f1xx_hal_tim.o
    0x0800101c   0x0800101c   0x000000dc   Code   RO          437    i.HAL_TIM_ConfigClockSource  stm32f1xx_hal_tim.o
    0x080010f8   0x080010f8   0x000000a4   Code   RO          449    i.HAL_TIM_Encoder_Init  stm32f1xx_hal_tim.o
    0x0800119c   0x0800119c   0x00000002   Code   RO          451    i.HAL_TIM_Encoder_MspInit  stm32f1xx_hal_tim.o
    0x0800119e   0x0800119e   0x0000008e   Code   RO          452    i.HAL_TIM_Encoder_Start  stm32f1xx_hal_tim.o
    0x0800122c   0x0800122c   0x00000002   Code   RO          462    i.HAL_TIM_IC_CaptureCallback  stm32f1xx_hal_tim.o
    0x0800122e   0x0800122e   0x00000124   Code   RO          464    i.HAL_TIM_IC_ConfigChannel  stm32f1xx_hal_tim.o
    0x08001352   0x08001352   0x0000005a   Code   RO          467    i.HAL_TIM_IC_Init   stm32f1xx_hal_tim.o
    0x080013ac   0x080013ac   0x00000002   Code   RO          469    i.HAL_TIM_IC_MspInit  stm32f1xx_hal_tim.o
    0x080013ae   0x080013ae   0x00000130   Code   RO          476    i.HAL_TIM_IRQHandler  stm32f1xx_hal_tim.o
    0x080014de   0x080014de   0x00000002   Code   RO          479    i.HAL_TIM_OC_DelayElapsedCallback  stm32f1xx_hal_tim.o
    0x080014e0   0x080014e0   0x00000002   Code   RO          506    i.HAL_TIM_PWM_PulseFinishedCallback  stm32f1xx_hal_tim.o
    0x080014e2   0x080014e2   0x00000002   PAD
    0x080014e4   0x080014e4   0x000000e0   Code   RO         3766    i.HAL_TIM_PeriodElapsedCallback  my_interrupt.o
    0x080015c4   0x080015c4   0x00000002   Code   RO          519    i.HAL_TIM_TriggerCallback  stm32f1xx_hal_tim.o
    0x080015c6   0x080015c6   0x00000002   PAD
    0x080015c8   0x080015c8   0x00000070   Code   RO          346    i.HAL_UART_MspInit  stm32f1xx_hal_msp.o
    0x08001638   0x08001638   0x00000002   Code   RO          256    i.HardFault_Handler  stm32f1xx_it.o
    0x0800163a   0x0800163a   0x00000092   Code   RO         2777    i.MPU6050_GetData   mpu6050.o
    0x080016cc   0x080016cc   0x00000040   Code   RO         2779    i.MPU6050_Init      mpu6050.o
    0x0800170c   0x0800170c   0x0000003e   Code   RO         2780    i.MPU6050_ReadReg   mpu6050.o
    0x0800174a   0x0800174a   0x00000030   Code   RO         2781    i.MPU6050_WriteReg  mpu6050.o
    0x0800177a   0x0800177a   0x00000002   PAD
    0x0800177c   0x0800177c   0x00000080   Code   RO           14    i.MX_GPIO_Init      main.o
    0x080017fc   0x080017fc   0x00000068   Code   RO           15    i.MX_TIM2_Init      main.o
    0x08001864   0x08001864   0x000000a8   Code   RO           16    i.MX_TIM3_Init      main.o
    0x0800190c   0x0800190c   0x00000002   Code   RO          257    i.MemManage_Handler  stm32f1xx_it.o
    0x0800190e   0x0800190e   0x00000002   PAD
    0x08001910   0x08001910   0x0000003c   Code   RO         2834    i.MyI2C_GPIO_Init   myi2c.o
    0x0800194c   0x0800194c   0x00000010   Code   RO         2835    i.MyI2C_R_SDA       myi2c.o
    0x0800195c   0x0800195c   0x0000001e   Code   RO         2836    i.MyI2C_ReceiveAck  myi2c.o
    0x0800197a   0x0800197a   0x00000034   Code   RO         2837    i.MyI2C_ReceiveByte  myi2c.o
    0x080019ae   0x080019ae   0x00000016   Code   RO         2838    i.MyI2C_SendAck     myi2c.o
    0x080019c4   0x080019c4   0x00000028   Code   RO         2839    i.MyI2C_SendByte    myi2c.o
    0x080019ec   0x080019ec   0x0000001e   Code   RO         2840    i.MyI2C_Start       myi2c.o
    0x08001a0a   0x08001a0a   0x00000018   Code   RO         2841    i.MyI2C_Stop        myi2c.o
    0x08001a22   0x08001a22   0x00000002   PAD
    0x08001a24   0x08001a24   0x0000001c   Code   RO         2842    i.MyI2C_W_SCL       myi2c.o
    0x08001a40   0x08001a40   0x0000001c   Code   RO         2843    i.MyI2C_W_SDA       myi2c.o
    0x08001a5c   0x08001a5c   0x00000002   Code   RO          258    i.NMI_Handler       stm32f1xx_it.o
    0x08001a5e   0x08001a5e   0x00000018   Code   RO         3205    i.NRF24L01_FlushRx  nrf24l01.o
    0x08001a76   0x08001a76   0x00000018   Code   RO         3206    i.NRF24L01_FlushTx  nrf24l01.o
    0x08001a8e   0x08001a8e   0x00000002   PAD
    0x08001a90   0x08001a90   0x00000064   Code   RO         3207    i.NRF24L01_GPIO_Init  nrf24l01.o
    0x08001af4   0x08001af4   0x0000006c   Code   RO         3208    i.NRF24L01_Init     nrf24l01.o
    0x08001b60   0x08001b60   0x00000018   Code   RO         3210    i.NRF24L01_R_MISO   nrf24l01.o
    0x08001b78   0x08001b78   0x00000022   Code   RO         3211    i.NRF24L01_ReadReg  nrf24l01.o
    0x08001b9a   0x08001b9a   0x00000030   Code   RO         3213    i.NRF24L01_ReadRxPayload  nrf24l01.o
    0x08001bca   0x08001bca   0x0000001a   Code   RO         3214    i.NRF24L01_ReadStatus  nrf24l01.o
    0x08001be4   0x08001be4   0x0000004c   Code   RO         3215    i.NRF24L01_Receive  nrf24l01.o
    0x08001c30   0x08001c30   0x00000028   Code   RO         3216    i.NRF24L01_Rx       nrf24l01.o
    0x08001c58   0x08001c58   0x0000003a   Code   RO         3217    i.NRF24L01_SPI_SwapByte  nrf24l01.o
    0x08001c92   0x08001c92   0x00000002   PAD
    0x08001c94   0x08001c94   0x00000078   Code   RO         3218    i.NRF24L01_Send     nrf24l01.o
    0x08001d0c   0x08001d0c   0x0000002c   Code   RO         3220    i.NRF24L01_Tx       nrf24l01.o
    0x08001d38   0x08001d38   0x00000014   Code   RO         3222    i.NRF24L01_W_CE     nrf24l01.o
    0x08001d4c   0x08001d4c   0x00000014   Code   RO         3223    i.NRF24L01_W_CSN    nrf24l01.o
    0x08001d60   0x08001d60   0x00000014   Code   RO         3224    i.NRF24L01_W_MOSI   nrf24l01.o
    0x08001d74   0x08001d74   0x00000014   Code   RO         3225    i.NRF24L01_W_SCK    nrf24l01.o
    0x08001d88   0x08001d88   0x00000024   Code   RO         3226    i.NRF24L01_WriteReg  nrf24l01.o
    0x08001dac   0x08001dac   0x00000032   Code   RO         3227    i.NRF24L01_WriteRegs  nrf24l01.o
    0x08001dde   0x08001dde   0x0000002e   Code   RO         3228    i.NRF24L01_WriteTxPayload  nrf24l01.o
    0x08001e0c   0x08001e0c   0x00000028   Code   RO         2910    i.OLED_Clear        oled.o
    0x08001e34   0x08001e34   0x0000005c   Code   RO         2911    i.OLED_ClearArea    oled.o
    0x08001e90   0x08001e90   0x000000ea   Code   RO         2915    i.OLED_DrawLine     oled.o
    0x08001f7a   0x08001f7a   0x00000002   PAD
    0x08001f7c   0x08001f7c   0x00000090   Code   RO         3618    i.OLED_DrawMenu     menu.o
    0x0800200c   0x0800200c   0x00000034   Code   RO         2916    i.OLED_DrawPoint    oled.o
    0x08002040   0x08002040   0x00000080   Code   RO         3496    i.OLED_DrawProgressBar  draw_3d.o
    0x080020c0   0x080020c0   0x00000074   Code   RO         2917    i.OLED_DrawRectangle  oled.o
    0x08002134   0x08002134   0x00000026   Code   RO         2919    i.OLED_GPIO_Init    oled.o
    0x0800215a   0x0800215a   0x0000003a   Code   RO         2921    i.OLED_I2C_SendByte  oled.o
    0x08002194   0x08002194   0x0000001e   Code   RO         2922    i.OLED_I2C_Start    oled.o
    0x080021b2   0x080021b2   0x00000018   Code   RO         2923    i.OLED_I2C_Stop     oled.o
    0x080021ca   0x080021ca   0x0000009c   Code   RO         2924    i.OLED_Init         oled.o
    0x08002266   0x08002266   0x0000000e   Code   RO         2926    i.OLED_Pow          oled.o
    0x08002274   0x08002274   0x00000022   Code   RO         2930    i.OLED_SetCursor    oled.o
    0x08002296   0x08002296   0x00000002   PAD
    0x08002298   0x08002298   0x0000003c   Code   RO         2932    i.OLED_ShowChar     oled.o
    0x080022d4   0x080022d4   0x000000be   Code   RO         2934    i.OLED_ShowFloatNum  oled.o
    0x08002392   0x08002392   0x00000002   PAD
    0x08002394   0x08002394   0x000000bc   Code   RO         2936    i.OLED_ShowImage    oled.o
    0x08002450   0x08002450   0x00000046   Code   RO         2937    i.OLED_ShowNum      oled.o
    0x08002496   0x08002496   0x0000002c   Code   RO         2939    i.OLED_ShowString   oled.o
    0x080024c2   0x080024c2   0x00000002   PAD
    0x080024c4   0x080024c4   0x00000028   Code   RO         2940    i.OLED_Update       oled.o
    0x080024ec   0x080024ec   0x00000010   Code   RO         2942    i.OLED_W_SCL        oled.o
    0x080024fc   0x080024fc   0x00000010   Code   RO         2943    i.OLED_W_SDA        oled.o
    0x0800250c   0x0800250c   0x00000022   Code   RO         2944    i.OLED_WriteCommand  oled.o
    0x0800252e   0x0800252e   0x00000030   Code   RO         2945    i.OLED_WriteData    oled.o
    0x0800255e   0x0800255e   0x00000002   PAD
    0x08002560   0x08002560   0x000000b8   Code   RO         3767    i.PackNRF24L01Packet  my_interrupt.o
    0x08002618   0x08002618   0x00000002   Code   RO          259    i.PendSV_Handler    stm32f1xx_it.o
    0x0800261a   0x0800261a   0x00000002   Code   RO          260    i.SVC_Handler       stm32f1xx_it.o
    0x0800261c   0x0800261c   0x00000004   Code   RO          261    i.SysTick_Handler   stm32f1xx_it.o
    0x08002620   0x08002620   0x0000005e   Code   RO           17    i.SystemClock_Config  main.o
    0x0800267e   0x0800267e   0x00000002   Code   RO         2740    i.SystemInit        system_stm32f1xx.o
    0x08002680   0x08002680   0x0000000c   Code   RO          262    i.TIM2_IRQHandler   stm32f1xx_it.o
    0x0800268c   0x0800268c   0x0000000c   Code   RO          263    i.TIM3_IRQHandler   stm32f1xx_it.o
    0x08002698   0x08002698   0x00000078   Code   RO          521    i.TIM_Base_SetConfig  stm32f1xx_hal_tim.o
    0x08002710   0x08002710   0x0000001a   Code   RO          522    i.TIM_CCxChannelCmd  stm32f1xx_hal_tim.o
    0x0800272a   0x0800272a   0x00000014   Code   RO          532    i.TIM_ETR_SetConfig  stm32f1xx_hal_tim.o
    0x0800273e   0x0800273e   0x00000010   Code   RO          533    i.TIM_ITRx_SetConfig  stm32f1xx_hal_tim.o
    0x0800274e   0x0800274e   0x00000022   Code   RO          539    i.TIM_TI1_ConfigInputStage  stm32f1xx_hal_tim.o
    0x08002770   0x08002770   0x00000058   Code   RO          540    i.TIM_TI1_SetConfig  stm32f1xx_hal_tim.o
    0x080027c8   0x080027c8   0x00000024   Code   RO          541    i.TIM_TI2_ConfigInputStage  stm32f1xx_hal_tim.o
    0x080027ec   0x080027ec   0x00000036   Code   RO          542    i.TIM_TI2_SetConfig  stm32f1xx_hal_tim.o
    0x08002822   0x08002822   0x00000002   PAD
    0x08002824   0x08002824   0x000000b8   Code   RO         2432    i.UART_SetConfig    stm32f1xx_hal_uart.o
    0x080028dc   0x080028dc   0x000000ac   Code   RO         3768    i.UnpackNRF24L01Packet  my_interrupt.o
    0x08002988   0x08002988   0x00000002   Code   RO          264    i.UsageFault_Handler  stm32f1xx_it.o
    0x0800298a   0x0800298a   0x00000026   Code   RO         4086    i.__ARM_fpclassifyf  m_ws.l(fpclassifyf.o)
    0x080029b0   0x080029b0   0x00000020   Code   RO         1889    i.__NVIC_SetPriority  stm32f1xx_hal_cortex.o
    0x080029d0   0x080029d0   0x00000006   Code   RO         4089    i.__mathlib_flt_infnan  m_ws.l(funder.o)
    0x080029d6   0x080029d6   0x00000004   Code   RO         4090    i.__mathlib_flt_infnan2  m_ws.l(funder.o)
    0x080029da   0x080029da   0x00000008   Code   RO         4091    i.__mathlib_flt_invalid  m_ws.l(funder.o)
    0x080029e2   0x080029e2   0x0000000a   Code   RO         4094    i.__mathlib_flt_underflow  m_ws.l(funder.o)
    0x080029ec   0x080029ec   0x00000168   Code   RO         4103    i.__mathlib_rredf2  m_ws.l(rredf.o)
    0x08002b54   0x08002b54   0x00000002   Code   RO           19    i._sys_exit         main.o
    0x08002b56   0x08002b56   0x00000002   PAD
    0x08002b58   0x08002b58   0x00000124   Code   RO         3890    i.asinf             m_ws.l(asinf.o)
    0x08002c7c   0x08002c7c   0x0000025c   Code   RO         3906    i.atan2f            m_ws.l(atan2f.o)
    0x08002ed8   0x08002ed8   0x00000018   Code   RO         3404    i.begin             madgwickahrs.o
    0x08002ef0   0x08002ef0   0x000000c4   Code   RO         3405    i.computeAngles     madgwickahrs.o
    0x08002fb4   0x08002fb4   0x0000017c   Code   RO         3914    i.cosf              m_ws.l(cosf.o)
    0x08003130   0x08003130   0x00000050   Code   RO           21    i.dataGetAndFilter  main.o
    0x08003180   0x08003180   0x000000b4   Code   RO           22    i.dataGetERROR      main.o
    0x08003234   0x08003234   0x0000013c   Code   RO         3498    i.euler_to_quaternion_1  draw_3d.o
    0x08003370   0x08003370   0x000000cc   Code   RO         3500    i.generate_cube_graph  draw_3d.o
    0x0800343c   0x0800343c   0x000001f0   Code   RO           24    i.getMPU6050Data    main.o
    0x0800362c   0x0800362c   0x00000020   Code   RO         3406    i.getPitch          madgwickahrs.o
    0x0800364c   0x0800364c   0x00000020   Code   RO         3408    i.getRoll           madgwickahrs.o
    0x0800366c   0x0800366c   0x00000020   Code   RO         3410    i.getYaw            madgwickahrs.o
    0x0800368c   0x0800368c   0x00000038   Code   RO         3619    i.get_menu_action   menu.o
    0x080036c4   0x080036c4   0x00000070   Code   RO         3621    i.init_menu_parents  menu.o
    0x08003734   0x08003734   0x00000058   Code   RO         3412    i.invSqrt           madgwickahrs.o
    0x0800378c   0x0800378c   0x0000016c   Code   RO           25    i.main              main.o
    0x080038f8   0x080038f8   0x00000014   Code   RO         3622    i.main_menu_func    menu.o
    0x0800390c   0x0800390c   0x00000020   Code   RO         3623    i.menu_get_prev_sibling  menu.o
    0x0800392c   0x0800392c   0x0000003c   Code   RO         3624    i.menu_navigate     menu.o
    0x08003968   0x08003968   0x00000014   Code   RO         3625    i.mode_func         menu.o
    0x0800397c   0x0800397c   0x00000014   Code   RO         3626    i.option_func       menu.o
    0x08003990   0x08003990   0x00000016   Code   RO         3501    i.quat_conjugate    draw_3d.o
    0x080039a6   0x080039a6   0x00000118   Code   RO         3502    i.quat_mult         draw_3d.o
    0x08003abe   0x08003abe   0x00000084   Code   RO         3504    i.quat_rotate_vector_arry  draw_3d.o
    0x08003b42   0x08003b42   0x00000002   PAD
    0x08003b44   0x08003b44   0x000000dc   Code   RO         3627    i.read_to_fly       menu.o
    0x08003c20   0x08003c20   0x00000094   Code   RO         3921    i.round             m_ws.l(round.o)
    0x08003cb4   0x08003cb4   0x00000090   Code   RO         3628    i.scan_keys         menu.o
    0x08003d44   0x08003d44   0x00000188   Code   RO         3924    i.sinf              m_ws.l(sinf.o)
    0x08003ecc   0x08003ecc   0x0000002c   Code   RO         3932    i.sqrtf             m_ws.l(sqrtf.o)
    0x08003ef8   0x08003ef8   0x000004ba   Code   RO         3414    i.updateIMU         madgwickahrs.o
    0x080043b2   0x080043b2   0x00000002   PAD
    0x080043b4   0x080043b4   0x00000062   Code   RO         3831    x$fpl$d2f           fz_ws.l(d2f.o)
    0x08004416   0x08004416   0x00000002   PAD
    0x08004418   0x08004418   0x00000150   Code   RO         3833    x$fpl$dadd          fz_ws.l(daddsub_clz.o)
    0x08004568   0x08004568   0x00000018   Code   RO         4035    x$fpl$dcmpinf       fz_ws.l(dcmpi.o)
    0x08004580   0x08004580   0x0000005a   Code   RO         3847    x$fpl$dfixu         fz_ws.l(dfixu.o)
    0x080045da   0x080045da   0x00000026   Code   RO         3851    x$fpl$dfltu         fz_ws.l(dflt_clz.o)
    0x08004600   0x08004600   0x00000078   Code   RO         3857    x$fpl$dleqf         fz_ws.l(dleqf.o)
    0x08004678   0x08004678   0x00000154   Code   RO         3859    x$fpl$dmul          fz_ws.l(dmul.o)
    0x080047cc   0x080047cc   0x0000009c   Code   RO         4037    x$fpl$dnaninf       fz_ws.l(dnaninf.o)
    0x08004868   0x08004868   0x0000000c   Code   RO         4039    x$fpl$dretinf       fz_ws.l(dretinf.o)
    0x08004874   0x08004874   0x0000006c   Code   RO         3861    x$fpl$drleqf        fz_ws.l(drleqf.o)
    0x080048e0   0x080048e0   0x000000b4   Code   RO         4041    x$fpl$drnd          fz_ws.l(drnd.o)
    0x08004994   0x08004994   0x00000016   Code   RO         3834    x$fpl$drsb          fz_ws.l(daddsub_clz.o)
    0x080049aa   0x080049aa   0x00000002   PAD
    0x080049ac   0x080049ac   0x000001d4   Code   RO         3835    x$fpl$dsub          fz_ws.l(daddsub_clz.o)
    0x08004b80   0x08004b80   0x00000056   Code   RO         3863    x$fpl$f2d           fz_ws.l(f2d.o)
    0x08004bd6   0x08004bd6   0x00000002   PAD
    0x08004bd8   0x08004bd8   0x000000c4   Code   RO         3865    x$fpl$fadd          fz_ws.l(faddsub_clz.o)
    0x08004c9c   0x08004c9c   0x0000000c   Code   RO         4043    x$fpl$fcheck1       fz_ws.l(fcheck1.o)
    0x08004ca8   0x08004ca8   0x00000184   Code   RO         3872    x$fpl$fdiv          fz_ws.l(fdiv.o)
    0x08004e2c   0x08004e2c   0x00000036   Code   RO         3875    x$fpl$ffix          fz_ws.l(ffix.o)
    0x08004e62   0x08004e62   0x00000002   PAD
    0x08004e64   0x08004e64   0x00000030   Code   RO         3880    x$fpl$fflt          fz_ws.l(fflt_clz.o)
    0x08004e94   0x08004e94   0x00000026   Code   RO         3879    x$fpl$ffltu         fz_ws.l(fflt_clz.o)
    0x08004eba   0x08004eba   0x00000002   PAD
    0x08004ebc   0x08004ebc   0x00000102   Code   RO         3885    x$fpl$fmul          fz_ws.l(fmul.o)
    0x08004fbe   0x08004fbe   0x0000008c   Code   RO         4045    x$fpl$fnaninf       fz_ws.l(fnaninf.o)
    0x0800504a   0x0800504a   0x0000000a   Code   RO         4047    x$fpl$fretinf       fz_ws.l(fretinf.o)
    0x08005054   0x08005054   0x00000060   Code   RO         4049    x$fpl$frnd          fz_ws.l(frnd.o)
    0x080050b4   0x080050b4   0x00000014   Code   RO         3866    x$fpl$frsb          fz_ws.l(faddsub_clz.o)
    0x080050c8   0x080050c8   0x00000110   Code   RO         4051    x$fpl$fsqrt         fz_ws.l(fsqrt.o)
    0x080051d8   0x080051d8   0x000000ea   Code   RO         3867    x$fpl$fsub          fz_ws.l(faddsub_clz.o)
    0x080052c2   0x080052c2   0x00000064   Code   RO         4144    x$fpl$retnan        fz_ws.l(retnan.o)
    0x08005326   0x08005326   0x0000004c   Code   RO         3887    x$fpl$scalbnf       fz_ws.l(scalbnf.o)
    0x08005372   0x08005372   0x00000030   Code   RO         4206    x$fpl$trapveneer    fz_ws.l(trapv.o)
    0x080053a2   0x080053a2   0x00000000   Code   RO         4061    x$fpl$usenofp       fz_ws.l(usenofp.o)
    0x080053a2   0x080053a2   0x00000012   Data   RO         1587    .constdata          stm32f1xx_hal_rcc.o
    0x080053b4   0x080053b4   0x00000010   Data   RO         2741    .constdata          system_stm32f1xx.o
    0x080053c4   0x080053c4   0x00000008   Data   RO         2742    .constdata          system_stm32f1xx.o
    0x080053cc   0x080053cc   0x000005f0   Data   RO         3157    .constdata          oled_data.o
    0x080059bc   0x080059bc   0x0000023a   Data   RO         3158    .constdata          oled_data.o
    0x08005bf6   0x08005bf6   0x00000002   PAD
    0x08005bf8   0x08005bf8   0x00000018   Data   RO         3505    .constdata          draw_3d.o
    0x08005c10   0x08005c10   0x0000000c   Data   RO         3630    .constdata          menu.o
    0x08005c1c   0x08005c1c   0x00000020   Data   RO         4104    .constdata          m_ws.l(rredf.o)
    0x08005c3c   0x08005c3c   0x00000060   Data   RO         3631    .conststring        menu.o
    0x08005c9c   0x08005c9c   0x00000020   Data   RO         4326    Region$$Table       anon$$obj.o


    Execution Region RW_IRAM1 (Exec base: 0x20000000, Load base: 0x08005cbc, Size: 0x00000ec0, Max: 0x00005000, ABSOLUTE, COMPRESSED[0x000000e4])

    Exec Addr    Load Addr    Size         Type   Attr      Idx    E Section Name        Object

    0x20000000   COMPRESSED   0x00000050   Data   RW           27    .data               main.o
    0x20000050   COMPRESSED   0x00000001   Data   RW           28    .data               main.o
    0x20000051   COMPRESSED   0x00000003   PAD
    0x20000054   COMPRESSED   0x0000000c   Data   RW         1424    .data               stm32f1xx_hal.o
    0x20000060   COMPRESSED   0x00000004   Data   RW         2743    .data               system_stm32f1xx.o
    0x20000064   COMPRESSED   0x0000001a   Data   RW         3229    .data               nrf24l01.o
    0x2000007e   COMPRESSED   0x00000002   PAD
    0x20000080   COMPRESSED   0x00000028   Data   RW         3415    .data               madgwickahrs.o
    0x200000a8   COMPRESSED   0x00000018   Data   RW         3506    .data               draw_3d.o
    0x200000c0   COMPRESSED   0x00000208   Data   RW         3632    .data               menu.o
    0x200002c8   COMPRESSED   0x00000002   Data   RW         3770    .data               my_interrupt.o
    0x200002ca   COMPRESSED   0x00000001   Data   RW         3771    .data               my_interrupt.o
    0x200002cb   COMPRESSED   0x00000001   PAD
    0x200002cc   COMPRESSED   0x00000002   Data   RW         3772    .data               my_interrupt.o
    0x200002ce   COMPRESSED   0x00000002   PAD
    0x200002d0        -       0x000000f0   Zero   RW           26    .bss                main.o
    0x200003c0        -       0x00000400   Zero   RW         2947    .bss                oled.o
    0x200007c0        -       0x00000068   Zero   RW         3629    .bss                menu.o
    0x20000828        -       0x00000038   Zero   RW         3769    .bss                my_interrupt.o
    0x20000860        -       0x00000060   Zero   RW         4153    .bss                c_w.l(libspace.o)
    0x200008c0        -       0x00000200   Zero   RW            2    HEAP                startup_stm32f103xb.o
    0x20000ac0        -       0x00000400   Zero   RW            1    STACK               startup_stm32f103xb.o


==============================================================================

Image component sizes


      Code (inc. data)   RO Data    RW Data    ZI Data      Debug   Object Name

         0          0          0          0          0        756   3d_map.o
        96         22          0          0          0       1653   delay.o
      1382         22         24         24          0       7253   draw_3d.o
       208         28          0          0          0       1891   encoder.o
      1614         52          0         40          0       4405   madgwickahrs.o
      1620        148          0         81        240     435030   main.o
       828         92        108        520        104       8015   menu.o
       320          0          0          0          0       2686   mpu6050.o
       580         62          0          5         56       3734   my_interrupt.o
       330         18          0          0          0       4995   myi2c.o
       938         46          0         26          0      11299   nrf24l01.o
      1594         44          0          0       1024      13951   oled.o
         0          0       2090          0          0       1042   oled_data.o
        64         26        236          0       1536        788   startup_stm32f103xb.o
       128         24          0         12          0       5145   stm32f1xx_hal.o
       198         14          0          0          0      28803   stm32f1xx_hal_cortex.o
       500         34          0          0          0       3423   stm32f1xx_hal_gpio.o
       312         34          0          0          0       2244   stm32f1xx_hal_msp.o
      1240         84         18          0          0       4980   stm32f1xx_hal_rcc.o
      1796         36          0          0          0      16120   stm32f1xx_hal_tim.o
       108         12          0          0          0       2313   stm32f1xx_hal_tim_ex.o
       328          6          0          0          0       2002   stm32f1xx_hal_uart.o
        44         12          0          0          0       4494   stm32f1xx_it.o
         2          0         24          4          0       1047   system_stm32f1xx.o

    ----------------------------------------------------------------------
     14270        816       2534        720       2960     568069   Object Totals
         0          0         32          0          0          0   (incl. Generated)
        40          0          2          8          0          0   (incl. Padding)

    ----------------------------------------------------------------------

      Code (inc. data)   RO Data    RW Data    ZI Data      Debug   Library Member Name

        90          0          0          0          0          0   __dczerorl2.o
         8          0          0          0          0         68   __main.o
         0          0          0          0          0          0   __rtentry.o
        12          0          0          0          0          0   __rtentry2.o
         6          0          0          0          0          0   __rtentry4.o
        52          8          0          0          0          0   __scatter.o
        28          0          0          0          0          0   __scatter_zi.o
        22          0          0          0          0        100   _rserrno.o
        18          0          0          0          0         80   exit.o
         6          0          0          0          0        152   heapauxi.o
         2          0          0          0          0          0   libinit.o
         2          0          0          0          0          0   libinit2.o
         2          0          0          0          0          0   libshutdown.o
         2          0          0          0          0          0   libshutdown2.o
         8          4          0          0         96         68   libspace.o
         8          4          0          0          0         68   rt_errno_addr_intlibspace.o
        78          0          0          0          0         80   rt_memclr_w.o
       100          0          0          0          0         80   rt_memcpy_w.o
         2          0          0          0          0          0   rtexit.o
        10          0          0          0          0          0   rtexit2.o
        74          0          0          0          0         80   sys_stackheap_outer.o
         2          0          0          0          0         68   use_no_semi.o
         2          0          0          0          0         68   use_no_semi_2.o
        98          4          0          0          0         92   d2f.o
       826         16          0          0          0        348   daddsub_clz.o
        24          0          0          0          0         68   dcmpi.o
        90          4          0          0          0         92   dfixu.o
        38          0          0          0          0         68   dflt_clz.o
       120          4          0          0          0         92   dleqf.o
       340         12          0          0          0        104   dmul.o
       156          4          0          0          0         92   dnaninf.o
        12          0          0          0          0         68   dretinf.o
       108          0          0          0          0         80   drleqf.o
       180          4          0          0          0         80   drnd.o
        86          4          0          0          0         84   f2d.o
       450          8          0          0          0        236   faddsub_clz.o
        12          4          0          0          0         68   fcheck1.o
       388         76          0          0          0         96   fdiv.o
        54          4          0          0          0         84   ffix.o
        86          0          0          0          0        136   fflt_clz.o
       258          4          0          0          0         84   fmul.o
       140          4          0          0          0         84   fnaninf.o
        10          0          0          0          0         68   fretinf.o
        96          4          0          0          0         76   frnd.o
       272        100          0          0          0         88   fsqrt.o
       100          0          0          0          0         68   retnan.o
        76          0          0          0          0         68   scalbnf.o
        48          0          0          0          0         68   trapv.o
         0          0          0          0          0          0   usenofp.o
       292         38          0          0          0        120   asinf.o
       604         76          0          0          0        116   atan2f.o
       380         52          0          0          0        124   cosf.o
        38          0          0          0          0         68   fpclassifyf.o
        28          0          0          0          0        272   funder.o
       148         12          0          0          0         88   round.o
       360         16         32          0          0         88   rredf.o
       392         54          0          0          0        124   sinf.o
        44          0          0          0          0         80   sqrtf.o

    ----------------------------------------------------------------------
      6904        520         32          0         96       4484   Library Totals
        16          0          0          0          0          0   (incl. Padding)

    ----------------------------------------------------------------------

      Code (inc. data)   RO Data    RW Data    ZI Data      Debug   Library Name

       534         16          0          0         96        912   c_w.l
      4068        256          0          0          0       2492   fz_ws.l
      2286        248         32          0          0       1080   m_ws.l

    ----------------------------------------------------------------------
      6904        520         32          0         96       4484   Library Totals

    ----------------------------------------------------------------------

==============================================================================


      Code (inc. data)   RO Data    RW Data    ZI Data      Debug   

     21174       1336       2566        720       3056     562149   Grand Totals
     21174       1336       2566        228       3056     562149   ELF Image Totals (compressed)
     21174       1336       2566        228          0          0   ROM Totals

==============================================================================

    Total RO  Size (Code + RO Data)                23740 (  23.18kB)
    Total RW  Size (RW Data + ZI Data)              3776 (   3.69kB)
    Total ROM Size (Code + RO Data + RW Data)      23968 (  23.41kB)

==============================================================================

